2025-11-02 14:17:01.279 [main] WARN  com.alibaba.nacos.client.logging.NacosLogging - Load Logback Configuration of Nacos fail, message: Could not initialize Logback Nacos logging from classpath:nacos-logback.xml
2025-11-02 14:17:01.321 [main] WARN  com.alibaba.nacos.client.logging.NacosLogging - Load Logback Configuration of Nacos fail, message: Could not initialize Logback Nacos logging from classpath:nacos-logback.xml
2025-11-02 14:17:01.478 [main] WARN  com.alibaba.nacos.client.logging.NacosLogging - Load Logback Configuration of Nacos fail, message: Could not initialize Logback Nacos logging from classpath:nacos-logback.xml
2025-11-02 14:17:01.480 [main] INFO  com.alibaba.nacos.client.utils.ParamUtil - [settings] [req-serv] nacos-server port:8848
2025-11-02 14:17:01.480 [main] INFO  com.alibaba.nacos.client.utils.ParamUtil - [settings] [http-client] connect timeout:1000
2025-11-02 14:17:01.480 [main] INFO  com.alibaba.nacos.client.utils.ParamUtil - PER_TASK_CONFIG_SIZE: 3000.0
2025-11-02 14:17:01.498 [main] INFO  c.a.n.p.auth.spi.client.ClientAuthPluginManager - [ClientAuthPluginManager] Load ClientAuthService com.alibaba.nacos.client.auth.impl.NacosClientAuthServiceImpl success.
2025-11-02 14:17:01.498 [main] INFO  c.a.n.p.auth.spi.client.ClientAuthPluginManager - [ClientAuthPluginManager] Load ClientAuthService com.alibaba.nacos.client.auth.ram.RamClientAuthServiceImpl success.
2025-11-02 14:17:01.503 [main] INFO  c.a.n.client.auth.ram.identify.CredentialWatcher - null No credential found
2025-11-02 14:17:02.797 [main] WARN  com.alibaba.nacos.client.logging.NacosLogging - Load Logback Configuration of Nacos fail, message: Could not initialize Logback Nacos logging from classpath:nacos-logback.xml
2025-11-02 14:17:02.808 [main] INFO  c.a.n.client.config.impl.LocalConfigInfoProcessor - LOCAL_SNAPSHOT_PATH:C:\Users\hp\nacos\config
2025-11-02 14:17:02.811 [main] INFO  com.alibaba.nacos.common.remote.client - [RpcClientFactory] create a new rpc client of 48abea58-9ff8-4810-bc06-b40951364840_config-0
2025-11-02 14:17:02.821 [main] INFO  com.alibaba.nacos.common.remote.client - [48abea58-9ff8-4810-bc06-b40951364840_config-0] Register server push request handler:com.alibaba.nacos.client.config.impl.ClientWorker$ConfigRpcTransportClient$$Lambda$586/0x000001e80133aeb0
2025-11-02 14:17:02.822 [main] INFO  com.alibaba.nacos.common.remote.client - [48abea58-9ff8-4810-bc06-b40951364840_config-0] Register server push request handler:com.alibaba.nacos.client.config.impl.ClientWorker$ConfigRpcTransportClient$$Lambda$587/0x000001e80133b2d0
2025-11-02 14:17:02.822 [main] INFO  com.alibaba.nacos.common.remote.client - [48abea58-9ff8-4810-bc06-b40951364840_config-0] Registry connection listener to current client:com.alibaba.nacos.client.config.impl.ClientWorker$ConfigRpcTransportClient$1
2025-11-02 14:17:02.822 [main] INFO  com.alibaba.nacos.common.remote.client - [48abea58-9ff8-4810-bc06-b40951364840_config-0] RpcClient init, ServerListFactory = com.alibaba.nacos.client.config.impl.ClientWorker$ConfigRpcTransportClient$2
2025-11-02 14:17:02.828 [main] INFO  com.alibaba.nacos.common.remote.client - [48abea58-9ff8-4810-bc06-b40951364840_config-0] Try to connect to server on start up, server: {serverIp = '127.0.0.1', server main port = 8848}
2025-11-02 14:17:02.849 [main] INFO  c.a.nacos.common.remote.client.grpc.GrpcClient - grpc client connection server:127.0.0.1 ip,serverPort:9848,grpcTslConfig:{"sslProvider":"OPENSSL","enableTls":false,"mutualAuthEnable":false,"trustAll":false}
2025-11-02 14:17:03.593 [main] INFO  com.alibaba.nacos.common.remote.client - [48abea58-9ff8-4810-bc06-b40951364840_config-0] Success to connect to server [127.0.0.1:8848] on start up, connectionId = 1762064223426_127.0.0.1_10807
2025-11-02 14:17:03.593 [com.alibaba.nacos.client.remote.worker] INFO  com.alibaba.nacos.common.remote.client - [48abea58-9ff8-4810-bc06-b40951364840_config-0] Notify connected event to listeners.
2025-11-02 14:17:03.593 [com.alibaba.nacos.client.remote.worker] INFO  com.alibaba.nacos.client.config.impl.ClientWorker - [48abea58-9ff8-4810-bc06-b40951364840_config-0] Connected,notify listen context...
2025-11-02 14:17:03.593 [main] INFO  com.alibaba.nacos.common.remote.client - [48abea58-9ff8-4810-bc06-b40951364840_config-0] Register server push request handler:com.alibaba.nacos.common.remote.client.RpcClient$ConnectResetRequestHandler
2025-11-02 14:17:03.593 [main] INFO  com.alibaba.nacos.common.remote.client - [48abea58-9ff8-4810-bc06-b40951364840_config-0] Register server push request handler:com.alibaba.nacos.common.remote.client.RpcClient$$Lambda$607/0x000001e801448cb8
2025-11-02 14:17:03.634 [main] INFO  com.alibaba.nacos.client.config.impl.Limiter - limitTime:5.0
2025-11-02 14:17:03.706 [main] INFO  com.alibaba.nacos.client.config.utils.JvmUtil - isMultiInstance:false
2025-11-02 14:17:03.716 [main] WARN  c.a.cloud.nacos.client.NacosPropertySourceBuilder - Ignore the empty nacos configuration and get it based on dataId[xiaohashu-auth.yaml] & group[DEFAULT_GROUP]
2025-11-02 14:17:03.722 [main] INFO  o.s.c.b.c.PropertySourceBootstrapConfiguration - Located property source: [BootstrapPropertySource {name='bootstrapProperties-xiaohashu-auth-dev.yaml,DEFAULT_GROUP'}, BootstrapPropertySource {name='bootstrapProperties-xiaohashu-auth.yaml,DEFAULT_GROUP'}, BootstrapPropertySource {name='bootstrapProperties-xiaohashu-auth,DEFAULT_GROUP'}]
2025-11-02 14:17:03.742 [main] WARN  com.alibaba.nacos.client.logging.NacosLogging - Load Logback Configuration of Nacos fail, message: Could not initialize Logback Nacos logging from classpath:nacos-logback.xml
2025-11-02 14:17:03.742 [main] INFO  c.q.xiaohashu.auth.XiaohashuAuthApplication - The following 1 profile is active: "dev"
2025-11-02 14:17:04.187 [main] INFO  o.s.d.r.config.RepositoryConfigurationDelegate - Multiple Spring Data modules found, entering strict repository configuration mode
2025-11-02 14:17:04.189 [main] INFO  o.s.d.r.config.RepositoryConfigurationDelegate - Bootstrapping Spring Data Redis repositories in DEFAULT mode.
2025-11-02 14:17:04.204 [main] INFO  o.s.d.r.config.RepositoryConfigurationDelegate - Finished Spring Data repository scanning in 7 ms. Found 0 Redis repository interfaces.
2025-11-02 14:17:04.289 [main] INFO  o.springframework.cloud.context.scope.GenericScope - BeanFactory id=d318223d-eebf-31c7-94b8-6b089eb2914b
2025-11-02 14:17:04.301 [main] INFO  o.s.c.s.PostProcessorRegistrationDelegate$BeanPostProcessorChecker - Bean 'com.quanxiaoha.xiaohashu.user.api.UserFeignApi' of type [org.springframework.cloud.openfeign.FeignClientFactoryBean] is not eligible for getting processed by all BeanPostProcessors (for example: not eligible for auto-proxying)
2025-11-02 14:17:04.555 [main] INFO  o.s.boot.web.embedded.tomcat.TomcatWebServer - Tomcat initialized with port(s): 8080 (http)
2025-11-02 14:17:04.563 [main] INFO  org.apache.catalina.core.StandardService - Starting service [Tomcat]
2025-11-02 14:17:04.563 [main] INFO  org.apache.catalina.core.StandardEngine - Starting Servlet engine: [Apache Tomcat/10.1.5]
2025-11-02 14:17:04.628 [main] INFO  o.a.c.core.ContainerBase.[Tomcat].[localhost].[/] - Initializing Spring embedded WebApplicationContext
2025-11-02 14:17:04.629 [main] INFO  o.s.b.w.s.c.ServletWebServerApplicationContext - Root WebApplicationContext: initialization completed in 877 ms
2025-11-02 14:17:04.863 [main] INFO  o.s.cloud.openfeign.FeignClientFactoryBean - For 'xiaohashu-user' URL not provided. Will try picking an instance via load-balancing.
2025-11-02 14:17:06.302 [main] INFO  org.springframework.cloud.commons.util.InetUtils - Cannot determine local hostname
2025-11-02 14:17:07.798 [main] INFO  org.springframework.cloud.commons.util.InetUtils - Cannot determine local hostname
2025-11-02 14:17:07.810 [main] WARN  o.s.c.l.c.LoadBalancerCacheAutoConfiguration$LoadBalancerCaffeineWarnLogger - Spring Cloud LoadBalancer is currently working with the default cache. While this cache implementation is useful for development and tests, it's recommended to use Caffeine cache in production.You can switch to using Caffeine cache, by adding it and org.springframework.cache.caffeine.CaffeineCacheManager to the classpath.
2025-11-02 14:17:07.846 [main] WARN  o.s.b.w.s.c.AnnotationConfigServletWebServerApplicationContext - Exception encountered during context initialization - cancelling refresh attempt: org.springframework.context.ApplicationContextException: Failed to start bean 'webServerStartStop'
2025-11-02 14:17:07.856 [main] INFO  org.apache.catalina.core.StandardService - Stopping service [Tomcat]
2025-11-02 14:17:07.864 [main] INFO  o.s.b.a.logging.ConditionEvaluationReportLogger - 

Error starting ApplicationContext. To display the condition evaluation report re-run your application with 'debug' enabled.
2025-11-02 14:17:07.875 [main] ERROR o.s.b.diagnostics.LoggingFailureAnalysisReporter - 

***************************
APPLICATION FAILED TO START
***************************

Description:

Web server failed to start. Port 8080 was already in use.

Action:

Identify and stop the process that's listening on port 8080 or configure this application to listen on another port.

2025-11-02 14:17:08.868 [Thread-2] WARN  c.alibaba.nacos.common.http.HttpClientBeanHolder - [HttpClientBeanHolder] Start destroying common HttpClient
2025-11-02 14:17:27.173 [main] WARN  com.alibaba.nacos.client.logging.NacosLogging - Load Logback Configuration of Nacos fail, message: Could not initialize Logback Nacos logging from classpath:nacos-logback.xml
2025-11-02 14:17:27.212 [main] WARN  com.alibaba.nacos.client.logging.NacosLogging - Load Logback Configuration of Nacos fail, message: Could not initialize Logback Nacos logging from classpath:nacos-logback.xml
2025-11-02 14:17:27.373 [main] WARN  com.alibaba.nacos.client.logging.NacosLogging - Load Logback Configuration of Nacos fail, message: Could not initialize Logback Nacos logging from classpath:nacos-logback.xml
2025-11-02 14:17:27.374 [main] INFO  com.alibaba.nacos.client.utils.ParamUtil - [settings] [req-serv] nacos-server port:8848
2025-11-02 14:17:27.374 [main] INFO  com.alibaba.nacos.client.utils.ParamUtil - [settings] [http-client] connect timeout:1000
2025-11-02 14:17:27.374 [main] INFO  com.alibaba.nacos.client.utils.ParamUtil - PER_TASK_CONFIG_SIZE: 3000.0
2025-11-02 14:17:27.385 [main] INFO  c.a.n.p.auth.spi.client.ClientAuthPluginManager - [ClientAuthPluginManager] Load ClientAuthService com.alibaba.nacos.client.auth.impl.NacosClientAuthServiceImpl success.
2025-11-02 14:17:27.385 [main] INFO  c.a.n.p.auth.spi.client.ClientAuthPluginManager - [ClientAuthPluginManager] Load ClientAuthService com.alibaba.nacos.client.auth.ram.RamClientAuthServiceImpl success.
2025-11-02 14:17:27.391 [main] INFO  c.a.n.client.auth.ram.identify.CredentialWatcher - null No credential found
2025-11-02 14:17:28.701 [main] WARN  com.alibaba.nacos.client.logging.NacosLogging - Load Logback Configuration of Nacos fail, message: Could not initialize Logback Nacos logging from classpath:nacos-logback.xml
2025-11-02 14:17:28.709 [main] INFO  c.a.n.client.config.impl.LocalConfigInfoProcessor - LOCAL_SNAPSHOT_PATH:C:\Users\hp\nacos\config
2025-11-02 14:17:28.712 [main] INFO  com.alibaba.nacos.common.remote.client - [RpcClientFactory] create a new rpc client of 7149d211-5266-4bed-864c-0e08b225fb12_config-0
2025-11-02 14:17:28.721 [main] INFO  com.alibaba.nacos.common.remote.client - [7149d211-5266-4bed-864c-0e08b225fb12_config-0] Register server push request handler:com.alibaba.nacos.client.config.impl.ClientWorker$ConfigRpcTransportClient$$Lambda$586/0x000002bccd33ab10
2025-11-02 14:17:28.722 [main] INFO  com.alibaba.nacos.common.remote.client - [7149d211-5266-4bed-864c-0e08b225fb12_config-0] Register server push request handler:com.alibaba.nacos.client.config.impl.ClientWorker$ConfigRpcTransportClient$$Lambda$587/0x000002bccd33af30
2025-11-02 14:17:28.722 [main] INFO  com.alibaba.nacos.common.remote.client - [7149d211-5266-4bed-864c-0e08b225fb12_config-0] Registry connection listener to current client:com.alibaba.nacos.client.config.impl.ClientWorker$ConfigRpcTransportClient$1
2025-11-02 14:17:28.722 [main] INFO  com.alibaba.nacos.common.remote.client - [7149d211-5266-4bed-864c-0e08b225fb12_config-0] RpcClient init, ServerListFactory = com.alibaba.nacos.client.config.impl.ClientWorker$ConfigRpcTransportClient$2
2025-11-02 14:17:28.727 [main] INFO  com.alibaba.nacos.common.remote.client - [7149d211-5266-4bed-864c-0e08b225fb12_config-0] Try to connect to server on start up, server: {serverIp = '127.0.0.1', server main port = 8848}
2025-11-02 14:17:28.755 [main] INFO  c.a.nacos.common.remote.client.grpc.GrpcClient - grpc client connection server:127.0.0.1 ip,serverPort:9848,grpcTslConfig:{"sslProvider":"OPENSSL","enableTls":false,"mutualAuthEnable":false,"trustAll":false}
2025-11-02 14:17:29.477 [main] INFO  com.alibaba.nacos.common.remote.client - [7149d211-5266-4bed-864c-0e08b225fb12_config-0] Success to connect to server [127.0.0.1:8848] on start up, connectionId = 1762064249315_127.0.0.1_10821
2025-11-02 14:17:29.477 [com.alibaba.nacos.client.remote.worker] INFO  com.alibaba.nacos.common.remote.client - [7149d211-5266-4bed-864c-0e08b225fb12_config-0] Notify connected event to listeners.
2025-11-02 14:17:29.477 [com.alibaba.nacos.client.remote.worker] INFO  com.alibaba.nacos.client.config.impl.ClientWorker - [7149d211-5266-4bed-864c-0e08b225fb12_config-0] Connected,notify listen context...
2025-11-02 14:17:29.477 [main] INFO  com.alibaba.nacos.common.remote.client - [7149d211-5266-4bed-864c-0e08b225fb12_config-0] Register server push request handler:com.alibaba.nacos.common.remote.client.RpcClient$ConnectResetRequestHandler
2025-11-02 14:17:29.477 [main] INFO  com.alibaba.nacos.common.remote.client - [7149d211-5266-4bed-864c-0e08b225fb12_config-0] Register server push request handler:com.alibaba.nacos.common.remote.client.RpcClient$$Lambda$607/0x000002bccd448668
2025-11-02 14:17:29.493 [main] INFO  com.alibaba.nacos.client.config.impl.Limiter - limitTime:5.0
2025-11-02 14:17:29.504 [main] INFO  com.alibaba.nacos.client.config.utils.JvmUtil - isMultiInstance:false
2025-11-02 14:17:29.513 [main] WARN  c.a.cloud.nacos.client.NacosPropertySourceBuilder - Ignore the empty nacos configuration and get it based on dataId[xiaohashu-auth.yaml] & group[DEFAULT_GROUP]
2025-11-02 14:17:29.523 [main] INFO  o.s.c.b.c.PropertySourceBootstrapConfiguration - Located property source: [BootstrapPropertySource {name='bootstrapProperties-xiaohashu-auth-dev.yaml,DEFAULT_GROUP'}, BootstrapPropertySource {name='bootstrapProperties-xiaohashu-auth.yaml,DEFAULT_GROUP'}, BootstrapPropertySource {name='bootstrapProperties-xiaohashu-auth,DEFAULT_GROUP'}]
2025-11-02 14:17:29.536 [main] WARN  com.alibaba.nacos.client.logging.NacosLogging - Load Logback Configuration of Nacos fail, message: Could not initialize Logback Nacos logging from classpath:nacos-logback.xml
2025-11-02 14:17:29.537 [main] INFO  c.q.xiaohashu.auth.XiaohashuAuthApplication - The following 1 profile is active: "dev"
2025-11-02 14:17:29.935 [main] INFO  o.s.d.r.config.RepositoryConfigurationDelegate - Multiple Spring Data modules found, entering strict repository configuration mode
2025-11-02 14:17:29.936 [main] INFO  o.s.d.r.config.RepositoryConfigurationDelegate - Bootstrapping Spring Data Redis repositories in DEFAULT mode.
2025-11-02 14:17:29.950 [main] INFO  o.s.d.r.config.RepositoryConfigurationDelegate - Finished Spring Data repository scanning in 6 ms. Found 0 Redis repository interfaces.
2025-11-02 14:17:30.034 [main] INFO  o.springframework.cloud.context.scope.GenericScope - BeanFactory id=d318223d-eebf-31c7-94b8-6b089eb2914b
2025-11-02 14:17:30.043 [main] INFO  o.s.c.s.PostProcessorRegistrationDelegate$BeanPostProcessorChecker - Bean 'com.quanxiaoha.xiaohashu.user.api.UserFeignApi' of type [org.springframework.cloud.openfeign.FeignClientFactoryBean] is not eligible for getting processed by all BeanPostProcessors (for example: not eligible for auto-proxying)
2025-11-02 14:17:30.267 [main] INFO  o.s.boot.web.embedded.tomcat.TomcatWebServer - Tomcat initialized with port(s): 8080 (http)
2025-11-02 14:17:30.272 [main] INFO  org.apache.catalina.core.StandardService - Starting service [Tomcat]
2025-11-02 14:17:30.273 [main] INFO  org.apache.catalina.core.StandardEngine - Starting Servlet engine: [Apache Tomcat/10.1.5]
2025-11-02 14:17:30.336 [main] INFO  o.a.c.core.ContainerBase.[Tomcat].[localhost].[/] - Initializing Spring embedded WebApplicationContext
2025-11-02 14:17:30.337 [main] INFO  o.s.b.w.s.c.ServletWebServerApplicationContext - Root WebApplicationContext: initialization completed in 793 ms
2025-11-02 14:17:30.549 [main] INFO  o.s.cloud.openfeign.FeignClientFactoryBean - For 'xiaohashu-user' URL not provided. Will try picking an instance via load-balancing.
2025-11-02 14:17:31.987 [main] INFO  org.springframework.cloud.commons.util.InetUtils - Cannot determine local hostname
2025-11-02 14:17:33.468 [main] INFO  org.springframework.cloud.commons.util.InetUtils - Cannot determine local hostname
2025-11-02 14:17:33.482 [main] WARN  o.s.c.l.c.LoadBalancerCacheAutoConfiguration$LoadBalancerCaffeineWarnLogger - Spring Cloud LoadBalancer is currently working with the default cache. While this cache implementation is useful for development and tests, it's recommended to use Caffeine cache in production.You can switch to using Caffeine cache, by adding it and org.springframework.cache.caffeine.CaffeineCacheManager to the classpath.
2025-11-02 14:17:33.523 [main] INFO  o.s.boot.web.embedded.tomcat.TomcatWebServer - Tomcat started on port(s): 8080 (http) with context path ''
2025-11-02 14:17:33.525 [main] INFO  com.alibaba.nacos.client.naming - initializer namespace from ans.namespace attribute : null
2025-11-02 14:17:33.526 [main] INFO  com.alibaba.nacos.client.naming - initializer namespace from ALIBABA_ALIWARE_NAMESPACE attribute :null
2025-11-02 14:17:33.526 [main] INFO  com.alibaba.nacos.client.naming - initializer namespace from namespace attribute :null
2025-11-02 14:17:33.531 [main] INFO  c.a.n.p.auth.spi.client.ClientAuthPluginManager - [ClientAuthPluginManager] Load ClientAuthService com.alibaba.nacos.client.auth.impl.NacosClientAuthServiceImpl success.
2025-11-02 14:17:33.531 [main] INFO  c.a.n.p.auth.spi.client.ClientAuthPluginManager - [ClientAuthPluginManager] Load ClientAuthService com.alibaba.nacos.client.auth.ram.RamClientAuthServiceImpl success.
2025-11-02 14:17:33.532 [main] INFO  com.alibaba.nacos.common.remote.client - [RpcClientFactory] create a new rpc client of f9b499b3-92a9-49fb-be28-5549a628cd89
2025-11-02 14:17:33.533 [main] INFO  com.alibaba.nacos.common.remote.client - [f9b499b3-92a9-49fb-be28-5549a628cd89] RpcClient init, ServerListFactory = com.alibaba.nacos.client.naming.core.ServerListManager
2025-11-02 14:17:33.533 [main] INFO  com.alibaba.nacos.common.remote.client - [f9b499b3-92a9-49fb-be28-5549a628cd89] Registry connection listener to current client:com.alibaba.nacos.client.naming.remote.gprc.redo.NamingGrpcRedoService
2025-11-02 14:17:33.534 [main] INFO  com.alibaba.nacos.common.remote.client - [f9b499b3-92a9-49fb-be28-5549a628cd89] Register server push request handler:com.alibaba.nacos.client.naming.remote.gprc.NamingPushRequestHandler
2025-11-02 14:17:33.534 [main] INFO  com.alibaba.nacos.common.remote.client - [f9b499b3-92a9-49fb-be28-5549a628cd89] Try to connect to server on start up, server: {serverIp = '127.0.0.1', server main port = 8848}
2025-11-02 14:17:33.534 [main] INFO  c.a.nacos.common.remote.client.grpc.GrpcClient - grpc client connection server:127.0.0.1 ip,serverPort:9848,grpcTslConfig:{"sslProvider":"OPENSSL","enableTls":false,"mutualAuthEnable":false,"trustAll":false}
2025-11-02 14:17:33.655 [main] INFO  com.alibaba.nacos.common.remote.client - [f9b499b3-92a9-49fb-be28-5549a628cd89] Success to connect to server [127.0.0.1:8848] on start up, connectionId = 1762064253538_127.0.0.1_10825
2025-11-02 14:17:33.655 [com.alibaba.nacos.client.remote.worker] INFO  com.alibaba.nacos.common.remote.client - [f9b499b3-92a9-49fb-be28-5549a628cd89] Notify connected event to listeners.
2025-11-02 14:17:33.655 [com.alibaba.nacos.client.remote.worker] INFO  com.alibaba.nacos.client.naming - Grpc connection connect
2025-11-02 14:17:33.655 [main] INFO  com.alibaba.nacos.common.remote.client - [f9b499b3-92a9-49fb-be28-5549a628cd89] Register server push request handler:com.alibaba.nacos.common.remote.client.RpcClient$ConnectResetRequestHandler
2025-11-02 14:17:33.656 [main] INFO  com.alibaba.nacos.common.remote.client - [f9b499b3-92a9-49fb-be28-5549a628cd89] Register server push request handler:com.alibaba.nacos.common.remote.client.RpcClient$$Lambda$607/0x000002bccd448668
2025-11-02 14:17:33.657 [main] INFO  com.alibaba.nacos.client.naming - [REGISTER-SERVICE] xiaohashu registering service xiaohashu-auth with instance Instance{instanceId='null', ip='192.168.134.1', port=8080, weight=1.0, healthy=true, enabled=true, ephemeral=true, clusterName='DEFAULT', serviceName='null', metadata={IPv6=null, preserved.register.source=SPRING_CLOUD}}
2025-11-02 14:17:33.665 [main] INFO  c.a.cloud.nacos.registry.NacosServiceRegistry - nacos registry, DEFAULT_GROUP xiaohashu-auth 192.168.134.1:8080 register finished
2025-11-02 14:17:34.885 [main] INFO  org.springframework.cloud.commons.util.InetUtils - Cannot determine local hostname
2025-11-02 14:17:34.897 [main] INFO  c.q.xiaohashu.auth.XiaohashuAuthApplication - Started XiaohashuAuthApplication in 9.347 seconds (process running for 9.858)
2025-11-02 14:17:34.899 [main] INFO  com.alibaba.nacos.client.config.impl.CacheData - nacos.cache.data.init.snapshot = true 
2025-11-02 14:17:34.899 [main] INFO  com.alibaba.nacos.client.config.impl.ClientWorker - [fixed-xiaohashu-127.0.0.1_8848] [subscribe] xiaohashu-auth.yaml+DEFAULT_GROUP+xiaohashu
2025-11-02 14:17:34.903 [main] INFO  com.alibaba.nacos.client.config.impl.CacheData - [fixed-xiaohashu-127.0.0.1_8848] [add-listener] ok, tenant=xiaohashu, dataId=xiaohashu-auth.yaml, group=DEFAULT_GROUP, cnt=1
2025-11-02 14:17:34.903 [main] INFO  c.a.cloud.nacos.refresh.NacosContextRefresher - [Nacos Config] Listening config: dataId=xiaohashu-auth.yaml, group=DEFAULT_GROUP
2025-11-02 14:17:34.904 [main] INFO  com.alibaba.nacos.client.config.impl.ClientWorker - [fixed-xiaohashu-127.0.0.1_8848] [subscribe] xiaohashu-auth-dev.yaml+DEFAULT_GROUP+xiaohashu
2025-11-02 14:17:34.904 [main] INFO  com.alibaba.nacos.client.config.impl.CacheData - [fixed-xiaohashu-127.0.0.1_8848] [add-listener] ok, tenant=xiaohashu, dataId=xiaohashu-auth-dev.yaml, group=DEFAULT_GROUP, cnt=1
2025-11-02 14:17:34.904 [main] INFO  c.a.cloud.nacos.refresh.NacosContextRefresher - [Nacos Config] Listening config: dataId=xiaohashu-auth-dev.yaml, group=DEFAULT_GROUP
2025-11-02 14:17:34.904 [main] INFO  com.alibaba.nacos.client.config.impl.ClientWorker - [fixed-xiaohashu-127.0.0.1_8848] [subscribe] xiaohashu-auth+DEFAULT_GROUP+xiaohashu
2025-11-02 14:17:34.904 [main] INFO  com.alibaba.nacos.client.config.impl.CacheData - [fixed-xiaohashu-127.0.0.1_8848] [add-listener] ok, tenant=xiaohashu, dataId=xiaohashu-auth, group=DEFAULT_GROUP, cnt=1
2025-11-02 14:17:34.904 [main] INFO  c.a.cloud.nacos.refresh.NacosContextRefresher - [Nacos Config] Listening config: dataId=xiaohashu-auth, group=DEFAULT_GROUP
2025-11-02 14:18:14.117 [http-nio-8080-exec-2] INFO  o.a.c.core.ContainerBase.[Tomcat].[localhost].[/] - Initializing Spring DispatcherServlet 'dispatcherServlet'
2025-11-02 14:18:14.117 [http-nio-8080-exec-2] INFO  org.springframework.web.servlet.DispatcherServlet - Initializing Servlet 'dispatcherServlet'
2025-11-02 14:18:14.118 [http-nio-8080-exec-2] INFO  org.springframework.web.servlet.DispatcherServlet - Completed initialization in 0 ms
2025-11-02 14:18:14.120 [http-nio-8080-exec-2] INFO  c.q.x.auth.filter.HeaderUserId2ContextFilter - ## HeaderUserId2ContextFilter, 用户 ID: null
2025-11-02 14:18:14.172 [http-nio-8080-exec-2] INFO  c.q.f.b.operationlog.aspect.ApiOperationLogAspect - ====== 请求开始: [用户登录/注册], 入参: {"phone":"13345966872","code":null,"password":"123456","type":2}, 请求类: AuthController, 请求方法: loginAndRegister =================================== 
2025-11-02 14:18:14.213 [http-nio-8080-exec-2] INFO  com.alibaba.nacos.client.naming - [SUBSCRIBE-SERVICE] service:xiaohashu-user, group:DEFAULT_GROUP, clusters: 
2025-11-02 14:18:14.222 [http-nio-8080-exec-2] INFO  com.alibaba.nacos.client.naming - init new ips(1) service: DEFAULT_GROUP@@xiaohashu-user -> [{"ip":"192.168.134.1","port":8082,"weight":1.0,"healthy":true,"enabled":true,"ephemeral":true,"clusterName":"DEFAULT","serviceName":"DEFAULT_GROUP@@xiaohashu-user","metadata":{"preserved.register.source":"SPRING_CLOUD"},"instanceHeartBeatTimeOut":15000,"instanceHeartBeatInterval":5000,"ipDeleteTimeout":30000}]
2025-11-02 14:18:14.223 [http-nio-8080-exec-2] INFO  com.alibaba.nacos.client.naming - current ips:(1) service: DEFAULT_GROUP@@xiaohashu-user -> [{"ip":"192.168.134.1","port":8082,"weight":1.0,"healthy":true,"enabled":true,"ephemeral":true,"clusterName":"DEFAULT","serviceName":"DEFAULT_GROUP@@xiaohashu-user","metadata":{"preserved.register.source":"SPRING_CLOUD"},"instanceHeartBeatTimeOut":15000,"instanceHeartBeatInterval":5000,"ipDeleteTimeout":30000}]
2025-11-02 14:18:14.803 [nacos-grpc-client-executor-127.0.0.1-19] INFO  com.alibaba.nacos.common.remote.client - [f9b499b3-92a9-49fb-be28-5549a628cd89] Receive server push request, request = NotifySubscriberRequest, requestId = 3
2025-11-02 14:18:14.803 [nacos-grpc-client-executor-127.0.0.1-19] INFO  com.alibaba.nacos.common.remote.client - [f9b499b3-92a9-49fb-be28-5549a628cd89] Ack server push request, request = NotifySubscriberRequest, requestId = 3
2025-11-02 14:18:14.886 [http-nio-8080-exec-2] INFO  c.q.f.b.operationlog.aspect.ApiOperationLogAspect - ====== 请求结束: [用户登录/注册], 耗时: 715ms, 出参: {"success":true,"message":null,"errorCode":null,"data":"9T0gM9VsovozqJX6DECXn9wcgYCZfyQALaGmKvGbzzhx1nSTPpWDRh3r4n3iH4z8TR565wonnwOkzkHq0Cc6N3h62Ctl5MCpNjTfrrJU3dGFz4uzWBXxdjB19girwd8J"} =================================== 
2025-11-02 14:20:22.397 [http-nio-8080-exec-3] INFO  c.q.x.auth.filter.HeaderUserId2ContextFilter - ## HeaderUserId2ContextFilter, 用户 ID: null
2025-11-02 14:20:22.400 [http-nio-8080-exec-3] INFO  c.q.f.b.operationlog.aspect.ApiOperationLogAspect - ====== 请求开始: [用户登录/注册], 入参: {"phone":"13345966872","code":null,"password":"123456","type":2}, 请求类: AuthController, 请求方法: loginAndRegister =================================== 
2025-11-02 14:20:22.553 [http-nio-8080-exec-3] INFO  c.q.f.b.operationlog.aspect.ApiOperationLogAspect - ====== 请求结束: [用户登录/注册], 耗时: 153ms, 出参: {"success":true,"message":null,"errorCode":null,"data":"9T0gM9VsovozqJX6DECXn9wcgYCZfyQALaGmKvGbzzhx1nSTPpWDRh3r4n3iH4z8TR565wonnwOkzkHq0Cc6N3h62Ctl5MCpNjTfrrJU3dGFz4uzWBXxdjB19girwd8J"} =================================== 
2025-11-02 14:30:10.488 [http-nio-8080-exec-5] INFO  c.q.x.auth.filter.HeaderUserId2ContextFilter - ## HeaderUserId2ContextFilter, 用户 ID: null
2025-11-02 14:30:10.491 [http-nio-8080-exec-5] INFO  c.q.f.b.operationlog.aspect.ApiOperationLogAspect - ====== 请求开始: [用户登录/注册], 入参: {"phone":"13345966872","code":null,"password":"123456","type":2}, 请求类: AuthController, 请求方法: loginAndRegister =================================== 
2025-11-02 14:30:10.605 [http-nio-8080-exec-5] INFO  c.q.f.b.operationlog.aspect.ApiOperationLogAspect - ====== 请求结束: [用户登录/注册], 耗时: 114ms, 出参: {"success":true,"message":null,"errorCode":null,"data":"9T0gM9VsovozqJX6DECXn9wcgYCZfyQALaGmKvGbzzhx1nSTPpWDRh3r4n3iH4z8TR565wonnwOkzkHq0Cc6N3h62Ctl5MCpNjTfrrJU3dGFz4uzWBXxdjB19girwd8J"} =================================== 
2025-11-02 14:31:06.093 [http-nio-8080-exec-6] INFO  c.q.x.auth.filter.HeaderUserId2ContextFilter - ## HeaderUserId2ContextFilter, 用户 ID: null
2025-11-02 14:31:06.095 [http-nio-8080-exec-6] INFO  c.q.f.b.operationlog.aspect.ApiOperationLogAspect - ====== 请求开始: [用户登录/注册], 入参: {"phone":"13345966872","code":null,"password":"123456","type":2}, 请求类: AuthController, 请求方法: loginAndRegister =================================== 
2025-11-02 14:31:06.242 [http-nio-8080-exec-6] INFO  c.q.f.b.operationlog.aspect.ApiOperationLogAspect - ====== 请求结束: [用户登录/注册], 耗时: 148ms, 出参: {"success":true,"message":null,"errorCode":null,"data":"9T0gM9VsovozqJX6DECXn9wcgYCZfyQALaGmKvGbzzhx1nSTPpWDRh3r4n3iH4z8TR565wonnwOkzkHq0Cc6N3h62Ctl5MCpNjTfrrJU3dGFz4uzWBXxdjB19girwd8J"} =================================== 
2025-11-02 14:31:21.325 [http-nio-8080-exec-7] INFO  c.q.x.auth.filter.HeaderUserId2ContextFilter - ## HeaderUserId2ContextFilter, 用户 ID: null
2025-11-02 14:31:21.325 [http-nio-8080-exec-7] INFO  c.q.f.b.operationlog.aspect.ApiOperationLogAspect - ====== 请求开始: [用户登录/注册], 入参: {"phone":"13345966872","code":null,"password":"123456","type":2}, 请求类: AuthController, 请求方法: loginAndRegister =================================== 
2025-11-02 14:31:21.436 [http-nio-8080-exec-7] INFO  c.q.f.b.operationlog.aspect.ApiOperationLogAspect - ====== 请求结束: [用户登录/注册], 耗时: 111ms, 出参: {"success":true,"message":null,"errorCode":null,"data":"9T0gM9VsovozqJX6DECXn9wcgYCZfyQALaGmKvGbzzhx1nSTPpWDRh3r4n3iH4z8TR565wonnwOkzkHq0Cc6N3h62Ctl5MCpNjTfrrJU3dGFz4uzWBXxdjB19girwd8J"} =================================== 
2025-11-02 14:32:21.436 [http-nio-8080-exec-9] INFO  c.q.x.auth.filter.HeaderUserId2ContextFilter - ## HeaderUserId2ContextFilter, 用户 ID: null
2025-11-02 14:32:21.437 [http-nio-8080-exec-9] INFO  c.q.f.b.operationlog.aspect.ApiOperationLogAspect - ====== 请求开始: [用户登录/注册], 入参: {"phone":"13345966872","code":null,"password":"123456","type":2}, 请求类: AuthController, 请求方法: loginAndRegister =================================== 
2025-11-02 14:32:21.554 [http-nio-8080-exec-9] INFO  c.q.f.b.operationlog.aspect.ApiOperationLogAspect - ====== 请求结束: [用户登录/注册], 耗时: 117ms, 出参: {"success":true,"message":null,"errorCode":null,"data":"9T0gM9VsovozqJX6DECXn9wcgYCZfyQALaGmKvGbzzhx1nSTPpWDRh3r4n3iH4z8TR565wonnwOkzkHq0Cc6N3h62Ctl5MCpNjTfrrJU3dGFz4uzWBXxdjB19girwd8J"} =================================== 
2025-11-02 14:32:23.238 [http-nio-8080-exec-10] INFO  c.q.x.auth.filter.HeaderUserId2ContextFilter - ## HeaderUserId2ContextFilter, 用户 ID: null
2025-11-02 14:32:23.239 [http-nio-8080-exec-10] INFO  c.q.f.b.operationlog.aspect.ApiOperationLogAspect - ====== 请求开始: [用户登录/注册], 入参: {"phone":"13345966872","code":null,"password":"123456","type":2}, 请求类: AuthController, 请求方法: loginAndRegister =================================== 
2025-11-02 14:32:23.359 [http-nio-8080-exec-10] INFO  c.q.f.b.operationlog.aspect.ApiOperationLogAspect - ====== 请求结束: [用户登录/注册], 耗时: 120ms, 出参: {"success":true,"message":null,"errorCode":null,"data":"9T0gM9VsovozqJX6DECXn9wcgYCZfyQALaGmKvGbzzhx1nSTPpWDRh3r4n3iH4z8TR565wonnwOkzkHq0Cc6N3h62Ctl5MCpNjTfrrJU3dGFz4uzWBXxdjB19girwd8J"} =================================== 
2025-11-02 14:34:49.208 [http-nio-8080-exec-2] INFO  c.q.x.auth.filter.HeaderUserId2ContextFilter - ## HeaderUserId2ContextFilter, 用户 ID: null
2025-11-02 14:34:49.210 [http-nio-8080-exec-2] INFO  c.q.f.b.operationlog.aspect.ApiOperationLogAspect - ====== 请求开始: [用户登录/注册], 入参: {"phone":"13345966872","code":null,"password":"123456","type":2}, 请求类: AuthController, 请求方法: loginAndRegister =================================== 
2025-11-02 14:34:49.342 [http-nio-8080-exec-2] INFO  c.q.f.b.operationlog.aspect.ApiOperationLogAspect - ====== 请求结束: [用户登录/注册], 耗时: 133ms, 出参: {"success":true,"message":null,"errorCode":null,"data":"9T0gM9VsovozqJX6DECXn9wcgYCZfyQALaGmKvGbzzhx1nSTPpWDRh3r4n3iH4z8TR565wonnwOkzkHq0Cc6N3h62Ctl5MCpNjTfrrJU3dGFz4uzWBXxdjB19girwd8J"} =================================== 
2025-11-02 14:34:50.480 [http-nio-8080-exec-1] INFO  c.q.x.auth.filter.HeaderUserId2ContextFilter - ## HeaderUserId2ContextFilter, 用户 ID: null
2025-11-02 14:34:50.482 [http-nio-8080-exec-1] INFO  c.q.f.b.operationlog.aspect.ApiOperationLogAspect - ====== 请求开始: [用户登录/注册], 入参: {"phone":"13345966872","code":null,"password":"123456","type":2}, 请求类: AuthController, 请求方法: loginAndRegister =================================== 
2025-11-02 14:34:50.600 [http-nio-8080-exec-1] INFO  c.q.f.b.operationlog.aspect.ApiOperationLogAspect - ====== 请求结束: [用户登录/注册], 耗时: 119ms, 出参: {"success":true,"message":null,"errorCode":null,"data":"9T0gM9VsovozqJX6DECXn9wcgYCZfyQALaGmKvGbzzhx1nSTPpWDRh3r4n3iH4z8TR565wonnwOkzkHq0Cc6N3h62Ctl5MCpNjTfrrJU3dGFz4uzWBXxdjB19girwd8J"} =================================== 
2025-11-02 14:34:51.324 [http-nio-8080-exec-3] INFO  c.q.x.auth.filter.HeaderUserId2ContextFilter - ## HeaderUserId2ContextFilter, 用户 ID: null
2025-11-02 14:34:51.325 [http-nio-8080-exec-3] INFO  c.q.f.b.operationlog.aspect.ApiOperationLogAspect - ====== 请求开始: [用户登录/注册], 入参: {"phone":"13345966872","code":null,"password":"123456","type":2}, 请求类: AuthController, 请求方法: loginAndRegister =================================== 
2025-11-02 14:34:51.420 [http-nio-8080-exec-3] INFO  c.q.f.b.operationlog.aspect.ApiOperationLogAspect - ====== 请求结束: [用户登录/注册], 耗时: 95ms, 出参: {"success":true,"message":null,"errorCode":null,"data":"9T0gM9VsovozqJX6DECXn9wcgYCZfyQALaGmKvGbzzhx1nSTPpWDRh3r4n3iH4z8TR565wonnwOkzkHq0Cc6N3h62Ctl5MCpNjTfrrJU3dGFz4uzWBXxdjB19girwd8J"} =================================== 
2025-11-02 14:34:52.039 [http-nio-8080-exec-4] INFO  c.q.x.auth.filter.HeaderUserId2ContextFilter - ## HeaderUserId2ContextFilter, 用户 ID: null
2025-11-02 14:34:52.041 [http-nio-8080-exec-4] INFO  c.q.f.b.operationlog.aspect.ApiOperationLogAspect - ====== 请求开始: [用户登录/注册], 入参: {"phone":"13345966872","code":null,"password":"123456","type":2}, 请求类: AuthController, 请求方法: loginAndRegister =================================== 
2025-11-02 14:34:52.148 [http-nio-8080-exec-4] INFO  c.q.f.b.operationlog.aspect.ApiOperationLogAspect - ====== 请求结束: [用户登录/注册], 耗时: 108ms, 出参: {"success":true,"message":null,"errorCode":null,"data":"9T0gM9VsovozqJX6DECXn9wcgYCZfyQALaGmKvGbzzhx1nSTPpWDRh3r4n3iH4z8TR565wonnwOkzkHq0Cc6N3h62Ctl5MCpNjTfrrJU3dGFz4uzWBXxdjB19girwd8J"} =================================== 
2025-11-02 14:37:24.332 [http-nio-8080-exec-6] INFO  c.q.x.auth.filter.HeaderUserId2ContextFilter - ## HeaderUserId2ContextFilter, 用户 ID: null
2025-11-02 14:37:24.333 [http-nio-8080-exec-6] INFO  c.q.f.b.operationlog.aspect.ApiOperationLogAspect - ====== 请求开始: [用户登录/注册], 入参: {"phone":"13345966872","code":null,"password":"123456","type":2}, 请求类: AuthController, 请求方法: loginAndRegister =================================== 
2025-11-02 14:37:24.452 [http-nio-8080-exec-6] INFO  c.q.f.b.operationlog.aspect.ApiOperationLogAspect - ====== 请求结束: [用户登录/注册], 耗时: 119ms, 出参: {"success":true,"message":null,"errorCode":null,"data":"9T0gM9VsovozqJX6DECXn9wcgYCZfyQALaGmKvGbzzhx1nSTPpWDRh3r4n3iH4z8TR565wonnwOkzkHq0Cc6N3h62Ctl5MCpNjTfrrJU3dGFz4uzWBXxdjB19girwd8J"} =================================== 
2025-11-02 14:37:32.969 [http-nio-8080-exec-7] INFO  c.q.x.auth.filter.HeaderUserId2ContextFilter - ## HeaderUserId2ContextFilter, 用户 ID: null
2025-11-02 14:37:32.970 [http-nio-8080-exec-7] INFO  c.q.f.b.operationlog.aspect.ApiOperationLogAspect - ====== 请求开始: [用户登录/注册], 入参: {"phone":"13345966872","code":null,"password":"123456","type":2}, 请求类: AuthController, 请求方法: loginAndRegister =================================== 
2025-11-02 14:37:33.089 [http-nio-8080-exec-7] INFO  c.q.f.b.operationlog.aspect.ApiOperationLogAspect - ====== 请求结束: [用户登录/注册], 耗时: 119ms, 出参: {"success":true,"message":null,"errorCode":null,"data":"9T0gM9VsovozqJX6DECXn9wcgYCZfyQALaGmKvGbzzhx1nSTPpWDRh3r4n3iH4z8TR565wonnwOkzkHq0Cc6N3h62Ctl5MCpNjTfrrJU3dGFz4uzWBXxdjB19girwd8J"} =================================== 
2025-11-02 14:38:17.490 [http-nio-8080-exec-9] INFO  c.q.x.auth.filter.HeaderUserId2ContextFilter - ## HeaderUserId2ContextFilter, 用户 ID: null
2025-11-02 14:38:17.491 [http-nio-8080-exec-9] INFO  c.q.f.b.operationlog.aspect.ApiOperationLogAspect - ====== 请求开始: [用户登录/注册], 入参: {"phone":"13345966872","code":null,"password":"123456","type":2}, 请求类: AuthController, 请求方法: loginAndRegister =================================== 
2025-11-02 14:38:17.580 [http-nio-8080-exec-9] INFO  c.q.f.b.operationlog.aspect.ApiOperationLogAspect - ====== 请求结束: [用户登录/注册], 耗时: 89ms, 出参: {"success":true,"message":null,"errorCode":null,"data":"9T0gM9VsovozqJX6DECXn9wcgYCZfyQALaGmKvGbzzhx1nSTPpWDRh3r4n3iH4z8TR565wonnwOkzkHq0Cc6N3h62Ctl5MCpNjTfrrJU3dGFz4uzWBXxdjB19girwd8J"} =================================== 
2025-11-02 14:38:18.479 [http-nio-8080-exec-10] INFO  c.q.x.auth.filter.HeaderUserId2ContextFilter - ## HeaderUserId2ContextFilter, 用户 ID: null
2025-11-02 14:38:18.480 [http-nio-8080-exec-10] INFO  c.q.f.b.operationlog.aspect.ApiOperationLogAspect - ====== 请求开始: [用户登录/注册], 入参: {"phone":"13345966872","code":null,"password":"123456","type":2}, 请求类: AuthController, 请求方法: loginAndRegister =================================== 
2025-11-02 14:38:18.567 [http-nio-8080-exec-10] INFO  c.q.f.b.operationlog.aspect.ApiOperationLogAspect - ====== 请求结束: [用户登录/注册], 耗时: 87ms, 出参: {"success":true,"message":null,"errorCode":null,"data":"9T0gM9VsovozqJX6DECXn9wcgYCZfyQALaGmKvGbzzhx1nSTPpWDRh3r4n3iH4z8TR565wonnwOkzkHq0Cc6N3h62Ctl5MCpNjTfrrJU3dGFz4uzWBXxdjB19girwd8J"} =================================== 
2025-11-02 14:41:48.880 [http-nio-8080-exec-2] INFO  c.q.x.auth.filter.HeaderUserId2ContextFilter - ## HeaderUserId2ContextFilter, 用户 ID: null
2025-11-02 14:41:48.883 [http-nio-8080-exec-2] INFO  c.q.f.b.operationlog.aspect.ApiOperationLogAspect - ====== 请求开始: [用户登录/注册], 入参: {"phone":"13345966872","code":null,"password":"123456","type":2}, 请求类: AuthController, 请求方法: loginAndRegister =================================== 
2025-11-02 14:41:48.972 [http-nio-8080-exec-2] INFO  c.q.f.b.operationlog.aspect.ApiOperationLogAspect - ====== 请求结束: [用户登录/注册], 耗时: 88ms, 出参: {"success":true,"message":null,"errorCode":null,"data":"9T0gM9VsovozqJX6DECXn9wcgYCZfyQALaGmKvGbzzhx1nSTPpWDRh3r4n3iH4z8TR565wonnwOkzkHq0Cc6N3h62Ctl5MCpNjTfrrJU3dGFz4uzWBXxdjB19girwd8J"} =================================== 
2025-11-02 14:44:13.958 [http-nio-8080-exec-3] INFO  c.q.x.auth.filter.HeaderUserId2ContextFilter - ## HeaderUserId2ContextFilter, 用户 ID: null
2025-11-02 14:44:13.959 [http-nio-8080-exec-3] INFO  c.q.f.b.operationlog.aspect.ApiOperationLogAspect - ====== 请求开始: [用户登录/注册], 入参: {"phone":"13345966872","code":null,"password":"123456","type":2}, 请求类: AuthController, 请求方法: loginAndRegister =================================== 
2025-11-02 14:44:14.036 [http-nio-8080-exec-3] INFO  c.q.f.b.operationlog.aspect.ApiOperationLogAspect - ====== 请求结束: [用户登录/注册], 耗时: 77ms, 出参: {"success":true,"message":null,"errorCode":null,"data":"9T0gM9VsovozqJX6DECXn9wcgYCZfyQALaGmKvGbzzhx1nSTPpWDRh3r4n3iH4z8TR565wonnwOkzkHq0Cc6N3h62Ctl5MCpNjTfrrJU3dGFz4uzWBXxdjB19girwd8J"} =================================== 
2025-11-02 20:34:51.926 [main] WARN  com.alibaba.nacos.client.logging.NacosLogging - Load Logback Configuration of Nacos fail, message: Could not initialize Logback Nacos logging from classpath:nacos-logback.xml
2025-11-02 20:34:51.965 [main] WARN  com.alibaba.nacos.client.logging.NacosLogging - Load Logback Configuration of Nacos fail, message: Could not initialize Logback Nacos logging from classpath:nacos-logback.xml
2025-11-02 20:34:52.120 [main] WARN  com.alibaba.nacos.client.logging.NacosLogging - Load Logback Configuration of Nacos fail, message: Could not initialize Logback Nacos logging from classpath:nacos-logback.xml
2025-11-02 20:34:52.122 [main] INFO  com.alibaba.nacos.client.utils.ParamUtil - [settings] [req-serv] nacos-server port:8848
2025-11-02 20:34:52.122 [main] INFO  com.alibaba.nacos.client.utils.ParamUtil - [settings] [http-client] connect timeout:1000
2025-11-02 20:34:52.123 [main] INFO  com.alibaba.nacos.client.utils.ParamUtil - PER_TASK_CONFIG_SIZE: 3000.0
2025-11-02 20:34:52.136 [main] INFO  c.a.n.p.auth.spi.client.ClientAuthPluginManager - [ClientAuthPluginManager] Load ClientAuthService com.alibaba.nacos.client.auth.impl.NacosClientAuthServiceImpl success.
2025-11-02 20:34:52.136 [main] INFO  c.a.n.p.auth.spi.client.ClientAuthPluginManager - [ClientAuthPluginManager] Load ClientAuthService com.alibaba.nacos.client.auth.ram.RamClientAuthServiceImpl success.
2025-11-02 20:34:52.141 [main] INFO  c.a.n.client.auth.ram.identify.CredentialWatcher - null No credential found
2025-11-02 20:34:53.434 [main] WARN  com.alibaba.nacos.client.logging.NacosLogging - Load Logback Configuration of Nacos fail, message: Could not initialize Logback Nacos logging from classpath:nacos-logback.xml
2025-11-02 20:34:53.444 [main] INFO  c.a.n.client.config.impl.LocalConfigInfoProcessor - LOCAL_SNAPSHOT_PATH:C:\Users\hp\nacos\config
2025-11-02 20:34:53.446 [main] INFO  com.alibaba.nacos.common.remote.client - [RpcClientFactory] create a new rpc client of 8b1abd2b-476f-465d-a2a3-976478c49bfe_config-0
2025-11-02 20:34:53.454 [main] INFO  com.alibaba.nacos.common.remote.client - [8b1abd2b-476f-465d-a2a3-976478c49bfe_config-0] Register server push request handler:com.alibaba.nacos.client.config.impl.ClientWorker$ConfigRpcTransportClient$$Lambda$586/0x000002658633ab10
2025-11-02 20:34:53.454 [main] INFO  com.alibaba.nacos.common.remote.client - [8b1abd2b-476f-465d-a2a3-976478c49bfe_config-0] Register server push request handler:com.alibaba.nacos.client.config.impl.ClientWorker$ConfigRpcTransportClient$$Lambda$587/0x000002658633af30
2025-11-02 20:34:53.455 [main] INFO  com.alibaba.nacos.common.remote.client - [8b1abd2b-476f-465d-a2a3-976478c49bfe_config-0] Registry connection listener to current client:com.alibaba.nacos.client.config.impl.ClientWorker$ConfigRpcTransportClient$1
2025-11-02 20:34:53.455 [main] INFO  com.alibaba.nacos.common.remote.client - [8b1abd2b-476f-465d-a2a3-976478c49bfe_config-0] RpcClient init, ServerListFactory = com.alibaba.nacos.client.config.impl.ClientWorker$ConfigRpcTransportClient$2
2025-11-02 20:34:53.460 [main] INFO  com.alibaba.nacos.common.remote.client - [8b1abd2b-476f-465d-a2a3-976478c49bfe_config-0] Try to connect to server on start up, server: {serverIp = '127.0.0.1', server main port = 8848}
2025-11-02 20:34:53.481 [main] INFO  c.a.nacos.common.remote.client.grpc.GrpcClient - grpc client connection server:127.0.0.1 ip,serverPort:9848,grpcTslConfig:{"sslProvider":"OPENSSL","enableTls":false,"mutualAuthEnable":false,"trustAll":false}
2025-11-02 20:34:54.174 [main] INFO  com.alibaba.nacos.common.remote.client - [8b1abd2b-476f-465d-a2a3-976478c49bfe_config-0] Success to connect to server [127.0.0.1:8848] on start up, connectionId = 1762086894017_127.0.0.1_8722
2025-11-02 20:34:54.174 [com.alibaba.nacos.client.remote.worker] INFO  com.alibaba.nacos.common.remote.client - [8b1abd2b-476f-465d-a2a3-976478c49bfe_config-0] Notify connected event to listeners.
2025-11-02 20:34:54.174 [com.alibaba.nacos.client.remote.worker] INFO  com.alibaba.nacos.client.config.impl.ClientWorker - [8b1abd2b-476f-465d-a2a3-976478c49bfe_config-0] Connected,notify listen context...
2025-11-02 20:34:54.174 [main] INFO  com.alibaba.nacos.common.remote.client - [8b1abd2b-476f-465d-a2a3-976478c49bfe_config-0] Register server push request handler:com.alibaba.nacos.common.remote.client.RpcClient$ConnectResetRequestHandler
2025-11-02 20:34:54.174 [main] INFO  com.alibaba.nacos.common.remote.client - [8b1abd2b-476f-465d-a2a3-976478c49bfe_config-0] Register server push request handler:com.alibaba.nacos.common.remote.client.RpcClient$$Lambda$607/0x0000026586448668
2025-11-02 20:34:54.200 [main] INFO  com.alibaba.nacos.client.config.impl.Limiter - limitTime:5.0
2025-11-02 20:34:54.211 [main] INFO  com.alibaba.nacos.client.config.utils.JvmUtil - isMultiInstance:false
2025-11-02 20:34:54.219 [main] WARN  c.a.cloud.nacos.client.NacosPropertySourceBuilder - Ignore the empty nacos configuration and get it based on dataId[xiaohashu-auth.yaml] & group[DEFAULT_GROUP]
2025-11-02 20:34:54.225 [main] INFO  o.s.c.b.c.PropertySourceBootstrapConfiguration - Located property source: [BootstrapPropertySource {name='bootstrapProperties-xiaohashu-auth-dev.yaml,DEFAULT_GROUP'}, BootstrapPropertySource {name='bootstrapProperties-xiaohashu-auth.yaml,DEFAULT_GROUP'}, BootstrapPropertySource {name='bootstrapProperties-xiaohashu-auth,DEFAULT_GROUP'}]
2025-11-02 20:34:54.239 [main] WARN  com.alibaba.nacos.client.logging.NacosLogging - Load Logback Configuration of Nacos fail, message: Could not initialize Logback Nacos logging from classpath:nacos-logback.xml
2025-11-02 20:34:54.240 [main] INFO  c.q.xiaohashu.auth.XiaohashuAuthApplication - The following 1 profile is active: "dev"
2025-11-02 20:34:54.686 [main] INFO  o.s.d.r.config.RepositoryConfigurationDelegate - Multiple Spring Data modules found, entering strict repository configuration mode
2025-11-02 20:34:54.688 [main] INFO  o.s.d.r.config.RepositoryConfigurationDelegate - Bootstrapping Spring Data Redis repositories in DEFAULT mode.
2025-11-02 20:34:54.703 [main] INFO  o.s.d.r.config.RepositoryConfigurationDelegate - Finished Spring Data repository scanning in 6 ms. Found 0 Redis repository interfaces.
2025-11-02 20:34:54.813 [main] INFO  o.springframework.cloud.context.scope.GenericScope - BeanFactory id=d318223d-eebf-31c7-94b8-6b089eb2914b
2025-11-02 20:34:54.825 [main] INFO  o.s.c.s.PostProcessorRegistrationDelegate$BeanPostProcessorChecker - Bean 'com.quanxiaoha.xiaohashu.user.api.UserFeignApi' of type [org.springframework.cloud.openfeign.FeignClientFactoryBean] is not eligible for getting processed by all BeanPostProcessors (for example: not eligible for auto-proxying)
2025-11-02 20:34:55.104 [main] INFO  o.s.boot.web.embedded.tomcat.TomcatWebServer - Tomcat initialized with port(s): 8080 (http)
2025-11-02 20:34:55.111 [main] INFO  org.apache.catalina.core.StandardService - Starting service [Tomcat]
2025-11-02 20:34:55.111 [main] INFO  org.apache.catalina.core.StandardEngine - Starting Servlet engine: [Apache Tomcat/10.1.5]
2025-11-02 20:34:55.194 [main] INFO  o.a.c.core.ContainerBase.[Tomcat].[localhost].[/] - Initializing Spring embedded WebApplicationContext
2025-11-02 20:34:55.195 [main] INFO  o.s.b.w.s.c.ServletWebServerApplicationContext - Root WebApplicationContext: initialization completed in 947 ms
2025-11-02 20:34:55.517 [main] INFO  o.s.cloud.openfeign.FeignClientFactoryBean - For 'xiaohashu-user' URL not provided. Will try picking an instance via load-balancing.
2025-11-02 20:34:57.200 [main] INFO  org.springframework.cloud.commons.util.InetUtils - Cannot determine local hostname
2025-11-02 20:34:58.990 [main] INFO  org.springframework.cloud.commons.util.InetUtils - Cannot determine local hostname
2025-11-02 20:34:59.003 [main] WARN  o.s.c.l.c.LoadBalancerCacheAutoConfiguration$LoadBalancerCaffeineWarnLogger - Spring Cloud LoadBalancer is currently working with the default cache. While this cache implementation is useful for development and tests, it's recommended to use Caffeine cache in production.You can switch to using Caffeine cache, by adding it and org.springframework.cache.caffeine.CaffeineCacheManager to the classpath.
2025-11-02 20:34:59.040 [main] INFO  o.s.boot.web.embedded.tomcat.TomcatWebServer - Tomcat started on port(s): 8080 (http) with context path ''
2025-11-02 20:34:59.043 [main] INFO  com.alibaba.nacos.client.naming - initializer namespace from ans.namespace attribute : null
2025-11-02 20:34:59.043 [main] INFO  com.alibaba.nacos.client.naming - initializer namespace from ALIBABA_ALIWARE_NAMESPACE attribute :null
2025-11-02 20:34:59.043 [main] INFO  com.alibaba.nacos.client.naming - initializer namespace from namespace attribute :null
2025-11-02 20:34:59.047 [main] INFO  c.a.n.p.auth.spi.client.ClientAuthPluginManager - [ClientAuthPluginManager] Load ClientAuthService com.alibaba.nacos.client.auth.impl.NacosClientAuthServiceImpl success.
2025-11-02 20:34:59.047 [main] INFO  c.a.n.p.auth.spi.client.ClientAuthPluginManager - [ClientAuthPluginManager] Load ClientAuthService com.alibaba.nacos.client.auth.ram.RamClientAuthServiceImpl success.
2025-11-02 20:34:59.049 [main] INFO  com.alibaba.nacos.common.remote.client - [RpcClientFactory] create a new rpc client of 347238db-8a8f-4b90-8f51-8fcf5ea8e65e
2025-11-02 20:34:59.050 [main] INFO  com.alibaba.nacos.common.remote.client - [347238db-8a8f-4b90-8f51-8fcf5ea8e65e] RpcClient init, ServerListFactory = com.alibaba.nacos.client.naming.core.ServerListManager
2025-11-02 20:34:59.051 [main] INFO  com.alibaba.nacos.common.remote.client - [347238db-8a8f-4b90-8f51-8fcf5ea8e65e] Registry connection listener to current client:com.alibaba.nacos.client.naming.remote.gprc.redo.NamingGrpcRedoService
2025-11-02 20:34:59.052 [main] INFO  com.alibaba.nacos.common.remote.client - [347238db-8a8f-4b90-8f51-8fcf5ea8e65e] Register server push request handler:com.alibaba.nacos.client.naming.remote.gprc.NamingPushRequestHandler
2025-11-02 20:34:59.052 [main] INFO  com.alibaba.nacos.common.remote.client - [347238db-8a8f-4b90-8f51-8fcf5ea8e65e] Try to connect to server on start up, server: {serverIp = '127.0.0.1', server main port = 8848}
2025-11-02 20:34:59.052 [main] INFO  c.a.nacos.common.remote.client.grpc.GrpcClient - grpc client connection server:127.0.0.1 ip,serverPort:9848,grpcTslConfig:{"sslProvider":"OPENSSL","enableTls":false,"mutualAuthEnable":false,"trustAll":false}
2025-11-02 20:34:59.176 [main] INFO  com.alibaba.nacos.common.remote.client - [347238db-8a8f-4b90-8f51-8fcf5ea8e65e] Success to connect to server [127.0.0.1:8848] on start up, connectionId = 1762086899057_127.0.0.1_8735
2025-11-02 20:34:59.176 [main] INFO  com.alibaba.nacos.common.remote.client - [347238db-8a8f-4b90-8f51-8fcf5ea8e65e] Register server push request handler:com.alibaba.nacos.common.remote.client.RpcClient$ConnectResetRequestHandler
2025-11-02 20:34:59.176 [main] INFO  com.alibaba.nacos.common.remote.client - [347238db-8a8f-4b90-8f51-8fcf5ea8e65e] Register server push request handler:com.alibaba.nacos.common.remote.client.RpcClient$$Lambda$607/0x0000026586448668
2025-11-02 20:34:59.176 [com.alibaba.nacos.client.remote.worker] INFO  com.alibaba.nacos.common.remote.client - [347238db-8a8f-4b90-8f51-8fcf5ea8e65e] Notify connected event to listeners.
2025-11-02 20:34:59.176 [com.alibaba.nacos.client.remote.worker] INFO  com.alibaba.nacos.client.naming - Grpc connection connect
2025-11-02 20:34:59.177 [main] INFO  com.alibaba.nacos.client.naming - [REGISTER-SERVICE] xiaohashu registering service xiaohashu-auth with instance Instance{instanceId='null', ip='192.168.134.1', port=8080, weight=1.0, healthy=true, enabled=true, ephemeral=true, clusterName='DEFAULT', serviceName='null', metadata={IPv6=null, preserved.register.source=SPRING_CLOUD}}
2025-11-02 20:34:59.184 [main] INFO  c.a.cloud.nacos.registry.NacosServiceRegistry - nacos registry, DEFAULT_GROUP xiaohashu-auth 192.168.134.1:8080 register finished
2025-11-02 20:35:00.405 [main] INFO  org.springframework.cloud.commons.util.InetUtils - Cannot determine local hostname
2025-11-02 20:35:00.416 [main] INFO  c.q.xiaohashu.auth.XiaohashuAuthApplication - Started XiaohashuAuthApplication in 10.551 seconds (process running for 11.205)
2025-11-02 20:35:00.420 [main] INFO  com.alibaba.nacos.client.config.impl.CacheData - nacos.cache.data.init.snapshot = true 
2025-11-02 20:35:00.420 [main] INFO  com.alibaba.nacos.client.config.impl.ClientWorker - [fixed-xiaohashu-127.0.0.1_8848] [subscribe] xiaohashu-auth.yaml+DEFAULT_GROUP+xiaohashu
2025-11-02 20:35:00.425 [main] INFO  com.alibaba.nacos.client.config.impl.CacheData - [fixed-xiaohashu-127.0.0.1_8848] [add-listener] ok, tenant=xiaohashu, dataId=xiaohashu-auth.yaml, group=DEFAULT_GROUP, cnt=1
2025-11-02 20:35:00.425 [main] INFO  c.a.cloud.nacos.refresh.NacosContextRefresher - [Nacos Config] Listening config: dataId=xiaohashu-auth.yaml, group=DEFAULT_GROUP
2025-11-02 20:35:00.425 [main] INFO  com.alibaba.nacos.client.config.impl.ClientWorker - [fixed-xiaohashu-127.0.0.1_8848] [subscribe] xiaohashu-auth-dev.yaml+DEFAULT_GROUP+xiaohashu
2025-11-02 20:35:00.425 [main] INFO  com.alibaba.nacos.client.config.impl.CacheData - [fixed-xiaohashu-127.0.0.1_8848] [add-listener] ok, tenant=xiaohashu, dataId=xiaohashu-auth-dev.yaml, group=DEFAULT_GROUP, cnt=1
2025-11-02 20:35:00.425 [main] INFO  c.a.cloud.nacos.refresh.NacosContextRefresher - [Nacos Config] Listening config: dataId=xiaohashu-auth-dev.yaml, group=DEFAULT_GROUP
2025-11-02 20:35:00.427 [main] INFO  com.alibaba.nacos.client.config.impl.ClientWorker - [fixed-xiaohashu-127.0.0.1_8848] [subscribe] xiaohashu-auth+DEFAULT_GROUP+xiaohashu
2025-11-02 20:35:00.427 [main] INFO  com.alibaba.nacos.client.config.impl.CacheData - [fixed-xiaohashu-127.0.0.1_8848] [add-listener] ok, tenant=xiaohashu, dataId=xiaohashu-auth, group=DEFAULT_GROUP, cnt=1
2025-11-02 20:35:00.427 [main] INFO  c.a.cloud.nacos.refresh.NacosContextRefresher - [Nacos Config] Listening config: dataId=xiaohashu-auth, group=DEFAULT_GROUP
2025-11-02 21:04:03.319 [main] WARN  com.alibaba.nacos.client.logging.NacosLogging - Load Logback Configuration of Nacos fail, message: Could not initialize Logback Nacos logging from classpath:nacos-logback.xml
2025-11-02 21:04:03.357 [main] WARN  com.alibaba.nacos.client.logging.NacosLogging - Load Logback Configuration of Nacos fail, message: Could not initialize Logback Nacos logging from classpath:nacos-logback.xml
2025-11-02 21:04:03.528 [main] WARN  com.alibaba.nacos.client.logging.NacosLogging - Load Logback Configuration of Nacos fail, message: Could not initialize Logback Nacos logging from classpath:nacos-logback.xml
2025-11-02 21:04:03.529 [main] INFO  com.alibaba.nacos.client.utils.ParamUtil - [settings] [req-serv] nacos-server port:8848
2025-11-02 21:04:03.529 [main] INFO  com.alibaba.nacos.client.utils.ParamUtil - [settings] [http-client] connect timeout:1000
2025-11-02 21:04:03.530 [main] INFO  com.alibaba.nacos.client.utils.ParamUtil - PER_TASK_CONFIG_SIZE: 3000.0
2025-11-02 21:04:03.544 [main] INFO  c.a.n.p.auth.spi.client.ClientAuthPluginManager - [ClientAuthPluginManager] Load ClientAuthService com.alibaba.nacos.client.auth.impl.NacosClientAuthServiceImpl success.
2025-11-02 21:04:03.544 [main] INFO  c.a.n.p.auth.spi.client.ClientAuthPluginManager - [ClientAuthPluginManager] Load ClientAuthService com.alibaba.nacos.client.auth.ram.RamClientAuthServiceImpl success.
2025-11-02 21:04:03.549 [main] INFO  c.a.n.client.auth.ram.identify.CredentialWatcher - null No credential found
2025-11-02 21:04:04.888 [main] WARN  com.alibaba.nacos.client.logging.NacosLogging - Load Logback Configuration of Nacos fail, message: Could not initialize Logback Nacos logging from classpath:nacos-logback.xml
2025-11-02 21:04:04.914 [main] INFO  c.a.n.client.config.impl.LocalConfigInfoProcessor - LOCAL_SNAPSHOT_PATH:C:\Users\hp\nacos\config
2025-11-02 21:04:04.916 [main] INFO  com.alibaba.nacos.common.remote.client - [RpcClientFactory] create a new rpc client of 0f9e1a1c-0cb5-4c72-b47e-959cb86d31d6_config-0
2025-11-02 21:04:04.929 [main] INFO  com.alibaba.nacos.common.remote.client - [0f9e1a1c-0cb5-4c72-b47e-959cb86d31d6_config-0] Register server push request handler:com.alibaba.nacos.client.config.impl.ClientWorker$ConfigRpcTransportClient$$Lambda$586/0x0000021d8133b140
2025-11-02 21:04:04.929 [main] INFO  com.alibaba.nacos.common.remote.client - [0f9e1a1c-0cb5-4c72-b47e-959cb86d31d6_config-0] Register server push request handler:com.alibaba.nacos.client.config.impl.ClientWorker$ConfigRpcTransportClient$$Lambda$587/0x0000021d8133b560
2025-11-02 21:04:04.929 [main] INFO  com.alibaba.nacos.common.remote.client - [0f9e1a1c-0cb5-4c72-b47e-959cb86d31d6_config-0] Registry connection listener to current client:com.alibaba.nacos.client.config.impl.ClientWorker$ConfigRpcTransportClient$1
2025-11-02 21:04:04.930 [main] INFO  com.alibaba.nacos.common.remote.client - [0f9e1a1c-0cb5-4c72-b47e-959cb86d31d6_config-0] RpcClient init, ServerListFactory = com.alibaba.nacos.client.config.impl.ClientWorker$ConfigRpcTransportClient$2
2025-11-02 21:04:04.936 [main] INFO  com.alibaba.nacos.common.remote.client - [0f9e1a1c-0cb5-4c72-b47e-959cb86d31d6_config-0] Try to connect to server on start up, server: {serverIp = '127.0.0.1', server main port = 8848}
2025-11-02 21:04:04.965 [main] INFO  c.a.nacos.common.remote.client.grpc.GrpcClient - grpc client connection server:127.0.0.1 ip,serverPort:9848,grpcTslConfig:{"sslProvider":"OPENSSL","enableTls":false,"mutualAuthEnable":false,"trustAll":false}
2025-11-02 21:04:05.668 [main] INFO  com.alibaba.nacos.common.remote.client - [0f9e1a1c-0cb5-4c72-b47e-959cb86d31d6_config-0] Success to connect to server [127.0.0.1:8848] on start up, connectionId = 1762088645512_127.0.0.1_12324
2025-11-02 21:04:05.669 [com.alibaba.nacos.client.remote.worker] INFO  com.alibaba.nacos.common.remote.client - [0f9e1a1c-0cb5-4c72-b47e-959cb86d31d6_config-0] Notify connected event to listeners.
2025-11-02 21:04:05.669 [com.alibaba.nacos.client.remote.worker] INFO  com.alibaba.nacos.client.config.impl.ClientWorker - [0f9e1a1c-0cb5-4c72-b47e-959cb86d31d6_config-0] Connected,notify listen context...
2025-11-02 21:04:05.669 [main] INFO  com.alibaba.nacos.common.remote.client - [0f9e1a1c-0cb5-4c72-b47e-959cb86d31d6_config-0] Register server push request handler:com.alibaba.nacos.common.remote.client.RpcClient$ConnectResetRequestHandler
2025-11-02 21:04:05.669 [main] INFO  com.alibaba.nacos.common.remote.client - [0f9e1a1c-0cb5-4c72-b47e-959cb86d31d6_config-0] Register server push request handler:com.alibaba.nacos.common.remote.client.RpcClient$$Lambda$607/0x0000021d81448cb8
2025-11-02 21:04:05.695 [main] INFO  com.alibaba.nacos.client.config.impl.Limiter - limitTime:5.0
2025-11-02 21:04:05.705 [main] INFO  com.alibaba.nacos.client.config.utils.JvmUtil - isMultiInstance:false
2025-11-02 21:04:05.718 [main] WARN  c.a.cloud.nacos.client.NacosPropertySourceBuilder - Ignore the empty nacos configuration and get it based on dataId[xiaohashu-auth.yaml] & group[DEFAULT_GROUP]
2025-11-02 21:04:05.724 [main] INFO  o.s.c.b.c.PropertySourceBootstrapConfiguration - Located property source: [BootstrapPropertySource {name='bootstrapProperties-xiaohashu-auth-dev.yaml,DEFAULT_GROUP'}, BootstrapPropertySource {name='bootstrapProperties-xiaohashu-auth.yaml,DEFAULT_GROUP'}, BootstrapPropertySource {name='bootstrapProperties-xiaohashu-auth,DEFAULT_GROUP'}]
2025-11-02 21:04:05.740 [main] WARN  com.alibaba.nacos.client.logging.NacosLogging - Load Logback Configuration of Nacos fail, message: Could not initialize Logback Nacos logging from classpath:nacos-logback.xml
2025-11-02 21:04:05.741 [main] INFO  c.q.xiaohashu.auth.XiaohashuAuthApplication - The following 1 profile is active: "dev"
2025-11-02 21:04:06.235 [main] INFO  o.s.d.r.config.RepositoryConfigurationDelegate - Multiple Spring Data modules found, entering strict repository configuration mode
2025-11-02 21:04:06.236 [main] INFO  o.s.d.r.config.RepositoryConfigurationDelegate - Bootstrapping Spring Data Redis repositories in DEFAULT mode.
2025-11-02 21:04:06.253 [main] INFO  o.s.d.r.config.RepositoryConfigurationDelegate - Finished Spring Data repository scanning in 7 ms. Found 0 Redis repository interfaces.
2025-11-02 21:04:06.357 [main] INFO  o.springframework.cloud.context.scope.GenericScope - BeanFactory id=d318223d-eebf-31c7-94b8-6b089eb2914b
2025-11-02 21:04:06.368 [main] INFO  o.s.c.s.PostProcessorRegistrationDelegate$BeanPostProcessorChecker - Bean 'com.quanxiaoha.xiaohashu.user.api.UserFeignApi' of type [org.springframework.cloud.openfeign.FeignClientFactoryBean] is not eligible for getting processed by all BeanPostProcessors (for example: not eligible for auto-proxying)
2025-11-02 21:04:06.663 [main] INFO  o.s.boot.web.embedded.tomcat.TomcatWebServer - Tomcat initialized with port(s): 8080 (http)
2025-11-02 21:04:06.672 [main] INFO  org.apache.catalina.core.StandardService - Starting service [Tomcat]
2025-11-02 21:04:06.672 [main] INFO  org.apache.catalina.core.StandardEngine - Starting Servlet engine: [Apache Tomcat/10.1.5]
2025-11-02 21:04:06.757 [main] INFO  o.a.c.core.ContainerBase.[Tomcat].[localhost].[/] - Initializing Spring embedded WebApplicationContext
2025-11-02 21:04:06.757 [main] INFO  o.s.b.w.s.c.ServletWebServerApplicationContext - Root WebApplicationContext: initialization completed in 1007 ms
2025-11-02 21:04:07.043 [main] INFO  o.s.cloud.openfeign.FeignClientFactoryBean - For 'xiaohashu-user' URL not provided. Will try picking an instance via load-balancing.
2025-11-02 21:04:08.582 [main] INFO  org.springframework.cloud.commons.util.InetUtils - Cannot determine local hostname
2025-11-02 21:04:10.104 [main] INFO  org.springframework.cloud.commons.util.InetUtils - Cannot determine local hostname
2025-11-02 21:04:10.129 [main] WARN  o.s.c.l.c.LoadBalancerCacheAutoConfiguration$LoadBalancerCaffeineWarnLogger - Spring Cloud LoadBalancer is currently working with the default cache. While this cache implementation is useful for development and tests, it's recommended to use Caffeine cache in production.You can switch to using Caffeine cache, by adding it and org.springframework.cache.caffeine.CaffeineCacheManager to the classpath.
2025-11-02 21:04:10.169 [main] INFO  o.s.boot.web.embedded.tomcat.TomcatWebServer - Tomcat started on port(s): 8080 (http) with context path ''
2025-11-02 21:04:10.170 [main] INFO  com.alibaba.nacos.client.naming - initializer namespace from ans.namespace attribute : null
2025-11-02 21:04:10.171 [main] INFO  com.alibaba.nacos.client.naming - initializer namespace from ALIBABA_ALIWARE_NAMESPACE attribute :null
2025-11-02 21:04:10.171 [main] INFO  com.alibaba.nacos.client.naming - initializer namespace from namespace attribute :null
2025-11-02 21:04:10.175 [main] INFO  c.a.n.p.auth.spi.client.ClientAuthPluginManager - [ClientAuthPluginManager] Load ClientAuthService com.alibaba.nacos.client.auth.impl.NacosClientAuthServiceImpl success.
2025-11-02 21:04:10.175 [main] INFO  c.a.n.p.auth.spi.client.ClientAuthPluginManager - [ClientAuthPluginManager] Load ClientAuthService com.alibaba.nacos.client.auth.ram.RamClientAuthServiceImpl success.
2025-11-02 21:04:10.177 [main] INFO  com.alibaba.nacos.common.remote.client - [RpcClientFactory] create a new rpc client of 3b548fe2-1dbd-4f67-ac9a-31faa172bc06
2025-11-02 21:04:10.177 [main] INFO  com.alibaba.nacos.common.remote.client - [3b548fe2-1dbd-4f67-ac9a-31faa172bc06] RpcClient init, ServerListFactory = com.alibaba.nacos.client.naming.core.ServerListManager
2025-11-02 21:04:10.177 [main] INFO  com.alibaba.nacos.common.remote.client - [3b548fe2-1dbd-4f67-ac9a-31faa172bc06] Registry connection listener to current client:com.alibaba.nacos.client.naming.remote.gprc.redo.NamingGrpcRedoService
2025-11-02 21:04:10.178 [main] INFO  com.alibaba.nacos.common.remote.client - [3b548fe2-1dbd-4f67-ac9a-31faa172bc06] Register server push request handler:com.alibaba.nacos.client.naming.remote.gprc.NamingPushRequestHandler
2025-11-02 21:04:10.178 [main] INFO  com.alibaba.nacos.common.remote.client - [3b548fe2-1dbd-4f67-ac9a-31faa172bc06] Try to connect to server on start up, server: {serverIp = '127.0.0.1', server main port = 8848}
2025-11-02 21:04:10.178 [main] INFO  c.a.nacos.common.remote.client.grpc.GrpcClient - grpc client connection server:127.0.0.1 ip,serverPort:9848,grpcTslConfig:{"sslProvider":"OPENSSL","enableTls":false,"mutualAuthEnable":false,"trustAll":false}
2025-11-02 21:04:10.291 [main] INFO  com.alibaba.nacos.common.remote.client - [3b548fe2-1dbd-4f67-ac9a-31faa172bc06] Success to connect to server [127.0.0.1:8848] on start up, connectionId = 1762088650183_127.0.0.1_12328
2025-11-02 21:04:10.291 [com.alibaba.nacos.client.remote.worker] INFO  com.alibaba.nacos.common.remote.client - [3b548fe2-1dbd-4f67-ac9a-31faa172bc06] Notify connected event to listeners.
2025-11-02 21:04:10.291 [com.alibaba.nacos.client.remote.worker] INFO  com.alibaba.nacos.client.naming - Grpc connection connect
2025-11-02 21:04:10.291 [main] INFO  com.alibaba.nacos.common.remote.client - [3b548fe2-1dbd-4f67-ac9a-31faa172bc06] Register server push request handler:com.alibaba.nacos.common.remote.client.RpcClient$ConnectResetRequestHandler
2025-11-02 21:04:10.291 [main] INFO  com.alibaba.nacos.common.remote.client - [3b548fe2-1dbd-4f67-ac9a-31faa172bc06] Register server push request handler:com.alibaba.nacos.common.remote.client.RpcClient$$Lambda$607/0x0000021d81448cb8
2025-11-02 21:04:10.291 [main] INFO  com.alibaba.nacos.client.naming - [REGISTER-SERVICE] xiaohashu registering service xiaohashu-auth with instance Instance{instanceId='null', ip='192.168.134.1', port=8080, weight=1.0, healthy=true, enabled=true, ephemeral=true, clusterName='DEFAULT', serviceName='null', metadata={IPv6=null, preserved.register.source=SPRING_CLOUD}}
2025-11-02 21:04:10.300 [main] INFO  c.a.cloud.nacos.registry.NacosServiceRegistry - nacos registry, DEFAULT_GROUP xiaohashu-auth 192.168.134.1:8080 register finished
2025-11-02 21:04:11.501 [main] INFO  org.springframework.cloud.commons.util.InetUtils - Cannot determine local hostname
2025-11-02 21:04:11.518 [main] INFO  c.q.xiaohashu.auth.XiaohashuAuthApplication - Started XiaohashuAuthApplication in 9.894 seconds (process running for 10.451)
2025-11-02 21:04:11.521 [main] INFO  com.alibaba.nacos.client.config.impl.CacheData - nacos.cache.data.init.snapshot = true 
2025-11-02 21:04:11.521 [main] INFO  com.alibaba.nacos.client.config.impl.ClientWorker - [fixed-xiaohashu-127.0.0.1_8848] [subscribe] xiaohashu-auth.yaml+DEFAULT_GROUP+xiaohashu
2025-11-02 21:04:11.527 [main] INFO  com.alibaba.nacos.client.config.impl.CacheData - [fixed-xiaohashu-127.0.0.1_8848] [add-listener] ok, tenant=xiaohashu, dataId=xiaohashu-auth.yaml, group=DEFAULT_GROUP, cnt=1
2025-11-02 21:04:11.527 [main] INFO  c.a.cloud.nacos.refresh.NacosContextRefresher - [Nacos Config] Listening config: dataId=xiaohashu-auth.yaml, group=DEFAULT_GROUP
2025-11-02 21:04:11.528 [main] INFO  com.alibaba.nacos.client.config.impl.ClientWorker - [fixed-xiaohashu-127.0.0.1_8848] [subscribe] xiaohashu-auth-dev.yaml+DEFAULT_GROUP+xiaohashu
2025-11-02 21:04:11.528 [main] INFO  com.alibaba.nacos.client.config.impl.CacheData - [fixed-xiaohashu-127.0.0.1_8848] [add-listener] ok, tenant=xiaohashu, dataId=xiaohashu-auth-dev.yaml, group=DEFAULT_GROUP, cnt=1
2025-11-02 21:04:11.528 [main] INFO  c.a.cloud.nacos.refresh.NacosContextRefresher - [Nacos Config] Listening config: dataId=xiaohashu-auth-dev.yaml, group=DEFAULT_GROUP
2025-11-02 21:04:11.529 [main] INFO  com.alibaba.nacos.client.config.impl.ClientWorker - [fixed-xiaohashu-127.0.0.1_8848] [subscribe] xiaohashu-auth+DEFAULT_GROUP+xiaohashu
2025-11-02 21:04:11.529 [main] INFO  com.alibaba.nacos.client.config.impl.CacheData - [fixed-xiaohashu-127.0.0.1_8848] [add-listener] ok, tenant=xiaohashu, dataId=xiaohashu-auth, group=DEFAULT_GROUP, cnt=1
2025-11-02 21:04:11.529 [main] INFO  c.a.cloud.nacos.refresh.NacosContextRefresher - [Nacos Config] Listening config: dataId=xiaohashu-auth, group=DEFAULT_GROUP
2025-11-02 21:10:22.980 [http-nio-8080-exec-2] INFO  org.springframework.web.servlet.DispatcherServlet - Initializing Servlet 'dispatcherServlet'
2025-11-02 21:10:22.983 [http-nio-8080-exec-2] INFO  org.springframework.web.servlet.DispatcherServlet - Completed initialization in 3 ms
2025-11-02 21:10:22.987 [http-nio-8080-exec-2] INFO  c.q.x.auth.filter.HeaderUserId2ContextFilter - ## HeaderUserId2ContextFilter, 用户 ID: null
2025-11-02 21:11:22.402 [http-nio-8080-exec-3] INFO  c.q.x.auth.filter.HeaderUserId2ContextFilter - ## HeaderUserId2ContextFilter, 用户 ID: null
2025-11-02 21:11:22.454 [http-nio-8080-exec-3] INFO  c.q.f.b.operationlog.aspect.ApiOperationLogAspect - ====== 请求开始: [发送短信验证码], 入参: {"phone":"13344513141"}, 请求类: VerificationCodeController, 请求方法: send =================================== 
2025-11-02 21:11:22.814 [http-nio-8080-exec-3] INFO  c.q.x.a.service.impl.VerificationCodeServiceImpl - ==> 手机号: 13344513141, 已发送验证码：【615053】
2025-11-02 21:11:22.820 [http-nio-8080-exec-3] INFO  c.q.f.b.operationlog.aspect.ApiOperationLogAspect - ====== 请求结束: [发送短信验证码], 耗时: 366ms, 出参: {"success":true,"message":null,"errorCode":null,"data":null} =================================== 
2025-11-02 21:12:05.180 [http-nio-8080-exec-5] INFO  c.q.x.auth.filter.HeaderUserId2ContextFilter - ## HeaderUserId2ContextFilter, 用户 ID: null
2025-11-02 21:12:05.186 [http-nio-8080-exec-5] INFO  c.q.f.b.operationlog.aspect.ApiOperationLogAspect - ====== 请求开始: [用户登录/注册], 入参: {"phone":"13344513141","code":"615053","password":null,"type":1}, 请求类: AuthController, 请求方法: loginAndRegister =================================== 
2025-11-02 21:12:05.258 [http-nio-8080-exec-5] INFO  com.alibaba.nacos.client.naming - [SUBSCRIBE-SERVICE] service:xiaohashu-user, group:DEFAULT_GROUP, clusters: 
2025-11-02 21:12:05.266 [http-nio-8080-exec-5] INFO  com.alibaba.nacos.client.naming - init new ips(1) service: DEFAULT_GROUP@@xiaohashu-user -> [{"ip":"192.168.134.1","port":8082,"weight":1.0,"healthy":true,"enabled":true,"ephemeral":true,"clusterName":"DEFAULT","serviceName":"DEFAULT_GROUP@@xiaohashu-user","metadata":{"preserved.register.source":"SPRING_CLOUD"},"instanceHeartBeatTimeOut":15000,"instanceHeartBeatInterval":5000,"ipDeleteTimeout":30000}]
2025-11-02 21:12:05.266 [http-nio-8080-exec-5] INFO  com.alibaba.nacos.client.naming - current ips:(1) service: DEFAULT_GROUP@@xiaohashu-user -> [{"ip":"192.168.134.1","port":8082,"weight":1.0,"healthy":true,"enabled":true,"ephemeral":true,"clusterName":"DEFAULT","serviceName":"DEFAULT_GROUP@@xiaohashu-user","metadata":{"preserved.register.source":"SPRING_CLOUD"},"instanceHeartBeatTimeOut":15000,"instanceHeartBeatInterval":5000,"ipDeleteTimeout":30000}]
2025-11-02 21:12:05.765 [http-nio-8080-exec-5] INFO  c.q.f.b.operationlog.aspect.ApiOperationLogAspect - ====== 请求结束: [用户登录/注册], 耗时: 580ms, 出参: {"success":true,"message":null,"errorCode":null,"data":"aE1pVPCCwEpHOcvhxeHSWkIGgTnG82TQOUQALCpg5uh2iwXDPhg9MeQon70A63r8o72ghOKYXkRFONtxLDRCP4BeuZcfabg39wwgGmrp4RcMcTFSsKQe9SSdvvAzEvpk"} =================================== 
2025-11-02 21:12:05.824 [nacos-grpc-client-executor-127.0.0.1-112] INFO  com.alibaba.nacos.common.remote.client - [3b548fe2-1dbd-4f67-ac9a-31faa172bc06] Receive server push request, request = NotifySubscriberRequest, requestId = 5
2025-11-02 21:12:05.825 [nacos-grpc-client-executor-127.0.0.1-112] INFO  com.alibaba.nacos.common.remote.client - [3b548fe2-1dbd-4f67-ac9a-31faa172bc06] Ack server push request, request = NotifySubscriberRequest, requestId = 5
