2025-10-29 00:06:48.711 [main] INFO  c.q.xiaohashu.auth.XiaohashuAuthApplication - Starting XiaohashuAuthApplication using Java 17.0.12 with PID 20080 (E:\xiaohashu\xiaohashu-auth\target\classes started by hp in E:\xiaohashu)
2025-10-29 00:06:48.712 [main] INFO  c.q.xiaohashu.auth.XiaohashuAuthApplication - The following 1 profile is active: "dev"
2025-10-29 00:06:49.155 [main] INFO  o.s.d.r.config.RepositoryConfigurationDelegate - Multiple Spring Data modules found, entering strict repository configuration mode
2025-10-29 00:06:49.156 [main] INFO  o.s.d.r.config.RepositoryConfigurationDelegate - Bootstrapping Spring Data Redis repositories in DEFAULT mode.
2025-10-29 00:06:49.171 [main] INFO  o.s.d.r.config.RepositoryConfigurationDelegate - Finished Spring Data repository scanning in 7 ms. Found 0 Redis repository interfaces.
2025-10-29 00:06:49.216 [main] WARN  org.mybatis.spring.mapper.ClassPathMapperScanner - No MyBatis mapper was found in '[com.quanxiaoha.xiaohashu.auth.demos.domain.mapper]' package. Please check your configuration.
2025-10-29 00:06:49.499 [main] INFO  o.s.boot.web.embedded.tomcat.TomcatWebServer - Tomcat initialized with port(s): 8080 (http)
2025-10-29 00:06:49.505 [main] INFO  org.apache.catalina.core.StandardService - Starting service [Tomcat]
2025-10-29 00:06:49.505 [main] INFO  org.apache.catalina.core.StandardEngine - Starting Servlet engine: [Apache Tomcat/10.1.5]
2025-10-29 00:06:49.580 [main] INFO  o.a.c.core.ContainerBase.[Tomcat].[localhost].[/] - Initializing Spring embedded WebApplicationContext
2025-10-29 00:06:49.580 [main] INFO  o.s.b.w.s.c.ServletWebServerApplicationContext - Root WebApplicationContext: initialization completed in 835 ms
2025-10-29 00:06:49.964 [main] INFO  c.a.d.s.b.a.DruidDataSourceAutoConfigure - Init DruidDataSource
2025-10-29 00:06:50.101 [main] INFO  com.alibaba.druid.pool.DruidDataSource - {dataSource-1} inited
2025-10-29 00:06:50.336 [main] INFO  o.s.boot.web.embedded.tomcat.TomcatWebServer - Tomcat started on port(s): 8080 (http) with context path ''
2025-10-29 00:06:50.341 [main] INFO  c.q.xiaohashu.auth.XiaohashuAuthApplication - Started XiaohashuAuthApplication in 1.999 seconds (process running for 2.528)
2025-10-29 00:07:00.630 [http-nio-8080-exec-1] INFO  o.a.c.core.ContainerBase.[Tomcat].[localhost].[/] - Initializing Spring DispatcherServlet 'dispatcherServlet'
2025-10-29 00:07:00.631 [http-nio-8080-exec-1] INFO  org.springframework.web.servlet.DispatcherServlet - Initializing Servlet 'dispatcherServlet'
2025-10-29 00:07:00.631 [http-nio-8080-exec-1] INFO  org.springframework.web.servlet.DispatcherServlet - Completed initialization in 0 ms
2025-10-29 00:07:00.716 [http-nio-8080-exec-1] INFO  c.q.f.b.operationlog.aspect.ApiOperationLogAspect - ====== 请求开始: [发送短信验证码], 入参: {"phone":"18617685129"}, 请求类: VerificationCodeController, 请求方法: send =================================== 
2025-10-29 00:07:00.998 [http-nio-8080-exec-1] INFO  c.q.x.a.service.impl.VerificationCodeServiceImpl - ==> 手机号: 18617685129, 已生成验证码：【100535】
2025-10-29 00:07:00.998 [http-nio-8080-exec-1] INFO  c.q.x.a.service.impl.VerificationCodeServiceImpl - ==> 手机号: 18617685129, 已发送验证码：【100535】
2025-10-29 00:07:00.998 [AuthExecutor-1] INFO  com.quanxiaoha.xiaohashu.auth.sms.AliyunSmsHelper - ==> 开始短信发送, phone: 18617685129, signName: 速通互联验证码, templateCode: 100001, templateParam: {"code":"100535","min":"3"}
2025-10-29 00:07:01.005 [http-nio-8080-exec-1] INFO  c.q.f.b.operationlog.aspect.ApiOperationLogAspect - ====== 请求结束: [发送短信验证码], 耗时: 296ms, 出参: {"success":true,"message":null,"errorCode":null,"data":null} =================================== 
2025-10-29 00:07:01.582 [AuthExecutor-1] ERROR com.quanxiaoha.xiaohashu.auth.sms.AliyunSmsHelper - ==> 短信发送错误: 
com.aliyun.tea.TeaException: code: 400, Specified signature does not match our calculation. server StringToSign is [ACS3-HMAC-SHA256
79a82d75a08307513f70f532feb86e3f01f6a43c599018bbd2b71c7bb4d435ca], server CanonicalRequest is [POST
/
PhoneNumber=18617685129&SignName=%E9%80%9F%E9%80%9A%E4%BA%92%E8%81%94%E9%AA%8C%E8%AF%81%E7%A0%81&TemplateCode=100001&TemplateParam=%7B%22code%22%3A%22100535%22%2C%22min%22%3A%223%22%7D
host:dypnsapi.aliyuncs.com
x-acs-action:SendSmsVerifyCode
x-acs-content-sha256:e3b0c44298fc1c149afbf4c8996fb92427ae41e4649b934ca495991b7852b855
x-acs-credentials-provider:static_ak
x-acs-date:2025-10-28T16:07:01Z
x-acs-signature-nonce:4af1a0d5cdb36c7b08ad1896ee187f29
x-acs-version:2017-05-25

host;x-acs-action;x-acs-content-sha256;x-acs-credentials-provider;x-acs-date;x-acs-signature-nonce;x-acs-version
e3b0c44298fc1c149afbf4c8996fb92427ae41e4649b934ca495991b7852b855] request id: D8D7676A-EF7A-5451-B26D-A91223E4EC6C
	at com.aliyun.teaopenapi.Client.doRequest(Client.java:1031)
	at com.aliyun.teaopenapi.Client.callApi(Client.java:1289)
	at com.aliyun.dypnsapi20170525.Client.sendSmsVerifyCodeWithOptions(Client.java:1274)
	at com.quanxiaoha.xiaohashu.auth.sms.AliyunSmsHelper.sendMessage(AliyunSmsHelper.java:43)
	at com.quanxiaoha.xiaohashu.auth.service.impl.VerificationCodeServiceImpl.lambda$send$0(VerificationCodeServiceImpl.java:55)
	at java.base/java.util.concurrent.Executors$RunnableAdapter.call(Executors.java:539)
	at java.base/java.util.concurrent.FutureTask.run(FutureTask.java:264)
	at java.base/java.util.concurrent.ThreadPoolExecutor.runWorker(ThreadPoolExecutor.java:1136)
	at java.base/java.util.concurrent.ThreadPoolExecutor$Worker.run(ThreadPoolExecutor.java:635)
	at java.base/java.lang.Thread.run(Thread.java:842)
2025-10-29 00:11:38.944 [main] INFO  c.q.xiaohashu.auth.XiaohashuAuthApplication - Starting XiaohashuAuthApplication using Java 17.0.12 with PID 11072 (E:\xiaohashu\xiaohashu-auth\target\classes started by hp in E:\xiaohashu)
2025-10-29 00:11:38.945 [main] INFO  c.q.xiaohashu.auth.XiaohashuAuthApplication - The following 1 profile is active: "dev"
2025-10-29 00:11:39.445 [main] INFO  o.s.d.r.config.RepositoryConfigurationDelegate - Multiple Spring Data modules found, entering strict repository configuration mode
2025-10-29 00:11:39.446 [main] INFO  o.s.d.r.config.RepositoryConfigurationDelegate - Bootstrapping Spring Data Redis repositories in DEFAULT mode.
2025-10-29 00:11:39.465 [main] INFO  o.s.d.r.config.RepositoryConfigurationDelegate - Finished Spring Data repository scanning in 8 ms. Found 0 Redis repository interfaces.
2025-10-29 00:11:39.519 [main] WARN  org.mybatis.spring.mapper.ClassPathMapperScanner - No MyBatis mapper was found in '[com.quanxiaoha.xiaohashu.auth.demos.domain.mapper]' package. Please check your configuration.
2025-10-29 00:11:39.833 [main] INFO  o.s.boot.web.embedded.tomcat.TomcatWebServer - Tomcat initialized with port(s): 8080 (http)
2025-10-29 00:11:39.839 [main] INFO  org.apache.catalina.core.StandardService - Starting service [Tomcat]
2025-10-29 00:11:39.839 [main] INFO  org.apache.catalina.core.StandardEngine - Starting Servlet engine: [Apache Tomcat/10.1.5]
2025-10-29 00:11:39.914 [main] INFO  o.a.c.core.ContainerBase.[Tomcat].[localhost].[/] - Initializing Spring embedded WebApplicationContext
2025-10-29 00:11:39.914 [main] INFO  o.s.b.w.s.c.ServletWebServerApplicationContext - Root WebApplicationContext: initialization completed in 928 ms
2025-10-29 00:11:40.312 [main] INFO  c.a.d.s.b.a.DruidDataSourceAutoConfigure - Init DruidDataSource
2025-10-29 00:11:40.458 [main] INFO  com.alibaba.druid.pool.DruidDataSource - {dataSource-1} inited
2025-10-29 00:11:40.700 [main] INFO  o.s.boot.web.embedded.tomcat.TomcatWebServer - Tomcat started on port(s): 8080 (http) with context path ''
2025-10-29 00:11:40.705 [main] INFO  c.q.xiaohashu.auth.XiaohashuAuthApplication - Started XiaohashuAuthApplication in 2.141 seconds (process running for 2.693)
2025-10-29 00:11:49.287 [http-nio-8080-exec-1] INFO  o.a.c.core.ContainerBase.[Tomcat].[localhost].[/] - Initializing Spring DispatcherServlet 'dispatcherServlet'
2025-10-29 00:11:49.287 [http-nio-8080-exec-1] INFO  org.springframework.web.servlet.DispatcherServlet - Initializing Servlet 'dispatcherServlet'
2025-10-29 00:11:49.287 [http-nio-8080-exec-1] INFO  org.springframework.web.servlet.DispatcherServlet - Completed initialization in 0 ms
2025-10-29 00:11:49.380 [http-nio-8080-exec-1] INFO  c.q.f.b.operationlog.aspect.ApiOperationLogAspect - ====== 请求开始: [发送短信验证码], 入参: {"phone":"18617685129"}, 请求类: VerificationCodeController, 请求方法: send =================================== 
2025-10-29 00:11:49.663 [http-nio-8080-exec-1] INFO  c.q.x.a.service.impl.VerificationCodeServiceImpl - ==> 手机号: 18617685129, 已生成验证码：【372203】
2025-10-29 00:11:49.663 [http-nio-8080-exec-1] INFO  c.q.x.a.service.impl.VerificationCodeServiceImpl - ==> 手机号: 18617685129, 已发送验证码：【372203】
2025-10-29 00:11:49.664 [AuthExecutor-1] INFO  com.quanxiaoha.xiaohashu.auth.sms.AliyunSmsHelper - ==> 开始短信发送, phone: 18617685129, signName: 速通互联验证码, templateCode: 100001, templateParam: {"code":"372203","min":"3"}
2025-10-29 00:11:49.669 [http-nio-8080-exec-1] INFO  c.q.f.b.operationlog.aspect.ApiOperationLogAspect - ====== 请求结束: [发送短信验证码], 耗时: 296ms, 出参: {"success":true,"message":null,"errorCode":null,"data":null} =================================== 
2025-10-29 00:11:50.031 [AuthExecutor-1] ERROR com.quanxiaoha.xiaohashu.auth.sms.AliyunSmsHelper - ==> 短信发送错误: 
com.aliyun.tea.TeaException: code: 400, Specified signature does not match our calculation. server StringToSign is [ACS3-HMAC-SHA256
4462fbd4b5aa5f7e36c20810e1ec40c3b0accfbeeebdf449fe555fb799295d81], server CanonicalRequest is [POST
/
PhoneNumber=18617685129&SignName=%E9%80%9F%E9%80%9A%E4%BA%92%E8%81%94%E9%AA%8C%E8%AF%81%E7%A0%81&TemplateCode=100001&TemplateParam=%7B%22code%22%3A%22372203%22%2C%22min%22%3A%223%22%7D
host:dypnsapi.aliyuncs.com
x-acs-action:SendSmsVerifyCode
x-acs-content-sha256:e3b0c44298fc1c149afbf4c8996fb92427ae41e4649b934ca495991b7852b855
x-acs-credentials-provider:static_ak
x-acs-date:2025-10-28T16:11:49Z
x-acs-signature-nonce:0af2359273cf589b020fd2e60537263f
x-acs-version:2017-05-25

host;x-acs-action;x-acs-content-sha256;x-acs-credentials-provider;x-acs-date;x-acs-signature-nonce;x-acs-version
e3b0c44298fc1c149afbf4c8996fb92427ae41e4649b934ca495991b7852b855] request id: FE9990B0-AABF-5963-9756-20FD1AD83D0A
	at com.aliyun.teaopenapi.Client.doRequest(Client.java:1031)
	at com.aliyun.teaopenapi.Client.callApi(Client.java:1289)
	at com.aliyun.dypnsapi20170525.Client.sendSmsVerifyCodeWithOptions(Client.java:1274)
	at com.quanxiaoha.xiaohashu.auth.sms.AliyunSmsHelper.sendMessage(AliyunSmsHelper.java:43)
	at com.quanxiaoha.xiaohashu.auth.service.impl.VerificationCodeServiceImpl.lambda$send$0(VerificationCodeServiceImpl.java:55)
	at java.base/java.util.concurrent.Executors$RunnableAdapter.call(Executors.java:539)
	at java.base/java.util.concurrent.FutureTask.run(FutureTask.java:264)
	at java.base/java.util.concurrent.ThreadPoolExecutor.runWorker(ThreadPoolExecutor.java:1136)
	at java.base/java.util.concurrent.ThreadPoolExecutor$Worker.run(ThreadPoolExecutor.java:635)
	at java.base/java.lang.Thread.run(Thread.java:842)
2025-10-29 00:16:33.160 [main] INFO  c.q.xiaohashu.auth.XiaohashuAuthApplication - Starting XiaohashuAuthApplication using Java 17.0.12 with PID 22964 (E:\xiaohashu\xiaohashu-auth\target\classes started by hp in E:\xiaohashu)
2025-10-29 00:16:33.162 [main] INFO  c.q.xiaohashu.auth.XiaohashuAuthApplication - The following 1 profile is active: "dev"
2025-10-29 00:16:33.620 [main] INFO  o.s.d.r.config.RepositoryConfigurationDelegate - Multiple Spring Data modules found, entering strict repository configuration mode
2025-10-29 00:16:33.622 [main] INFO  o.s.d.r.config.RepositoryConfigurationDelegate - Bootstrapping Spring Data Redis repositories in DEFAULT mode.
2025-10-29 00:16:33.638 [main] INFO  o.s.d.r.config.RepositoryConfigurationDelegate - Finished Spring Data repository scanning in 7 ms. Found 0 Redis repository interfaces.
2025-10-29 00:16:33.693 [main] WARN  org.mybatis.spring.mapper.ClassPathMapperScanner - No MyBatis mapper was found in '[com.quanxiaoha.xiaohashu.auth.demos.domain.mapper]' package. Please check your configuration.
2025-10-29 00:16:33.991 [main] INFO  o.s.boot.web.embedded.tomcat.TomcatWebServer - Tomcat initialized with port(s): 8080 (http)
2025-10-29 00:16:33.995 [main] INFO  org.apache.catalina.core.StandardService - Starting service [Tomcat]
2025-10-29 00:16:33.995 [main] INFO  org.apache.catalina.core.StandardEngine - Starting Servlet engine: [Apache Tomcat/10.1.5]
2025-10-29 00:16:34.069 [main] INFO  o.a.c.core.ContainerBase.[Tomcat].[localhost].[/] - Initializing Spring embedded WebApplicationContext
2025-10-29 00:16:34.069 [main] INFO  o.s.b.w.s.c.ServletWebServerApplicationContext - Root WebApplicationContext: initialization completed in 871 ms
2025-10-29 00:16:34.440 [main] INFO  c.a.d.s.b.a.DruidDataSourceAutoConfigure - Init DruidDataSource
2025-10-29 00:16:34.577 [main] INFO  com.alibaba.druid.pool.DruidDataSource - {dataSource-1} inited
2025-10-29 00:16:34.897 [main] INFO  o.s.boot.web.embedded.tomcat.TomcatWebServer - Tomcat started on port(s): 8080 (http) with context path ''
2025-10-29 00:16:34.905 [main] INFO  c.q.xiaohashu.auth.XiaohashuAuthApplication - Started XiaohashuAuthApplication in 2.11 seconds (process running for 2.542)
2025-10-29 00:16:40.374 [http-nio-8080-exec-4] INFO  o.a.c.core.ContainerBase.[Tomcat].[localhost].[/] - Initializing Spring DispatcherServlet 'dispatcherServlet'
2025-10-29 00:16:40.375 [http-nio-8080-exec-4] INFO  org.springframework.web.servlet.DispatcherServlet - Initializing Servlet 'dispatcherServlet'
2025-10-29 00:16:40.375 [http-nio-8080-exec-4] INFO  org.springframework.web.servlet.DispatcherServlet - Completed initialization in 0 ms
2025-10-29 00:16:40.455 [http-nio-8080-exec-4] INFO  c.q.f.b.operationlog.aspect.ApiOperationLogAspect - ====== 请求开始: [发送短信验证码], 入参: {"phone":"18617685129"}, 请求类: VerificationCodeController, 请求方法: send =================================== 
2025-10-29 00:16:40.708 [http-nio-8080-exec-4] INFO  c.q.x.a.service.impl.VerificationCodeServiceImpl - ==> 手机号: 18617685129, 已发送验证码：【626259】
2025-10-29 00:16:40.714 [http-nio-8080-exec-4] INFO  c.q.f.b.operationlog.aspect.ApiOperationLogAspect - ====== 请求结束: [发送短信验证码], 耗时: 264ms, 出参: {"success":true,"message":null,"errorCode":null,"data":null} =================================== 
2025-10-29 22:41:31.251 [main] INFO  c.q.xiaohashu.auth.XiaohashuAuthApplication - Starting XiaohashuAuthApplication using Java 17.0.12 with PID 21024 (E:\xiaohashu\xiaohashu-auth\target\classes started by hp in E:\xiaohashu)
2025-10-29 22:41:31.253 [main] INFO  c.q.xiaohashu.auth.XiaohashuAuthApplication - The following 1 profile is active: "dev"
2025-10-29 22:41:31.691 [main] INFO  o.s.d.r.config.RepositoryConfigurationDelegate - Multiple Spring Data modules found, entering strict repository configuration mode
2025-10-29 22:41:31.692 [main] INFO  o.s.d.r.config.RepositoryConfigurationDelegate - Bootstrapping Spring Data Redis repositories in DEFAULT mode.
2025-10-29 22:41:31.710 [main] INFO  o.s.d.r.config.RepositoryConfigurationDelegate - Finished Spring Data repository scanning in 8 ms. Found 0 Redis repository interfaces.
2025-10-29 22:41:31.765 [main] WARN  org.mybatis.spring.mapper.ClassPathMapperScanner - No MyBatis mapper was found in '[com.quanxiaoha.xiaohashu.auth.demos.domain.mapper]' package. Please check your configuration.
2025-10-29 22:41:32.055 [main] INFO  o.s.boot.web.embedded.tomcat.TomcatWebServer - Tomcat initialized with port(s): 8080 (http)
2025-10-29 22:41:32.061 [main] INFO  org.apache.catalina.core.StandardService - Starting service [Tomcat]
2025-10-29 22:41:32.061 [main] INFO  org.apache.catalina.core.StandardEngine - Starting Servlet engine: [Apache Tomcat/10.1.5]
2025-10-29 22:41:32.125 [main] INFO  o.a.c.core.ContainerBase.[Tomcat].[localhost].[/] - Initializing Spring embedded WebApplicationContext
2025-10-29 22:41:32.125 [main] INFO  o.s.b.w.s.c.ServletWebServerApplicationContext - Root WebApplicationContext: initialization completed in 837 ms
2025-10-29 22:41:32.484 [main] INFO  c.a.d.s.b.a.DruidDataSourceAutoConfigure - Init DruidDataSource
2025-10-29 22:41:32.642 [main] INFO  com.alibaba.druid.pool.DruidDataSource - {dataSource-1} inited
2025-10-29 22:41:32.863 [main] WARN  o.s.b.w.s.c.AnnotationConfigServletWebServerApplicationContext - Exception encountered during context initialization - cancelling refresh attempt: org.springframework.context.ApplicationContextException: Failed to start bean 'webServerStartStop'
2025-10-29 22:41:32.864 [main] INFO  com.alibaba.druid.pool.DruidDataSource - {dataSource-1} closing ...
2025-10-29 22:41:32.867 [main] INFO  com.alibaba.druid.pool.DruidDataSource - {dataSource-1} closed
2025-10-29 22:41:32.874 [main] INFO  org.apache.catalina.core.StandardService - Stopping service [Tomcat]
2025-10-29 22:41:32.883 [main] INFO  o.s.b.a.logging.ConditionEvaluationReportLogger - 

Error starting ApplicationContext. To display the condition evaluation report re-run your application with 'debug' enabled.
2025-10-29 22:41:32.892 [main] ERROR o.s.b.diagnostics.LoggingFailureAnalysisReporter - 

***************************
APPLICATION FAILED TO START
***************************

Description:

Web server failed to start. Port 8080 was already in use.

Action:

Identify and stop the process that's listening on port 8080 or configure this application to listen on another port.

2025-10-29 22:42:10.658 [main] INFO  c.q.xiaohashu.auth.XiaohashuAuthApplication - Starting XiaohashuAuthApplication using Java 17.0.12 with PID 15324 (E:\xiaohashu\xiaohashu-auth\target\classes started by hp in E:\xiaohashu)
2025-10-29 22:42:10.660 [main] INFO  c.q.xiaohashu.auth.XiaohashuAuthApplication - The following 1 profile is active: "dev"
2025-10-29 22:42:11.065 [main] INFO  o.s.d.r.config.RepositoryConfigurationDelegate - Multiple Spring Data modules found, entering strict repository configuration mode
2025-10-29 22:42:11.066 [main] INFO  o.s.d.r.config.RepositoryConfigurationDelegate - Bootstrapping Spring Data Redis repositories in DEFAULT mode.
2025-10-29 22:42:11.081 [main] INFO  o.s.d.r.config.RepositoryConfigurationDelegate - Finished Spring Data repository scanning in 7 ms. Found 0 Redis repository interfaces.
2025-10-29 22:42:11.130 [main] WARN  org.mybatis.spring.mapper.ClassPathMapperScanner - No MyBatis mapper was found in '[com.quanxiaoha.xiaohashu.auth.demos.domain.mapper]' package. Please check your configuration.
2025-10-29 22:42:11.415 [main] INFO  o.s.boot.web.embedded.tomcat.TomcatWebServer - Tomcat initialized with port(s): 8080 (http)
2025-10-29 22:42:11.420 [main] INFO  org.apache.catalina.core.StandardService - Starting service [Tomcat]
2025-10-29 22:42:11.420 [main] INFO  org.apache.catalina.core.StandardEngine - Starting Servlet engine: [Apache Tomcat/10.1.5]
2025-10-29 22:42:11.485 [main] INFO  o.a.c.core.ContainerBase.[Tomcat].[localhost].[/] - Initializing Spring embedded WebApplicationContext
2025-10-29 22:42:11.486 [main] INFO  o.s.b.w.s.c.ServletWebServerApplicationContext - Root WebApplicationContext: initialization completed in 797 ms
2025-10-29 22:42:11.835 [main] INFO  c.a.d.s.b.a.DruidDataSourceAutoConfigure - Init DruidDataSource
2025-10-29 22:42:11.958 [main] INFO  com.alibaba.druid.pool.DruidDataSource - {dataSource-1} inited
2025-10-29 22:42:12.173 [main] INFO  o.s.boot.web.embedded.tomcat.TomcatWebServer - Tomcat started on port(s): 8080 (http) with context path ''
2025-10-29 22:42:12.179 [main] INFO  c.q.xiaohashu.auth.XiaohashuAuthApplication - Started XiaohashuAuthApplication in 1.848 seconds (process running for 2.36)
2025-10-29 22:42:25.435 [http-nio-8080-exec-3] INFO  o.a.c.core.ContainerBase.[Tomcat].[localhost].[/] - Initializing Spring DispatcherServlet 'dispatcherServlet'
2025-10-29 22:42:25.435 [http-nio-8080-exec-3] INFO  org.springframework.web.servlet.DispatcherServlet - Initializing Servlet 'dispatcherServlet'
2025-10-29 22:42:25.435 [http-nio-8080-exec-3] INFO  org.springframework.web.servlet.DispatcherServlet - Completed initialization in 0 ms
2025-10-29 22:42:25.522 [http-nio-8080-exec-3] WARN  c.q.x.auth.exception.GlobalExceptionHandler - /verification/code/send request error, errorCode: AUTH-10001, errorMessage: phone 手机号格式不正确, 需为 11 位数字, 当前值: '1861768512'; 
2025-10-29 22:54:56.544 [main] INFO  c.q.xiaohashu.auth.XiaohashuAuthApplication - Starting XiaohashuAuthApplication using Java 17.0.12 with PID 9336 (E:\xiaohashu\xiaohashu-auth\target\classes started by hp in E:\xiaohashu)
2025-10-29 22:54:56.546 [main] INFO  c.q.xiaohashu.auth.XiaohashuAuthApplication - The following 1 profile is active: "dev"
2025-10-29 22:54:56.952 [main] INFO  o.s.d.r.config.RepositoryConfigurationDelegate - Multiple Spring Data modules found, entering strict repository configuration mode
2025-10-29 22:54:56.953 [main] INFO  o.s.d.r.config.RepositoryConfigurationDelegate - Bootstrapping Spring Data Redis repositories in DEFAULT mode.
2025-10-29 22:54:56.970 [main] INFO  o.s.d.r.config.RepositoryConfigurationDelegate - Finished Spring Data repository scanning in 8 ms. Found 0 Redis repository interfaces.
2025-10-29 22:54:57.013 [main] WARN  org.mybatis.spring.mapper.ClassPathMapperScanner - No MyBatis mapper was found in '[com.quanxiaoha.xiaohashu.auth.demos.domain.mapper]' package. Please check your configuration.
2025-10-29 22:54:57.303 [main] INFO  o.s.boot.web.embedded.tomcat.TomcatWebServer - Tomcat initialized with port(s): 8080 (http)
2025-10-29 22:54:57.308 [main] INFO  org.apache.catalina.core.StandardService - Starting service [Tomcat]
2025-10-29 22:54:57.308 [main] INFO  org.apache.catalina.core.StandardEngine - Starting Servlet engine: [Apache Tomcat/10.1.5]
2025-10-29 22:54:57.372 [main] INFO  o.a.c.core.ContainerBase.[Tomcat].[localhost].[/] - Initializing Spring embedded WebApplicationContext
2025-10-29 22:54:57.372 [main] INFO  o.s.b.w.s.c.ServletWebServerApplicationContext - Root WebApplicationContext: initialization completed in 795 ms
2025-10-29 22:54:57.711 [main] INFO  c.a.d.s.b.a.DruidDataSourceAutoConfigure - Init DruidDataSource
2025-10-29 22:54:57.832 [main] INFO  com.alibaba.druid.pool.DruidDataSource - {dataSource-1} inited
2025-10-29 22:54:58.052 [main] INFO  o.s.boot.web.embedded.tomcat.TomcatWebServer - Tomcat started on port(s): 8080 (http) with context path ''
2025-10-29 22:54:58.057 [main] INFO  c.q.xiaohashu.auth.XiaohashuAuthApplication - Started XiaohashuAuthApplication in 1.844 seconds (process running for 2.399)
