2026-01-08 14:08:18.022 [main] WARN  com.alibaba.nacos.client.logging.NacosLogging - Load Logback Configuration of Nacos fail, message: Could not initialize Logback Nacos logging from classpath:nacos-logback.xml
2026-01-08 14:08:18.065 [main] WARN  com.alibaba.nacos.client.logging.NacosLogging - Load Logback Configuration of Nacos fail, message: Could not initialize Logback Nacos logging from classpath:nacos-logback.xml
2026-01-08 14:08:18.228 [main] WARN  com.alibaba.nacos.client.logging.NacosLogging - Load Logback Configuration of Nacos fail, message: Could not initialize Logback Nacos logging from classpath:nacos-logback.xml
2026-01-08 14:08:18.229 [main] INFO  com.alibaba.nacos.client.utils.ParamUtil - [settings] [req-serv] nacos-server port:8848
2026-01-08 14:08:18.229 [main] INFO  com.alibaba.nacos.client.utils.ParamUtil - [settings] [http-client] connect timeout:1000
2026-01-08 14:08:18.234 [main] INFO  com.alibaba.nacos.client.utils.ParamUtil - PER_TASK_CONFIG_SIZE: 3000.0
2026-01-08 14:08:18.249 [main] INFO  c.a.n.p.auth.spi.client.ClientAuthPluginManager - [ClientAuthPluginManager] Load ClientAuthService com.alibaba.nacos.client.auth.impl.NacosClientAuthServiceImpl success.
2026-01-08 14:08:18.249 [main] INFO  c.a.n.p.auth.spi.client.ClientAuthPluginManager - [ClientAuthPluginManager] Load ClientAuthService com.alibaba.nacos.client.auth.ram.RamClientAuthServiceImpl success.
2026-01-08 14:08:18.250 [main] INFO  c.a.n.client.auth.ram.identify.CredentialWatcher - null No credential found
2026-01-08 14:08:19.475 [main] WARN  com.alibaba.nacos.client.logging.NacosLogging - Load Logback Configuration of Nacos fail, message: Could not initialize Logback Nacos logging from classpath:nacos-logback.xml
2026-01-08 14:08:19.485 [main] INFO  c.a.n.client.config.impl.LocalConfigInfoProcessor - LOCAL_SNAPSHOT_PATH:C:\Users\hp\nacos\config
2026-01-08 14:08:19.488 [main] INFO  com.alibaba.nacos.common.remote.client - [RpcClientFactory] create a new rpc client of 16645187-3e5d-44e8-9ba2-91b6cae7a686_config-0
2026-01-08 14:08:19.497 [main] INFO  com.alibaba.nacos.common.remote.client - [16645187-3e5d-44e8-9ba2-91b6cae7a686_config-0] Register server push request handler:com.alibaba.nacos.client.config.impl.ClientWorker$ConfigRpcTransportClient$$Lambda$584/0x000002175033a868
2026-01-08 14:08:19.497 [main] INFO  com.alibaba.nacos.common.remote.client - [16645187-3e5d-44e8-9ba2-91b6cae7a686_config-0] Register server push request handler:com.alibaba.nacos.client.config.impl.ClientWorker$ConfigRpcTransportClient$$Lambda$585/0x000002175033ac88
2026-01-08 14:08:19.498 [main] INFO  com.alibaba.nacos.common.remote.client - [16645187-3e5d-44e8-9ba2-91b6cae7a686_config-0] Registry connection listener to current client:com.alibaba.nacos.client.config.impl.ClientWorker$ConfigRpcTransportClient$1
2026-01-08 14:08:19.498 [main] INFO  com.alibaba.nacos.common.remote.client - [16645187-3e5d-44e8-9ba2-91b6cae7a686_config-0] RpcClient init, ServerListFactory = com.alibaba.nacos.client.config.impl.ClientWorker$ConfigRpcTransportClient$2
2026-01-08 14:08:19.503 [main] INFO  com.alibaba.nacos.common.remote.client - [16645187-3e5d-44e8-9ba2-91b6cae7a686_config-0] Try to connect to server on start up, server: {serverIp = '127.0.0.1', server main port = 8848}
2026-01-08 14:08:19.526 [main] INFO  c.a.nacos.common.remote.client.grpc.GrpcClient - grpc client connection server:127.0.0.1 ip,serverPort:9848,grpcTslConfig:{"sslProvider":"OPENSSL","enableTls":false,"mutualAuthEnable":false,"trustAll":false}
2026-01-08 14:08:20.291 [main] INFO  com.alibaba.nacos.common.remote.client - [16645187-3e5d-44e8-9ba2-91b6cae7a686_config-0] Success to connect to server [127.0.0.1:8848] on start up, connectionId = 1767852500071_127.0.0.1_7256
2026-01-08 14:08:20.291 [com.alibaba.nacos.client.remote.worker] INFO  com.alibaba.nacos.common.remote.client - [16645187-3e5d-44e8-9ba2-91b6cae7a686_config-0] Notify connected event to listeners.
2026-01-08 14:08:20.291 [com.alibaba.nacos.client.remote.worker] INFO  com.alibaba.nacos.client.config.impl.ClientWorker - [16645187-3e5d-44e8-9ba2-91b6cae7a686_config-0] Connected,notify listen context...
2026-01-08 14:08:20.291 [main] INFO  com.alibaba.nacos.common.remote.client - [16645187-3e5d-44e8-9ba2-91b6cae7a686_config-0] Register server push request handler:com.alibaba.nacos.common.remote.client.RpcClient$ConnectResetRequestHandler
2026-01-08 14:08:20.291 [main] INFO  com.alibaba.nacos.common.remote.client - [16645187-3e5d-44e8-9ba2-91b6cae7a686_config-0] Register server push request handler:com.alibaba.nacos.common.remote.client.RpcClient$$Lambda$605/0x0000021750448440
2026-01-08 14:08:20.323 [main] INFO  com.alibaba.nacos.client.config.impl.Limiter - limitTime:5.0
2026-01-08 14:08:20.557 [main] WARN  c.a.cloud.nacos.client.NacosPropertySourceBuilder - Ignore the empty nacos configuration and get it based on dataId[xiaohashu-data-align] & group[DEFAULT_GROUP]
2026-01-08 14:08:20.620 [main] WARN  c.a.cloud.nacos.client.NacosPropertySourceBuilder - Ignore the empty nacos configuration and get it based on dataId[xiaohashu-data-align.yaml] & group[DEFAULT_GROUP]
2026-01-08 14:08:20.633 [main] WARN  c.a.cloud.nacos.client.NacosPropertySourceBuilder - Ignore the empty nacos configuration and get it based on dataId[xiaohashu-data-align-dev.yaml] & group[DEFAULT_GROUP]
2026-01-08 14:08:20.634 [main] INFO  o.s.c.b.c.PropertySourceBootstrapConfiguration - Located property source: [BootstrapPropertySource {name='bootstrapProperties-xiaohashu-data-align-dev.yaml,DEFAULT_GROUP'}, BootstrapPropertySource {name='bootstrapProperties-xiaohashu-data-align.yaml,DEFAULT_GROUP'}, BootstrapPropertySource {name='bootstrapProperties-xiaohashu-data-align,DEFAULT_GROUP'}]
2026-01-08 14:08:20.652 [main] WARN  com.alibaba.nacos.client.logging.NacosLogging - Load Logback Configuration of Nacos fail, message: Could not initialize Logback Nacos logging from classpath:nacos-logback.xml
2026-01-08 14:08:20.653 [main] INFO  c.q.x.data.align.XiaohashuDataAlignApplication - The following 1 profile is active: "dev"
2026-01-08 14:08:21.198 [main] INFO  o.s.d.r.config.RepositoryConfigurationDelegate - Multiple Spring Data modules found, entering strict repository configuration mode
2026-01-08 14:08:21.200 [main] INFO  o.s.d.r.config.RepositoryConfigurationDelegate - Bootstrapping Spring Data Redis repositories in DEFAULT mode.
2026-01-08 14:08:21.215 [main] INFO  o.s.d.r.config.RepositoryConfigurationDelegate - Finished Spring Data repository scanning in 4 ms. Found 0 Redis repository interfaces.
2026-01-08 14:08:21.271 [main] WARN  org.mybatis.spring.mapper.ClassPathMapperScanner - No MyBatis mapper was found in '[com.quanxiaoha.xiaohashu.data.align.domain.mapper]' package. Please check your configuration.
2026-01-08 14:08:21.321 [main] INFO  o.springframework.cloud.context.scope.GenericScope - BeanFactory id=38160242-02c2-3e96-b16b-1d3ff85c4293
2026-01-08 14:08:21.530 [main] INFO  o.s.boot.web.embedded.tomcat.TomcatWebServer - Tomcat initialized with port(s): 8091 (http)
2026-01-08 14:08:21.537 [main] INFO  org.apache.catalina.core.StandardService - Starting service [Tomcat]
2026-01-08 14:08:21.537 [main] INFO  org.apache.catalina.core.StandardEngine - Starting Servlet engine: [Apache Tomcat/10.1.5]
2026-01-08 14:08:21.612 [main] INFO  o.a.c.core.ContainerBase.[Tomcat].[localhost].[/] - Initializing Spring embedded WebApplicationContext
2026-01-08 14:08:21.612 [main] INFO  o.s.b.w.s.c.ServletWebServerApplicationContext - Root WebApplicationContext: initialization completed in 942 ms
2026-01-08 14:08:22.963 [main] INFO  org.springframework.cloud.commons.util.InetUtils - Cannot determine local hostname
2026-01-08 14:08:23.076 [main] INFO  c.a.d.s.b.a.DruidDataSourceAutoConfigure - Init DruidDataSource
2026-01-08 14:08:23.302 [main] INFO  com.alibaba.druid.pool.DruidDataSource - {dataSource-1} inited
2026-01-08 14:08:24.732 [main] INFO  org.springframework.cloud.commons.util.InetUtils - Cannot determine local hostname
2026-01-08 14:08:24.782 [main] INFO  o.s.boot.web.embedded.tomcat.TomcatWebServer - Tomcat started on port(s): 8091 (http) with context path ''
2026-01-08 14:08:24.785 [main] INFO  com.alibaba.nacos.client.naming - initializer namespace from ans.namespace attribute : null
2026-01-08 14:08:24.785 [main] INFO  com.alibaba.nacos.client.naming - initializer namespace from ALIBABA_ALIWARE_NAMESPACE attribute :null
2026-01-08 14:08:24.785 [main] INFO  com.alibaba.nacos.client.naming - initializer namespace from namespace attribute :null
2026-01-08 14:08:24.790 [main] INFO  c.a.n.p.auth.spi.client.ClientAuthPluginManager - [ClientAuthPluginManager] Load ClientAuthService com.alibaba.nacos.client.auth.impl.NacosClientAuthServiceImpl success.
2026-01-08 14:08:24.790 [main] INFO  c.a.n.p.auth.spi.client.ClientAuthPluginManager - [ClientAuthPluginManager] Load ClientAuthService com.alibaba.nacos.client.auth.ram.RamClientAuthServiceImpl success.
2026-01-08 14:08:24.792 [main] INFO  com.alibaba.nacos.common.remote.client - [RpcClientFactory] create a new rpc client of 18f46522-af3b-4c67-ad5d-53090faa944e
2026-01-08 14:08:24.792 [main] INFO  com.alibaba.nacos.common.remote.client - [18f46522-af3b-4c67-ad5d-53090faa944e] RpcClient init, ServerListFactory = com.alibaba.nacos.client.naming.core.ServerListManager
2026-01-08 14:08:24.792 [main] INFO  com.alibaba.nacos.common.remote.client - [18f46522-af3b-4c67-ad5d-53090faa944e] Registry connection listener to current client:com.alibaba.nacos.client.naming.remote.gprc.redo.NamingGrpcRedoService
2026-01-08 14:08:24.793 [main] INFO  com.alibaba.nacos.common.remote.client - [18f46522-af3b-4c67-ad5d-53090faa944e] Register server push request handler:com.alibaba.nacos.client.naming.remote.gprc.NamingPushRequestHandler
2026-01-08 14:08:24.793 [main] INFO  com.alibaba.nacos.common.remote.client - [18f46522-af3b-4c67-ad5d-53090faa944e] Try to connect to server on start up, server: {serverIp = '127.0.0.1', server main port = 8848}
2026-01-08 14:08:24.793 [main] INFO  c.a.nacos.common.remote.client.grpc.GrpcClient - grpc client connection server:127.0.0.1 ip,serverPort:9848,grpcTslConfig:{"sslProvider":"OPENSSL","enableTls":false,"mutualAuthEnable":false,"trustAll":false}
2026-01-08 14:08:24.934 [main] INFO  com.alibaba.nacos.common.remote.client - [18f46522-af3b-4c67-ad5d-53090faa944e] Success to connect to server [127.0.0.1:8848] on start up, connectionId = 1767852504817_127.0.0.1_7333
2026-01-08 14:08:24.934 [com.alibaba.nacos.client.remote.worker] INFO  com.alibaba.nacos.common.remote.client - [18f46522-af3b-4c67-ad5d-53090faa944e] Notify connected event to listeners.
2026-01-08 14:08:24.934 [com.alibaba.nacos.client.remote.worker] INFO  com.alibaba.nacos.client.naming - Grpc connection connect
2026-01-08 14:08:24.934 [main] INFO  com.alibaba.nacos.common.remote.client - [18f46522-af3b-4c67-ad5d-53090faa944e] Register server push request handler:com.alibaba.nacos.common.remote.client.RpcClient$ConnectResetRequestHandler
2026-01-08 14:08:24.934 [main] INFO  com.alibaba.nacos.common.remote.client - [18f46522-af3b-4c67-ad5d-53090faa944e] Register server push request handler:com.alibaba.nacos.common.remote.client.RpcClient$$Lambda$605/0x0000021750448440
2026-01-08 14:08:24.936 [main] INFO  com.alibaba.nacos.client.naming - [REGISTER-SERVICE] xiaohashu registering service xiaohashu-data-align with instance Instance{instanceId='null', ip='192.168.134.1', port=8091, weight=1.0, healthy=true, enabled=true, ephemeral=true, clusterName='DEFAULT', serviceName='null', metadata={IPv6=[2408:8912:104:4bd5:b354:4a4b:5c79:d29], preserved.register.source=SPRING_CLOUD}}
2026-01-08 14:08:25.019 [main] INFO  c.a.cloud.nacos.registry.NacosServiceRegistry - nacos registry, DEFAULT_GROUP xiaohashu-data-align 192.168.134.1:8091 register finished
2026-01-08 14:08:26.173 [main] INFO  org.springframework.cloud.commons.util.InetUtils - Cannot determine local hostname
2026-01-08 14:08:26.181 [main] INFO  c.q.x.data.align.XiaohashuDataAlignApplication - Started XiaohashuDataAlignApplication in 9.798 seconds (process running for 10.611)
2026-01-08 14:08:26.183 [main] INFO  com.alibaba.nacos.client.config.impl.CacheData - nacos.cache.data.init.snapshot = true 
2026-01-08 14:08:26.183 [main] INFO  com.alibaba.nacos.client.config.impl.ClientWorker - [fixed-xiaohashu-127.0.0.1_8848] [subscribe] xiaohashu-data-align-dev.yaml+DEFAULT_GROUP+xiaohashu
2026-01-08 14:08:26.187 [main] INFO  com.alibaba.nacos.client.config.impl.CacheData - [fixed-xiaohashu-127.0.0.1_8848] [add-listener] ok, tenant=xiaohashu, dataId=xiaohashu-data-align-dev.yaml, group=DEFAULT_GROUP, cnt=1
2026-01-08 14:08:26.189 [main] INFO  c.a.cloud.nacos.refresh.NacosContextRefresher - [Nacos Config] Listening config: dataId=xiaohashu-data-align-dev.yaml, group=DEFAULT_GROUP
2026-01-08 14:08:26.190 [main] INFO  com.alibaba.nacos.client.config.impl.ClientWorker - [fixed-xiaohashu-127.0.0.1_8848] [subscribe] xiaohashu-data-align+DEFAULT_GROUP+xiaohashu
2026-01-08 14:08:26.190 [main] INFO  com.alibaba.nacos.client.config.impl.CacheData - [fixed-xiaohashu-127.0.0.1_8848] [add-listener] ok, tenant=xiaohashu, dataId=xiaohashu-data-align, group=DEFAULT_GROUP, cnt=1
2026-01-08 14:08:26.190 [main] INFO  c.a.cloud.nacos.refresh.NacosContextRefresher - [Nacos Config] Listening config: dataId=xiaohashu-data-align, group=DEFAULT_GROUP
2026-01-08 14:08:26.194 [main] INFO  com.alibaba.nacos.client.config.impl.ClientWorker - [fixed-xiaohashu-127.0.0.1_8848] [subscribe] xiaohashu-data-align.yaml+DEFAULT_GROUP+xiaohashu
2026-01-08 14:08:26.195 [main] INFO  com.alibaba.nacos.client.config.impl.CacheData - [fixed-xiaohashu-127.0.0.1_8848] [add-listener] ok, tenant=xiaohashu, dataId=xiaohashu-data-align.yaml, group=DEFAULT_GROUP, cnt=1
2026-01-08 14:08:26.196 [main] INFO  c.a.cloud.nacos.refresh.NacosContextRefresher - [Nacos Config] Listening config: dataId=xiaohashu-data-align.yaml, group=DEFAULT_GROUP
2026-01-08 17:36:59.809 [main] WARN  com.alibaba.nacos.client.logging.NacosLogging - Load Logback Configuration of Nacos fail, message: Could not initialize Logback Nacos logging from classpath:nacos-logback.xml
2026-01-08 17:36:59.852 [main] WARN  com.alibaba.nacos.client.logging.NacosLogging - Load Logback Configuration of Nacos fail, message: Could not initialize Logback Nacos logging from classpath:nacos-logback.xml
2026-01-08 17:37:00.117 [main] WARN  com.alibaba.nacos.client.logging.NacosLogging - Load Logback Configuration of Nacos fail, message: Could not initialize Logback Nacos logging from classpath:nacos-logback.xml
2026-01-08 17:37:00.118 [main] INFO  com.alibaba.nacos.client.utils.ParamUtil - [settings] [req-serv] nacos-server port:8848
2026-01-08 17:37:00.119 [main] INFO  com.alibaba.nacos.client.utils.ParamUtil - [settings] [http-client] connect timeout:1000
2026-01-08 17:37:00.120 [main] INFO  com.alibaba.nacos.client.utils.ParamUtil - PER_TASK_CONFIG_SIZE: 3000.0
2026-01-08 17:37:00.135 [main] INFO  c.a.n.p.auth.spi.client.ClientAuthPluginManager - [ClientAuthPluginManager] Load ClientAuthService com.alibaba.nacos.client.auth.impl.NacosClientAuthServiceImpl success.
2026-01-08 17:37:00.135 [main] INFO  c.a.n.p.auth.spi.client.ClientAuthPluginManager - [ClientAuthPluginManager] Load ClientAuthService com.alibaba.nacos.client.auth.ram.RamClientAuthServiceImpl success.
2026-01-08 17:37:00.136 [main] INFO  c.a.n.client.auth.ram.identify.CredentialWatcher - null No credential found
2026-01-08 17:37:00.391 [main] WARN  com.alibaba.nacos.client.logging.NacosLogging - Load Logback Configuration of Nacos fail, message: Could not initialize Logback Nacos logging from classpath:nacos-logback.xml
2026-01-08 17:37:00.399 [main] INFO  c.a.n.client.config.impl.LocalConfigInfoProcessor - LOCAL_SNAPSHOT_PATH:C:\Users\hp\nacos\config
2026-01-08 17:37:00.401 [main] INFO  com.alibaba.nacos.common.remote.client - [RpcClientFactory] create a new rpc client of 2dd73d02-8623-4bde-80d0-dd45493c1eef_config-0
2026-01-08 17:37:00.410 [main] INFO  com.alibaba.nacos.common.remote.client - [2dd73d02-8623-4bde-80d0-dd45493c1eef_config-0] Register server push request handler:com.alibaba.nacos.client.config.impl.ClientWorker$ConfigRpcTransportClient$$Lambda$641/0x0000017bbd34e758
2026-01-08 17:37:00.410 [main] INFO  com.alibaba.nacos.common.remote.client - [2dd73d02-8623-4bde-80d0-dd45493c1eef_config-0] Register server push request handler:com.alibaba.nacos.client.config.impl.ClientWorker$ConfigRpcTransportClient$$Lambda$642/0x0000017bbd34eb78
2026-01-08 17:37:00.411 [main] INFO  com.alibaba.nacos.common.remote.client - [2dd73d02-8623-4bde-80d0-dd45493c1eef_config-0] Registry connection listener to current client:com.alibaba.nacos.client.config.impl.ClientWorker$ConfigRpcTransportClient$1
2026-01-08 17:37:00.411 [main] INFO  com.alibaba.nacos.common.remote.client - [2dd73d02-8623-4bde-80d0-dd45493c1eef_config-0] RpcClient init, ServerListFactory = com.alibaba.nacos.client.config.impl.ClientWorker$ConfigRpcTransportClient$2
2026-01-08 17:37:00.416 [main] INFO  com.alibaba.nacos.common.remote.client - [2dd73d02-8623-4bde-80d0-dd45493c1eef_config-0] Try to connect to server on start up, server: {serverIp = '127.0.0.1', server main port = 8848}
2026-01-08 17:37:00.445 [main] INFO  c.a.nacos.common.remote.client.grpc.GrpcClient - grpc client connection server:127.0.0.1 ip,serverPort:9848,grpcTslConfig:{"sslProvider":"OPENSSL","enableTls":false,"mutualAuthEnable":false,"trustAll":false}
2026-01-08 17:37:01.209 [main] INFO  com.alibaba.nacos.common.remote.client - [2dd73d02-8623-4bde-80d0-dd45493c1eef_config-0] Success to connect to server [127.0.0.1:8848] on start up, connectionId = 1767865021040_127.0.0.1_7318
2026-01-08 17:37:01.210 [main] INFO  com.alibaba.nacos.common.remote.client - [2dd73d02-8623-4bde-80d0-dd45493c1eef_config-0] Register server push request handler:com.alibaba.nacos.common.remote.client.RpcClient$ConnectResetRequestHandler
2026-01-08 17:37:01.210 [com.alibaba.nacos.client.remote.worker] INFO  com.alibaba.nacos.common.remote.client - [2dd73d02-8623-4bde-80d0-dd45493c1eef_config-0] Notify connected event to listeners.
2026-01-08 17:37:01.210 [com.alibaba.nacos.client.remote.worker] INFO  com.alibaba.nacos.client.config.impl.ClientWorker - [2dd73d02-8623-4bde-80d0-dd45493c1eef_config-0] Connected,notify listen context...
2026-01-08 17:37:01.210 [main] INFO  com.alibaba.nacos.common.remote.client - [2dd73d02-8623-4bde-80d0-dd45493c1eef_config-0] Register server push request handler:com.alibaba.nacos.common.remote.client.RpcClient$$Lambda$662/0x0000017bbd49a638
2026-01-08 17:37:01.234 [main] INFO  com.alibaba.nacos.client.config.impl.Limiter - limitTime:5.0
2026-01-08 17:37:01.248 [main] WARN  c.a.cloud.nacos.client.NacosPropertySourceBuilder - Ignore the empty nacos configuration and get it based on dataId[xiaohashu-data-align] & group[DEFAULT_GROUP]
2026-01-08 17:37:01.263 [main] WARN  c.a.cloud.nacos.client.NacosPropertySourceBuilder - Ignore the empty nacos configuration and get it based on dataId[xiaohashu-data-align.yaml] & group[DEFAULT_GROUP]
2026-01-08 17:37:01.267 [main] WARN  c.a.cloud.nacos.client.NacosPropertySourceBuilder - Ignore the empty nacos configuration and get it based on dataId[xiaohashu-data-align-dev.yaml] & group[DEFAULT_GROUP]
2026-01-08 17:37:01.268 [main] INFO  o.s.c.b.c.PropertySourceBootstrapConfiguration - Located property source: [BootstrapPropertySource {name='bootstrapProperties-xiaohashu-data-align-dev.yaml,DEFAULT_GROUP'}, BootstrapPropertySource {name='bootstrapProperties-xiaohashu-data-align.yaml,DEFAULT_GROUP'}, BootstrapPropertySource {name='bootstrapProperties-xiaohashu-data-align,DEFAULT_GROUP'}]
2026-01-08 17:37:01.285 [main] WARN  com.alibaba.nacos.client.logging.NacosLogging - Load Logback Configuration of Nacos fail, message: Could not initialize Logback Nacos logging from classpath:nacos-logback.xml
2026-01-08 17:37:01.286 [main] INFO  c.q.x.data.align.XiaohashuDataAlignApplication - The following 1 profile is active: "dev"
2026-01-08 17:37:01.647 [main] INFO  o.s.d.r.config.RepositoryConfigurationDelegate - Multiple Spring Data modules found, entering strict repository configuration mode
2026-01-08 17:37:01.649 [main] INFO  o.s.d.r.config.RepositoryConfigurationDelegate - Bootstrapping Spring Data Redis repositories in DEFAULT mode.
2026-01-08 17:37:01.665 [main] INFO  o.s.d.r.config.RepositoryConfigurationDelegate - Finished Spring Data repository scanning in 4 ms. Found 0 Redis repository interfaces.
2026-01-08 17:37:01.723 [main] WARN  org.mybatis.spring.mapper.ClassPathMapperScanner - No MyBatis mapper was found in '[com.quanxiaoha.xiaohashu.data.align.domain.mapper]' package. Please check your configuration.
2026-01-08 17:37:01.779 [main] INFO  o.springframework.cloud.context.scope.GenericScope - BeanFactory id=f5745631-5e3b-3f70-8d16-5a81d0038753
2026-01-08 17:37:01.971 [main] INFO  o.s.boot.web.embedded.tomcat.TomcatWebServer - Tomcat initialized with port(s): 8091 (http)
2026-01-08 17:37:01.978 [main] INFO  org.apache.catalina.core.StandardService - Starting service [Tomcat]
2026-01-08 17:37:01.979 [main] INFO  org.apache.catalina.core.StandardEngine - Starting Servlet engine: [Apache Tomcat/10.1.5]
2026-01-08 17:37:02.041 [main] INFO  o.a.c.core.ContainerBase.[Tomcat].[localhost].[/] - Initializing Spring embedded WebApplicationContext
2026-01-08 17:37:02.041 [main] INFO  o.s.b.w.s.c.ServletWebServerApplicationContext - Root WebApplicationContext: initialization completed in 746 ms
2026-01-08 17:37:02.087 [main] INFO  c.q.xiaohashu.data.align.config.Xx1JobConfig - >>>>>>>>>>> xxl-job config init.
2026-01-08 17:37:02.515 [main] INFO  c.a.d.s.b.a.DruidDataSourceAutoConfigure - Init DruidDataSource
2026-01-08 17:37:02.676 [main] INFO  com.alibaba.druid.pool.DruidDataSource - {dataSource-1} inited
2026-01-08 17:37:03.197 [main] INFO  o.s.boot.web.embedded.tomcat.TomcatWebServer - Tomcat started on port(s): 8091 (http) with context path ''
2026-01-08 17:37:03.200 [main] INFO  com.alibaba.nacos.client.naming - initializer namespace from ans.namespace attribute : null
2026-01-08 17:37:03.201 [main] INFO  com.alibaba.nacos.client.naming - initializer namespace from ALIBABA_ALIWARE_NAMESPACE attribute :null
2026-01-08 17:37:03.201 [main] INFO  com.alibaba.nacos.client.naming - initializer namespace from namespace attribute :null
2026-01-08 17:37:03.205 [main] INFO  c.a.n.p.auth.spi.client.ClientAuthPluginManager - [ClientAuthPluginManager] Load ClientAuthService com.alibaba.nacos.client.auth.impl.NacosClientAuthServiceImpl success.
2026-01-08 17:37:03.205 [main] INFO  c.a.n.p.auth.spi.client.ClientAuthPluginManager - [ClientAuthPluginManager] Load ClientAuthService com.alibaba.nacos.client.auth.ram.RamClientAuthServiceImpl success.
2026-01-08 17:37:03.208 [main] INFO  com.alibaba.nacos.common.remote.client - [RpcClientFactory] create a new rpc client of 7e7ff953-0ddd-4a18-bb78-4b5da3635fba
2026-01-08 17:37:03.209 [main] INFO  com.alibaba.nacos.common.remote.client - [7e7ff953-0ddd-4a18-bb78-4b5da3635fba] RpcClient init, ServerListFactory = com.alibaba.nacos.client.naming.core.ServerListManager
2026-01-08 17:37:03.209 [main] INFO  com.alibaba.nacos.common.remote.client - [7e7ff953-0ddd-4a18-bb78-4b5da3635fba] Registry connection listener to current client:com.alibaba.nacos.client.naming.remote.gprc.redo.NamingGrpcRedoService
2026-01-08 17:37:03.209 [main] INFO  com.alibaba.nacos.common.remote.client - [7e7ff953-0ddd-4a18-bb78-4b5da3635fba] Register server push request handler:com.alibaba.nacos.client.naming.remote.gprc.NamingPushRequestHandler
2026-01-08 17:37:03.210 [main] INFO  com.alibaba.nacos.common.remote.client - [7e7ff953-0ddd-4a18-bb78-4b5da3635fba] Try to connect to server on start up, server: {serverIp = '127.0.0.1', server main port = 8848}
2026-01-08 17:37:03.210 [main] INFO  c.a.nacos.common.remote.client.grpc.GrpcClient - grpc client connection server:127.0.0.1 ip,serverPort:9848,grpcTslConfig:{"sslProvider":"OPENSSL","enableTls":false,"mutualAuthEnable":false,"trustAll":false}
2026-01-08 17:37:03.322 [main] INFO  com.alibaba.nacos.common.remote.client - [7e7ff953-0ddd-4a18-bb78-4b5da3635fba] Success to connect to server [127.0.0.1:8848] on start up, connectionId = 1767865023215_127.0.0.1_7340
2026-01-08 17:37:03.322 [main] INFO  com.alibaba.nacos.common.remote.client - [7e7ff953-0ddd-4a18-bb78-4b5da3635fba] Register server push request handler:com.alibaba.nacos.common.remote.client.RpcClient$ConnectResetRequestHandler
2026-01-08 17:37:03.322 [main] INFO  com.alibaba.nacos.common.remote.client - [7e7ff953-0ddd-4a18-bb78-4b5da3635fba] Register server push request handler:com.alibaba.nacos.common.remote.client.RpcClient$$Lambda$662/0x0000017bbd49a638
2026-01-08 17:37:03.322 [com.alibaba.nacos.client.remote.worker] INFO  com.alibaba.nacos.common.remote.client - [7e7ff953-0ddd-4a18-bb78-4b5da3635fba] Notify connected event to listeners.
2026-01-08 17:37:03.322 [com.alibaba.nacos.client.remote.worker] INFO  com.alibaba.nacos.client.naming - Grpc connection connect
2026-01-08 17:37:03.323 [main] INFO  com.alibaba.nacos.client.naming - [REGISTER-SERVICE] xiaohashu registering service xiaohashu-data-align with instance Instance{instanceId='null', ip='192.168.134.1', port=8091, weight=1.0, healthy=true, enabled=true, ephemeral=true, clusterName='DEFAULT', serviceName='null', metadata={IPv6=[2408:8912:104:4bd5:b354:4a4b:5c79:d29], preserved.register.source=SPRING_CLOUD}}
2026-01-08 17:37:03.333 [main] INFO  c.a.cloud.nacos.registry.NacosServiceRegistry - nacos registry, DEFAULT_GROUP xiaohashu-data-align 192.168.134.1:8091 register finished
2026-01-08 17:37:03.379 [Thread-18] INFO  com.xxl.job.core.server.EmbedServer - >>>>>>>>>>> xxl-job remoting server start success, nettype = class com.xxl.job.core.server.EmbedServer, port = 10001
2026-01-08 17:37:03.536 [main] INFO  c.q.x.data.align.XiaohashuDataAlignApplication - Started XiaohashuDataAlignApplication in 4.414 seconds (process running for 4.914)
2026-01-08 17:37:03.538 [main] INFO  com.alibaba.nacos.client.config.impl.CacheData - nacos.cache.data.init.snapshot = true 
2026-01-08 17:37:03.542 [main] INFO  com.alibaba.nacos.client.config.impl.ClientWorker - [fixed-xiaohashu-127.0.0.1_8848] [subscribe] xiaohashu-data-align-dev.yaml+DEFAULT_GROUP+xiaohashu
2026-01-08 17:37:03.547 [main] INFO  com.alibaba.nacos.client.config.impl.CacheData - [fixed-xiaohashu-127.0.0.1_8848] [add-listener] ok, tenant=xiaohashu, dataId=xiaohashu-data-align-dev.yaml, group=DEFAULT_GROUP, cnt=1
2026-01-08 17:37:03.547 [main] INFO  c.a.cloud.nacos.refresh.NacosContextRefresher - [Nacos Config] Listening config: dataId=xiaohashu-data-align-dev.yaml, group=DEFAULT_GROUP
2026-01-08 17:37:03.547 [main] INFO  com.alibaba.nacos.client.config.impl.ClientWorker - [fixed-xiaohashu-127.0.0.1_8848] [subscribe] xiaohashu-data-align+DEFAULT_GROUP+xiaohashu
2026-01-08 17:37:03.547 [main] INFO  com.alibaba.nacos.client.config.impl.CacheData - [fixed-xiaohashu-127.0.0.1_8848] [add-listener] ok, tenant=xiaohashu, dataId=xiaohashu-data-align, group=DEFAULT_GROUP, cnt=1
2026-01-08 17:37:03.547 [main] INFO  c.a.cloud.nacos.refresh.NacosContextRefresher - [Nacos Config] Listening config: dataId=xiaohashu-data-align, group=DEFAULT_GROUP
2026-01-08 17:37:03.547 [main] INFO  com.alibaba.nacos.client.config.impl.ClientWorker - [fixed-xiaohashu-127.0.0.1_8848] [subscribe] xiaohashu-data-align.yaml+DEFAULT_GROUP+xiaohashu
2026-01-08 17:37:03.547 [main] INFO  com.alibaba.nacos.client.config.impl.CacheData - [fixed-xiaohashu-127.0.0.1_8848] [add-listener] ok, tenant=xiaohashu, dataId=xiaohashu-data-align.yaml, group=DEFAULT_GROUP, cnt=1
2026-01-08 17:37:03.547 [main] INFO  c.a.cloud.nacos.refresh.NacosContextRefresher - [Nacos Config] Listening config: dataId=xiaohashu-data-align.yaml, group=DEFAULT_GROUP
2026-01-08 17:52:24.896 [main] WARN  com.alibaba.nacos.client.logging.NacosLogging - Load Logback Configuration of Nacos fail, message: Could not initialize Logback Nacos logging from classpath:nacos-logback.xml
2026-01-08 17:52:24.937 [main] WARN  com.alibaba.nacos.client.logging.NacosLogging - Load Logback Configuration of Nacos fail, message: Could not initialize Logback Nacos logging from classpath:nacos-logback.xml
2026-01-08 17:52:25.212 [main] WARN  com.alibaba.nacos.client.logging.NacosLogging - Load Logback Configuration of Nacos fail, message: Could not initialize Logback Nacos logging from classpath:nacos-logback.xml
2026-01-08 17:52:25.213 [main] INFO  com.alibaba.nacos.client.utils.ParamUtil - [settings] [req-serv] nacos-server port:8848
2026-01-08 17:52:25.213 [main] INFO  com.alibaba.nacos.client.utils.ParamUtil - [settings] [http-client] connect timeout:1000
2026-01-08 17:52:25.214 [main] INFO  com.alibaba.nacos.client.utils.ParamUtil - PER_TASK_CONFIG_SIZE: 3000.0
2026-01-08 17:52:25.230 [main] INFO  c.a.n.p.auth.spi.client.ClientAuthPluginManager - [ClientAuthPluginManager] Load ClientAuthService com.alibaba.nacos.client.auth.impl.NacosClientAuthServiceImpl success.
2026-01-08 17:52:25.230 [main] INFO  c.a.n.p.auth.spi.client.ClientAuthPluginManager - [ClientAuthPluginManager] Load ClientAuthService com.alibaba.nacos.client.auth.ram.RamClientAuthServiceImpl success.
2026-01-08 17:52:25.231 [main] INFO  c.a.n.client.auth.ram.identify.CredentialWatcher - null No credential found
2026-01-08 17:52:25.472 [main] WARN  com.alibaba.nacos.client.logging.NacosLogging - Load Logback Configuration of Nacos fail, message: Could not initialize Logback Nacos logging from classpath:nacos-logback.xml
2026-01-08 17:52:25.480 [main] INFO  c.a.n.client.config.impl.LocalConfigInfoProcessor - LOCAL_SNAPSHOT_PATH:C:\Users\hp\nacos\config
2026-01-08 17:52:25.482 [main] INFO  com.alibaba.nacos.common.remote.client - [RpcClientFactory] create a new rpc client of f376a687-9c2d-4481-8973-ac6a4337c184_config-0
2026-01-08 17:52:25.491 [main] INFO  com.alibaba.nacos.common.remote.client - [f376a687-9c2d-4481-8973-ac6a4337c184_config-0] Register server push request handler:com.alibaba.nacos.client.config.impl.ClientWorker$ConfigRpcTransportClient$$Lambda$641/0x00000141b334f510
2026-01-08 17:52:25.491 [main] INFO  com.alibaba.nacos.common.remote.client - [f376a687-9c2d-4481-8973-ac6a4337c184_config-0] Register server push request handler:com.alibaba.nacos.client.config.impl.ClientWorker$ConfigRpcTransportClient$$Lambda$642/0x00000141b334f930
2026-01-08 17:52:25.492 [main] INFO  com.alibaba.nacos.common.remote.client - [f376a687-9c2d-4481-8973-ac6a4337c184_config-0] Registry connection listener to current client:com.alibaba.nacos.client.config.impl.ClientWorker$ConfigRpcTransportClient$1
2026-01-08 17:52:25.493 [main] INFO  com.alibaba.nacos.common.remote.client - [f376a687-9c2d-4481-8973-ac6a4337c184_config-0] RpcClient init, ServerListFactory = com.alibaba.nacos.client.config.impl.ClientWorker$ConfigRpcTransportClient$2
2026-01-08 17:52:25.497 [main] INFO  com.alibaba.nacos.common.remote.client - [f376a687-9c2d-4481-8973-ac6a4337c184_config-0] Try to connect to server on start up, server: {serverIp = '127.0.0.1', server main port = 8848}
2026-01-08 17:52:25.521 [main] INFO  c.a.nacos.common.remote.client.grpc.GrpcClient - grpc client connection server:127.0.0.1 ip,serverPort:9848,grpcTslConfig:{"sslProvider":"OPENSSL","enableTls":false,"mutualAuthEnable":false,"trustAll":false}
2026-01-08 17:52:26.211 [main] INFO  com.alibaba.nacos.common.remote.client - [f376a687-9c2d-4481-8973-ac6a4337c184_config-0] Success to connect to server [127.0.0.1:8848] on start up, connectionId = 1767865946058_127.0.0.1_12182
2026-01-08 17:52:26.211 [com.alibaba.nacos.client.remote.worker] INFO  com.alibaba.nacos.common.remote.client - [f376a687-9c2d-4481-8973-ac6a4337c184_config-0] Notify connected event to listeners.
2026-01-08 17:52:26.211 [com.alibaba.nacos.client.remote.worker] INFO  com.alibaba.nacos.client.config.impl.ClientWorker - [f376a687-9c2d-4481-8973-ac6a4337c184_config-0] Connected,notify listen context...
2026-01-08 17:52:26.212 [main] INFO  com.alibaba.nacos.common.remote.client - [f376a687-9c2d-4481-8973-ac6a4337c184_config-0] Register server push request handler:com.alibaba.nacos.common.remote.client.RpcClient$ConnectResetRequestHandler
2026-01-08 17:52:26.212 [main] INFO  com.alibaba.nacos.common.remote.client - [f376a687-9c2d-4481-8973-ac6a4337c184_config-0] Register server push request handler:com.alibaba.nacos.common.remote.client.RpcClient$$Lambda$662/0x00000141b349b088
2026-01-08 17:52:26.234 [main] INFO  com.alibaba.nacos.client.config.impl.Limiter - limitTime:5.0
2026-01-08 17:52:26.246 [main] WARN  c.a.cloud.nacos.client.NacosPropertySourceBuilder - Ignore the empty nacos configuration and get it based on dataId[xiaohashu-data-align] & group[DEFAULT_GROUP]
2026-01-08 17:52:26.252 [main] WARN  c.a.cloud.nacos.client.NacosPropertySourceBuilder - Ignore the empty nacos configuration and get it based on dataId[xiaohashu-data-align.yaml] & group[DEFAULT_GROUP]
2026-01-08 17:52:26.260 [main] WARN  c.a.cloud.nacos.client.NacosPropertySourceBuilder - Ignore the empty nacos configuration and get it based on dataId[xiaohashu-data-align-dev.yaml] & group[DEFAULT_GROUP]
2026-01-08 17:52:26.261 [main] INFO  o.s.c.b.c.PropertySourceBootstrapConfiguration - Located property source: [BootstrapPropertySource {name='bootstrapProperties-xiaohashu-data-align-dev.yaml,DEFAULT_GROUP'}, BootstrapPropertySource {name='bootstrapProperties-xiaohashu-data-align.yaml,DEFAULT_GROUP'}, BootstrapPropertySource {name='bootstrapProperties-xiaohashu-data-align,DEFAULT_GROUP'}]
2026-01-08 17:52:26.279 [main] WARN  com.alibaba.nacos.client.logging.NacosLogging - Load Logback Configuration of Nacos fail, message: Could not initialize Logback Nacos logging from classpath:nacos-logback.xml
2026-01-08 17:52:26.279 [main] INFO  c.q.x.data.align.XiaohashuDataAlignApplication - The following 1 profile is active: "dev"
2026-01-08 17:52:26.573 [main] INFO  o.s.d.r.config.RepositoryConfigurationDelegate - Multiple Spring Data modules found, entering strict repository configuration mode
2026-01-08 17:52:26.574 [main] INFO  o.s.d.r.config.RepositoryConfigurationDelegate - Bootstrapping Spring Data Redis repositories in DEFAULT mode.
2026-01-08 17:52:26.585 [main] INFO  o.s.d.r.config.RepositoryConfigurationDelegate - Finished Spring Data repository scanning in 3 ms. Found 0 Redis repository interfaces.
2026-01-08 17:52:26.631 [main] WARN  org.mybatis.spring.mapper.ClassPathMapperScanner - No MyBatis mapper was found in '[com.quanxiaoha.xiaohashu.data.align.domain.mapper]' package. Please check your configuration.
2026-01-08 17:52:26.673 [main] INFO  o.springframework.cloud.context.scope.GenericScope - BeanFactory id=cb0bc8ad-ee66-3881-87a2-67de3cb27a82
2026-01-08 17:52:26.871 [main] INFO  o.s.boot.web.embedded.tomcat.TomcatWebServer - Tomcat initialized with port(s): 8091 (http)
2026-01-08 17:52:26.877 [main] INFO  org.apache.catalina.core.StandardService - Starting service [Tomcat]
2026-01-08 17:52:26.878 [main] INFO  org.apache.catalina.core.StandardEngine - Starting Servlet engine: [Apache Tomcat/10.1.5]
2026-01-08 17:52:26.939 [main] INFO  o.a.c.core.ContainerBase.[Tomcat].[localhost].[/] - Initializing Spring embedded WebApplicationContext
2026-01-08 17:52:26.940 [main] INFO  o.s.b.w.s.c.ServletWebServerApplicationContext - Root WebApplicationContext: initialization completed in 653 ms
2026-01-08 17:52:26.982 [main] INFO  c.q.xiaohashu.data.align.config.Xx1JobConfig - >>>>>>>>>>> xxl-job config init.
2026-01-08 17:52:27.396 [main] INFO  c.a.d.s.b.a.DruidDataSourceAutoConfigure - Init DruidDataSource
2026-01-08 17:52:27.559 [main] INFO  com.alibaba.druid.pool.DruidDataSource - {dataSource-1} inited
2026-01-08 17:52:27.953 [main] INFO  com.xxl.job.core.executor.XxlJobExecutor - >>>>>>>>>>> xxl-job register jobhandler success, name:createTableJobHandler, jobHandler:com.xxl.job.core.handler.impl.MethodJobHandler@6b3bc1f6[class com.quanxiaoha.xiaohashu.data.align.job.CreateTableXxlJob#createTableJobHandler]
2026-01-08 17:52:28.017 [main] INFO  o.s.boot.web.embedded.tomcat.TomcatWebServer - Tomcat started on port(s): 8091 (http) with context path ''
2026-01-08 17:52:28.020 [main] INFO  com.alibaba.nacos.client.naming - initializer namespace from ans.namespace attribute : null
2026-01-08 17:52:28.020 [main] INFO  com.alibaba.nacos.client.naming - initializer namespace from ALIBABA_ALIWARE_NAMESPACE attribute :null
2026-01-08 17:52:28.020 [main] INFO  com.alibaba.nacos.client.naming - initializer namespace from namespace attribute :null
2026-01-08 17:52:28.025 [main] INFO  c.a.n.p.auth.spi.client.ClientAuthPluginManager - [ClientAuthPluginManager] Load ClientAuthService com.alibaba.nacos.client.auth.impl.NacosClientAuthServiceImpl success.
2026-01-08 17:52:28.025 [main] INFO  c.a.n.p.auth.spi.client.ClientAuthPluginManager - [ClientAuthPluginManager] Load ClientAuthService com.alibaba.nacos.client.auth.ram.RamClientAuthServiceImpl success.
2026-01-08 17:52:28.029 [main] INFO  com.alibaba.nacos.common.remote.client - [RpcClientFactory] create a new rpc client of d4538e00-efb9-485f-82bd-f6b414a88291
2026-01-08 17:52:28.030 [main] INFO  com.alibaba.nacos.common.remote.client - [d4538e00-efb9-485f-82bd-f6b414a88291] RpcClient init, ServerListFactory = com.alibaba.nacos.client.naming.core.ServerListManager
2026-01-08 17:52:28.030 [main] INFO  com.alibaba.nacos.common.remote.client - [d4538e00-efb9-485f-82bd-f6b414a88291] Registry connection listener to current client:com.alibaba.nacos.client.naming.remote.gprc.redo.NamingGrpcRedoService
2026-01-08 17:52:28.031 [main] INFO  com.alibaba.nacos.common.remote.client - [d4538e00-efb9-485f-82bd-f6b414a88291] Register server push request handler:com.alibaba.nacos.client.naming.remote.gprc.NamingPushRequestHandler
2026-01-08 17:52:28.031 [main] INFO  com.alibaba.nacos.common.remote.client - [d4538e00-efb9-485f-82bd-f6b414a88291] Try to connect to server on start up, server: {serverIp = '127.0.0.1', server main port = 8848}
2026-01-08 17:52:28.031 [main] INFO  c.a.nacos.common.remote.client.grpc.GrpcClient - grpc client connection server:127.0.0.1 ip,serverPort:9848,grpcTslConfig:{"sslProvider":"OPENSSL","enableTls":false,"mutualAuthEnable":false,"trustAll":false}
2026-01-08 17:52:28.157 [main] INFO  com.alibaba.nacos.common.remote.client - [d4538e00-efb9-485f-82bd-f6b414a88291] Success to connect to server [127.0.0.1:8848] on start up, connectionId = 1767865948038_127.0.0.1_12191
2026-01-08 17:52:28.157 [com.alibaba.nacos.client.remote.worker] INFO  com.alibaba.nacos.common.remote.client - [d4538e00-efb9-485f-82bd-f6b414a88291] Notify connected event to listeners.
2026-01-08 17:52:28.157 [com.alibaba.nacos.client.remote.worker] INFO  com.alibaba.nacos.client.naming - Grpc connection connect
2026-01-08 17:52:28.157 [main] INFO  com.alibaba.nacos.common.remote.client - [d4538e00-efb9-485f-82bd-f6b414a88291] Register server push request handler:com.alibaba.nacos.common.remote.client.RpcClient$ConnectResetRequestHandler
2026-01-08 17:52:28.157 [main] INFO  com.alibaba.nacos.common.remote.client - [d4538e00-efb9-485f-82bd-f6b414a88291] Register server push request handler:com.alibaba.nacos.common.remote.client.RpcClient$$Lambda$662/0x00000141b349b088
2026-01-08 17:52:28.158 [main] INFO  com.alibaba.nacos.client.naming - [REGISTER-SERVICE] xiaohashu registering service xiaohashu-data-align with instance Instance{instanceId='null', ip='192.168.134.1', port=8091, weight=1.0, healthy=true, enabled=true, ephemeral=true, clusterName='DEFAULT', serviceName='null', metadata={IPv6=[2408:8912:104:4bd5:b354:4a4b:5c79:d29], preserved.register.source=SPRING_CLOUD}}
2026-01-08 17:52:28.171 [main] INFO  c.a.cloud.nacos.registry.NacosServiceRegistry - nacos registry, DEFAULT_GROUP xiaohashu-data-align 192.168.134.1:8091 register finished
2026-01-08 17:52:28.206 [Thread-18] INFO  com.xxl.job.core.server.EmbedServer - >>>>>>>>>>> xxl-job remoting server start success, nettype = class com.xxl.job.core.server.EmbedServer, port = 10001
2026-01-08 17:52:28.374 [main] INFO  c.q.x.data.align.XiaohashuDataAlignApplication - Started XiaohashuDataAlignApplication in 4.105 seconds (process running for 4.638)
2026-01-08 17:52:28.376 [main] INFO  com.alibaba.nacos.client.config.impl.CacheData - nacos.cache.data.init.snapshot = true 
2026-01-08 17:52:28.376 [main] INFO  com.alibaba.nacos.client.config.impl.ClientWorker - [fixed-xiaohashu-127.0.0.1_8848] [subscribe] xiaohashu-data-align-dev.yaml+DEFAULT_GROUP+xiaohashu
2026-01-08 17:52:28.380 [main] INFO  com.alibaba.nacos.client.config.impl.CacheData - [fixed-xiaohashu-127.0.0.1_8848] [add-listener] ok, tenant=xiaohashu, dataId=xiaohashu-data-align-dev.yaml, group=DEFAULT_GROUP, cnt=1
2026-01-08 17:52:28.381 [main] INFO  c.a.cloud.nacos.refresh.NacosContextRefresher - [Nacos Config] Listening config: dataId=xiaohashu-data-align-dev.yaml, group=DEFAULT_GROUP
2026-01-08 17:52:28.381 [main] INFO  com.alibaba.nacos.client.config.impl.ClientWorker - [fixed-xiaohashu-127.0.0.1_8848] [subscribe] xiaohashu-data-align+DEFAULT_GROUP+xiaohashu
2026-01-08 17:52:28.381 [main] INFO  com.alibaba.nacos.client.config.impl.CacheData - [fixed-xiaohashu-127.0.0.1_8848] [add-listener] ok, tenant=xiaohashu, dataId=xiaohashu-data-align, group=DEFAULT_GROUP, cnt=1
2026-01-08 17:52:28.381 [main] INFO  c.a.cloud.nacos.refresh.NacosContextRefresher - [Nacos Config] Listening config: dataId=xiaohashu-data-align, group=DEFAULT_GROUP
2026-01-08 17:52:28.381 [main] INFO  com.alibaba.nacos.client.config.impl.ClientWorker - [fixed-xiaohashu-127.0.0.1_8848] [subscribe] xiaohashu-data-align.yaml+DEFAULT_GROUP+xiaohashu
2026-01-08 17:52:28.381 [main] INFO  com.alibaba.nacos.client.config.impl.CacheData - [fixed-xiaohashu-127.0.0.1_8848] [add-listener] ok, tenant=xiaohashu, dataId=xiaohashu-data-align.yaml, group=DEFAULT_GROUP, cnt=1
2026-01-08 17:52:28.381 [main] INFO  c.a.cloud.nacos.refresh.NacosContextRefresher - [Nacos Config] Listening config: dataId=xiaohashu-data-align.yaml, group=DEFAULT_GROUP
2026-01-08 17:53:00.011 [xxl-job, EmbedServer bizThreadPool-627291271] INFO  com.xxl.job.core.executor.XxlJobExecutor - >>>>>>>>>>> xxl-job regist JobThread success, jobId:1, handler:com.xxl.job.core.handler.impl.MethodJobHandler@6b3bc1f6[class com.quanxiaoha.xiaohashu.data.align.job.CreateTableXxlJob#createTableJobHandler]
2026-01-08 17:54:33.277 [xxl-job, JobThread-1-1767865980011] INFO  com.xxl.job.core.thread.JobThread - >>>>>>>>>>> xxl-job JobThread stoped, hashCode:Thread[xxl-job, JobThread-1-1767865980011,10,main]
2026-01-08 17:58:55.364 [xxl-job, EmbedServer bizThreadPool-451942913] INFO  com.xxl.job.core.executor.XxlJobExecutor - >>>>>>>>>>> xxl-job regist JobThread success, jobId:1, handler:com.xxl.job.core.handler.impl.MethodJobHandler@6b3bc1f6[class com.quanxiaoha.xiaohashu.data.align.job.CreateTableXxlJob#createTableJobHandler]
2026-01-08 17:59:28.424 [xxl-job, executor ExecutorRegistryThread] ERROR com.xxl.job.core.util.XxlJobRemotingUtil - Connection refused: no further information
java.net.ConnectException: Connection refused: no further information
	at java.base/sun.nio.ch.Net.pollConnect(Native Method)
	at java.base/sun.nio.ch.Net.pollConnectNow(Net.java:672)
	at java.base/sun.nio.ch.NioSocketImpl.timedFinishConnect(NioSocketImpl.java:547)
	at java.base/sun.nio.ch.NioSocketImpl.connect(NioSocketImpl.java:602)
	at java.base/java.net.Socket.connect(Socket.java:633)
	at java.base/sun.net.NetworkClient.doConnect(NetworkClient.java:178)
	at java.base/sun.net.www.http.HttpClient.openServer(HttpClient.java:534)
	at java.base/sun.net.www.http.HttpClient.openServer(HttpClient.java:639)
	at java.base/sun.net.www.http.HttpClient.<init>(HttpClient.java:282)
	at java.base/sun.net.www.http.HttpClient.New(HttpClient.java:387)
	at java.base/sun.net.www.http.HttpClient.New(HttpClient.java:423)
	at java.base/sun.net.www.protocol.http.HttpURLConnection.setNewClient(HttpURLConnection.java:830)
	at java.base/sun.net.www.protocol.http.HttpURLConnection.setNewClient(HttpURLConnection.java:818)
	at java.base/sun.net.www.protocol.http.HttpURLConnection.writeRequests(HttpURLConnection.java:758)
	at java.base/sun.net.www.protocol.http.HttpURLConnection.getInputStream0(HttpURLConnection.java:1707)
	at java.base/sun.net.www.protocol.http.HttpURLConnection.getInputStream(HttpURLConnection.java:1610)
	at java.base/java.net.HttpURLConnection.getResponseCode(HttpURLConnection.java:529)
	at com.xxl.job.core.util.XxlJobRemotingUtil.postBody(XxlJobRemotingUtil.java:119)
	at com.xxl.job.core.biz.client.AdminBizClient.registry(AdminBizClient.java:42)
	at com.xxl.job.core.thread.ExecutorRegistryThread$1.run(ExecutorRegistryThread.java:48)
	at java.base/java.lang.Thread.run(Thread.java:842)
2026-01-08 17:59:28.426 [xxl-job, executor ExecutorRegistryThread] INFO  com.xxl.job.core.thread.ExecutorRegistryThread - >>>>>>>>>>> xxl-job registry fail, registryParam:RegistryParam{registryGroup='EXECUTOR', registryKey='xxl-job-executor-xiaohashu', registryValue='http://192.168.0.17:10001/'}, registryResult:ReturnT [code=500, msg=xxl-job remoting error(Connection refused: no further information), for url : http://127.0.0.1:8089/xxl-job-admin/api/registry, content=null]
