2025-11-03 11:22:58.941 [main] WARN  com.alibaba.nacos.client.logging.NacosLogging - Load Logback Configuration of Nacos fail, message: Could not initialize Logback Nacos logging from classpath:nacos-logback.xml
2025-11-03 11:22:58.977 [main] WARN  com.alibaba.nacos.client.logging.NacosLogging - Load Logback Configuration of Nacos fail, message: Could not initialize Logback Nacos logging from classpath:nacos-logback.xml
2025-11-03 11:23:00.475 [main] WARN  com.alibaba.nacos.client.logging.NacosLogging - Load Logback Configuration of Nacos fail, message: Could not initialize Logback Nacos logging from classpath:nacos-logback.xml
2025-11-03 11:23:00.485 [main] WARN  com.alibaba.nacos.client.logging.NacosLogging - Load Logback Configuration of Nacos fail, message: Could not initialize Logback Nacos logging from classpath:nacos-logback.xml
2025-11-03 11:23:00.485 [main] INFO  c.q.xiaohashu.kv.biz.XiaohashuKvBizApplication - The following 1 profile is active: "dev"
2025-11-03 11:23:00.822 [main] INFO  o.s.d.r.config.RepositoryConfigurationDelegate - Bootstrapping Spring Data Reactive Cassandra repositories in DEFAULT mode.
2025-11-03 11:23:00.844 [main] INFO  o.s.d.r.config.RepositoryConfigurationDelegate - Finished Spring Data repository scanning in 19 ms. Found 0 Reactive Cassandra repository interfaces.
2025-11-03 11:23:00.846 [main] INFO  o.s.d.r.config.RepositoryConfigurationDelegate - Bootstrapping Spring Data Cassandra repositories in DEFAULT mode.
2025-11-03 11:23:00.855 [main] INFO  o.s.d.r.config.RepositoryConfigurationDelegate - Finished Spring Data repository scanning in 8 ms. Found 1 Cassandra repository interfaces.
2025-11-03 11:23:01.000 [main] INFO  o.springframework.cloud.context.scope.GenericScope - BeanFactory id=0450c896-95d1-3c2a-a3dd-175c7e8808df
2025-11-03 11:23:01.176 [main] INFO  o.s.boot.web.embedded.tomcat.TomcatWebServer - Tomcat initialized with port(s): 8084 (http)
2025-11-03 11:23:01.182 [main] INFO  org.apache.catalina.core.StandardService - Starting service [Tomcat]
2025-11-03 11:23:01.182 [main] INFO  org.apache.catalina.core.StandardEngine - Starting Servlet engine: [Apache Tomcat/10.1.5]
2025-11-03 11:23:01.263 [main] INFO  o.a.c.core.ContainerBase.[Tomcat].[localhost].[/] - Initializing Spring embedded WebApplicationContext
2025-11-03 11:23:01.263 [main] INFO  o.s.b.w.s.c.ServletWebServerApplicationContext - Root WebApplicationContext: initialization completed in 767 ms
2025-11-03 11:23:01.434 [main] INFO  c.d.o.driver.internal.core.DefaultMavenCoordinates - DataStax Java driver for Apache Cassandra(R) (com.datastax.oss:java-driver-core) version 4.15.0
2025-11-03 11:23:01.692 [s0-admin-0] INFO  com.datastax.oss.driver.internal.core.time.Clock - Using native clock for microsecond precision
2025-11-03 11:23:02.170 [s1-admin-0] INFO  com.datastax.oss.driver.internal.core.time.Clock - Using native clock for microsecond precision
2025-11-03 11:23:04.091 [main] INFO  org.springframework.cloud.commons.util.InetUtils - Cannot determine local hostname
2025-11-03 11:23:05.615 [main] INFO  org.springframework.cloud.commons.util.InetUtils - Cannot determine local hostname
2025-11-03 11:23:05.643 [main] WARN  o.s.c.l.c.LoadBalancerCacheAutoConfiguration$LoadBalancerCaffeineWarnLogger - Spring Cloud LoadBalancer is currently working with the default cache. While this cache implementation is useful for development and tests, it's recommended to use Caffeine cache in production.You can switch to using Caffeine cache, by adding it and org.springframework.cache.caffeine.CaffeineCacheManager to the classpath.
2025-11-03 11:23:05.691 [main] WARN  o.s.b.w.s.c.AnnotationConfigServletWebServerApplicationContext - Exception encountered during context initialization - cancelling refresh attempt: org.springframework.context.ApplicationContextException: Failed to start bean 'webServerStartStop'
2025-11-03 11:23:09.818 [main] INFO  org.apache.catalina.core.StandardService - Stopping service [Tomcat]
2025-11-03 11:23:09.829 [main] INFO  o.s.b.a.logging.ConditionEvaluationReportLogger - 

Error starting ApplicationContext. To display the condition evaluation report re-run your application with 'debug' enabled.
2025-11-03 11:23:09.866 [main] ERROR o.s.b.diagnostics.LoggingFailureAnalysisReporter - 

***************************
APPLICATION FAILED TO START
***************************

Description:

Web server failed to start. Port 8084 was already in use.

Action:

Identify and stop the process that's listening on port 8084 or configure this application to listen on another port.

2025-11-03 11:24:31.210 [main] WARN  com.alibaba.nacos.client.logging.NacosLogging - Load Logback Configuration of Nacos fail, message: Could not initialize Logback Nacos logging from classpath:nacos-logback.xml
2025-11-03 11:24:31.248 [main] WARN  com.alibaba.nacos.client.logging.NacosLogging - Load Logback Configuration of Nacos fail, message: Could not initialize Logback Nacos logging from classpath:nacos-logback.xml
2025-11-03 11:24:32.743 [main] WARN  com.alibaba.nacos.client.logging.NacosLogging - Load Logback Configuration of Nacos fail, message: Could not initialize Logback Nacos logging from classpath:nacos-logback.xml
2025-11-03 11:24:32.750 [main] WARN  com.alibaba.nacos.client.logging.NacosLogging - Load Logback Configuration of Nacos fail, message: Could not initialize Logback Nacos logging from classpath:nacos-logback.xml
2025-11-03 11:24:32.751 [main] INFO  c.q.xiaohashu.kv.biz.XiaohashuKvBizApplication - The following 1 profile is active: "dev"
2025-11-03 11:24:33.110 [main] INFO  o.s.d.r.config.RepositoryConfigurationDelegate - Bootstrapping Spring Data Reactive Cassandra repositories in DEFAULT mode.
2025-11-03 11:24:33.147 [main] INFO  o.s.d.r.config.RepositoryConfigurationDelegate - Finished Spring Data repository scanning in 32 ms. Found 0 Reactive Cassandra repository interfaces.
2025-11-03 11:24:33.150 [main] INFO  o.s.d.r.config.RepositoryConfigurationDelegate - Bootstrapping Spring Data Cassandra repositories in DEFAULT mode.
2025-11-03 11:24:33.162 [main] INFO  o.s.d.r.config.RepositoryConfigurationDelegate - Finished Spring Data repository scanning in 12 ms. Found 1 Cassandra repository interfaces.
2025-11-03 11:24:33.271 [main] INFO  o.springframework.cloud.context.scope.GenericScope - BeanFactory id=0450c896-95d1-3c2a-a3dd-175c7e8808df
2025-11-03 11:24:33.449 [main] INFO  o.s.boot.web.embedded.tomcat.TomcatWebServer - Tomcat initialized with port(s): 8084 (http)
2025-11-03 11:24:33.455 [main] INFO  org.apache.catalina.core.StandardService - Starting service [Tomcat]
2025-11-03 11:24:33.455 [main] INFO  org.apache.catalina.core.StandardEngine - Starting Servlet engine: [Apache Tomcat/10.1.5]
2025-11-03 11:24:33.547 [main] INFO  o.a.c.core.ContainerBase.[Tomcat].[localhost].[/] - Initializing Spring embedded WebApplicationContext
2025-11-03 11:24:33.548 [main] INFO  o.s.b.w.s.c.ServletWebServerApplicationContext - Root WebApplicationContext: initialization completed in 789 ms
2025-11-03 11:24:33.705 [main] INFO  c.d.o.driver.internal.core.DefaultMavenCoordinates - DataStax Java driver for Apache Cassandra(R) (com.datastax.oss:java-driver-core) version 4.15.0
2025-11-03 11:24:33.946 [s0-admin-0] INFO  com.datastax.oss.driver.internal.core.time.Clock - Using native clock for microsecond precision
2025-11-03 11:24:34.306 [s1-admin-0] INFO  com.datastax.oss.driver.internal.core.time.Clock - Using native clock for microsecond precision
2025-11-03 11:24:35.995 [main] INFO  org.springframework.cloud.commons.util.InetUtils - Cannot determine local hostname
2025-11-03 11:24:37.456 [main] INFO  org.springframework.cloud.commons.util.InetUtils - Cannot determine local hostname
2025-11-03 11:24:37.481 [main] WARN  o.s.c.l.c.LoadBalancerCacheAutoConfiguration$LoadBalancerCaffeineWarnLogger - Spring Cloud LoadBalancer is currently working with the default cache. While this cache implementation is useful for development and tests, it's recommended to use Caffeine cache in production.You can switch to using Caffeine cache, by adding it and org.springframework.cache.caffeine.CaffeineCacheManager to the classpath.
2025-11-03 11:24:37.515 [main] WARN  o.s.b.w.s.c.AnnotationConfigServletWebServerApplicationContext - Exception encountered during context initialization - cancelling refresh attempt: org.springframework.context.ApplicationContextException: Failed to start bean 'webServerStartStop'
2025-11-03 11:24:41.643 [main] INFO  org.apache.catalina.core.StandardService - Stopping service [Tomcat]
2025-11-03 11:24:41.655 [main] INFO  o.s.b.a.logging.ConditionEvaluationReportLogger - 

Error starting ApplicationContext. To display the condition evaluation report re-run your application with 'debug' enabled.
2025-11-03 11:24:41.663 [main] ERROR o.s.b.diagnostics.LoggingFailureAnalysisReporter - 

***************************
APPLICATION FAILED TO START
***************************

Description:

Web server failed to start. Port 8084 was already in use.

Action:

Identify and stop the process that's listening on port 8084 or configure this application to listen on another port.

2025-11-03 11:26:33.693 [main] WARN  com.alibaba.nacos.client.logging.NacosLogging - Load Logback Configuration of Nacos fail, message: Could not initialize Logback Nacos logging from classpath:nacos-logback.xml
2025-11-03 11:26:33.728 [main] WARN  com.alibaba.nacos.client.logging.NacosLogging - Load Logback Configuration of Nacos fail, message: Could not initialize Logback Nacos logging from classpath:nacos-logback.xml
2025-11-03 11:26:35.174 [main] WARN  com.alibaba.nacos.client.logging.NacosLogging - Load Logback Configuration of Nacos fail, message: Could not initialize Logback Nacos logging from classpath:nacos-logback.xml
2025-11-03 11:26:35.183 [main] WARN  com.alibaba.nacos.client.logging.NacosLogging - Load Logback Configuration of Nacos fail, message: Could not initialize Logback Nacos logging from classpath:nacos-logback.xml
2025-11-03 11:26:35.183 [main] INFO  c.q.xiaohashu.kv.biz.XiaohashuKvBizApplication - The following 1 profile is active: "dev"
2025-11-03 11:26:35.498 [main] INFO  o.s.d.r.config.RepositoryConfigurationDelegate - Bootstrapping Spring Data Reactive Cassandra repositories in DEFAULT mode.
2025-11-03 11:26:35.519 [main] INFO  o.s.d.r.config.RepositoryConfigurationDelegate - Finished Spring Data repository scanning in 19 ms. Found 0 Reactive Cassandra repository interfaces.
2025-11-03 11:26:35.521 [main] INFO  o.s.d.r.config.RepositoryConfigurationDelegate - Bootstrapping Spring Data Cassandra repositories in DEFAULT mode.
2025-11-03 11:26:35.530 [main] INFO  o.s.d.r.config.RepositoryConfigurationDelegate - Finished Spring Data repository scanning in 8 ms. Found 1 Cassandra repository interfaces.
2025-11-03 11:26:35.629 [main] INFO  o.springframework.cloud.context.scope.GenericScope - BeanFactory id=0450c896-95d1-3c2a-a3dd-175c7e8808df
2025-11-03 11:26:35.807 [main] INFO  o.s.boot.web.embedded.tomcat.TomcatWebServer - Tomcat initialized with port(s): 8087 (http)
2025-11-03 11:26:35.814 [main] INFO  org.apache.catalina.core.StandardService - Starting service [Tomcat]
2025-11-03 11:26:35.814 [main] INFO  org.apache.catalina.core.StandardEngine - Starting Servlet engine: [Apache Tomcat/10.1.5]
2025-11-03 11:26:35.901 [main] INFO  o.a.c.core.ContainerBase.[Tomcat].[localhost].[/] - Initializing Spring embedded WebApplicationContext
2025-11-03 11:26:35.901 [main] INFO  o.s.b.w.s.c.ServletWebServerApplicationContext - Root WebApplicationContext: initialization completed in 708 ms
2025-11-03 11:26:36.042 [main] INFO  c.d.o.driver.internal.core.DefaultMavenCoordinates - DataStax Java driver for Apache Cassandra(R) (com.datastax.oss:java-driver-core) version 4.15.0
2025-11-03 11:26:36.280 [s0-admin-0] INFO  com.datastax.oss.driver.internal.core.time.Clock - Using native clock for microsecond precision
2025-11-03 11:26:36.623 [s1-admin-0] INFO  com.datastax.oss.driver.internal.core.time.Clock - Using native clock for microsecond precision
2025-11-03 11:26:38.319 [main] INFO  org.springframework.cloud.commons.util.InetUtils - Cannot determine local hostname
2025-11-03 11:26:39.784 [main] INFO  org.springframework.cloud.commons.util.InetUtils - Cannot determine local hostname
2025-11-03 11:26:39.808 [main] WARN  o.s.c.l.c.LoadBalancerCacheAutoConfiguration$LoadBalancerCaffeineWarnLogger - Spring Cloud LoadBalancer is currently working with the default cache. While this cache implementation is useful for development and tests, it's recommended to use Caffeine cache in production.You can switch to using Caffeine cache, by adding it and org.springframework.cache.caffeine.CaffeineCacheManager to the classpath.
2025-11-03 11:26:39.846 [main] WARN  o.s.b.w.s.c.AnnotationConfigServletWebServerApplicationContext - Exception encountered during context initialization - cancelling refresh attempt: org.springframework.context.ApplicationContextException: Failed to start bean 'webServerStartStop'
2025-11-03 11:26:44.004 [main] INFO  org.apache.catalina.core.StandardService - Stopping service [Tomcat]
2025-11-03 11:26:44.013 [main] INFO  o.s.b.a.logging.ConditionEvaluationReportLogger - 

Error starting ApplicationContext. To display the condition evaluation report re-run your application with 'debug' enabled.
2025-11-03 11:26:44.023 [main] ERROR o.s.b.diagnostics.LoggingFailureAnalysisReporter - 

***************************
APPLICATION FAILED TO START
***************************

Description:

Web server failed to start. Port 8087 was already in use.

Action:

Identify and stop the process that's listening on port 8087 or configure this application to listen on another port.

2025-11-03 11:28:30.679 [main] WARN  com.alibaba.nacos.client.logging.NacosLogging - Load Logback Configuration of Nacos fail, message: Could not initialize Logback Nacos logging from classpath:nacos-logback.xml
2025-11-03 11:28:30.717 [main] WARN  com.alibaba.nacos.client.logging.NacosLogging - Load Logback Configuration of Nacos fail, message: Could not initialize Logback Nacos logging from classpath:nacos-logback.xml
2025-11-03 11:28:32.155 [main] WARN  com.alibaba.nacos.client.logging.NacosLogging - Load Logback Configuration of Nacos fail, message: Could not initialize Logback Nacos logging from classpath:nacos-logback.xml
2025-11-03 11:28:32.164 [main] WARN  com.alibaba.nacos.client.logging.NacosLogging - Load Logback Configuration of Nacos fail, message: Could not initialize Logback Nacos logging from classpath:nacos-logback.xml
2025-11-03 11:28:32.165 [main] INFO  c.q.xiaohashu.kv.biz.XiaohashuKvBizApplication - The following 1 profile is active: "dev"
2025-11-03 11:28:32.479 [main] INFO  o.s.d.r.config.RepositoryConfigurationDelegate - Bootstrapping Spring Data Reactive Cassandra repositories in DEFAULT mode.
2025-11-03 11:28:32.501 [main] INFO  o.s.d.r.config.RepositoryConfigurationDelegate - Finished Spring Data repository scanning in 19 ms. Found 0 Reactive Cassandra repository interfaces.
2025-11-03 11:28:32.503 [main] INFO  o.s.d.r.config.RepositoryConfigurationDelegate - Bootstrapping Spring Data Cassandra repositories in DEFAULT mode.
2025-11-03 11:28:32.511 [main] INFO  o.s.d.r.config.RepositoryConfigurationDelegate - Finished Spring Data repository scanning in 7 ms. Found 1 Cassandra repository interfaces.
2025-11-03 11:28:32.619 [main] INFO  o.springframework.cloud.context.scope.GenericScope - BeanFactory id=0450c896-95d1-3c2a-a3dd-175c7e8808df
2025-11-03 11:28:32.781 [main] INFO  o.s.boot.web.embedded.tomcat.TomcatWebServer - Tomcat initialized with port(s): 0 (http)
2025-11-03 11:28:32.789 [main] INFO  org.apache.catalina.core.StandardService - Starting service [Tomcat]
2025-11-03 11:28:32.789 [main] INFO  org.apache.catalina.core.StandardEngine - Starting Servlet engine: [Apache Tomcat/10.1.5]
2025-11-03 11:28:32.873 [main] INFO  o.a.c.core.ContainerBase.[Tomcat].[localhost].[/] - Initializing Spring embedded WebApplicationContext
2025-11-03 11:28:32.873 [main] INFO  o.s.b.w.s.c.ServletWebServerApplicationContext - Root WebApplicationContext: initialization completed in 700 ms
2025-11-03 11:28:33.011 [main] INFO  c.d.o.driver.internal.core.DefaultMavenCoordinates - DataStax Java driver for Apache Cassandra(R) (com.datastax.oss:java-driver-core) version 4.15.0
2025-11-03 11:28:33.293 [s0-admin-0] INFO  com.datastax.oss.driver.internal.core.time.Clock - Using native clock for microsecond precision
2025-11-03 11:28:33.647 [s1-admin-0] INFO  com.datastax.oss.driver.internal.core.time.Clock - Using native clock for microsecond precision
2025-11-03 11:28:35.300 [main] INFO  org.springframework.cloud.commons.util.InetUtils - Cannot determine local hostname
2025-11-03 11:28:36.809 [main] INFO  org.springframework.cloud.commons.util.InetUtils - Cannot determine local hostname
2025-11-03 11:28:36.836 [main] WARN  o.s.c.l.c.LoadBalancerCacheAutoConfiguration$LoadBalancerCaffeineWarnLogger - Spring Cloud LoadBalancer is currently working with the default cache. While this cache implementation is useful for development and tests, it's recommended to use Caffeine cache in production.You can switch to using Caffeine cache, by adding it and org.springframework.cache.caffeine.CaffeineCacheManager to the classpath.
2025-11-03 11:28:36.895 [main] INFO  o.s.boot.web.embedded.tomcat.TomcatWebServer - Tomcat started on port(s): 11401 (http) with context path ''
2025-11-03 11:28:36.899 [main] WARN  com.alibaba.nacos.client.logging.NacosLogging - Load Logback Configuration of Nacos fail, message: Could not initialize Logback Nacos logging from classpath:nacos-logback.xml
2025-11-03 11:28:36.899 [main] INFO  com.alibaba.nacos.client.naming - initializer namespace from ans.namespace attribute : null
2025-11-03 11:28:36.900 [main] INFO  com.alibaba.nacos.client.naming - initializer namespace from ALIBABA_ALIWARE_NAMESPACE attribute :null
2025-11-03 11:28:36.900 [main] INFO  com.alibaba.nacos.client.naming - initializer namespace from namespace attribute :null
2025-11-03 11:28:36.917 [main] INFO  com.alibaba.nacos.client.utils.ParamUtil - [settings] [req-serv] nacos-server port:8848
2025-11-03 11:28:36.917 [main] INFO  com.alibaba.nacos.client.utils.ParamUtil - [settings] [http-client] connect timeout:1000
2025-11-03 11:28:36.917 [main] INFO  com.alibaba.nacos.client.utils.ParamUtil - PER_TASK_CONFIG_SIZE: 3000.0
2025-11-03 11:28:36.922 [main] INFO  c.a.n.p.auth.spi.client.ClientAuthPluginManager - [ClientAuthPluginManager] Load ClientAuthService com.alibaba.nacos.client.auth.impl.NacosClientAuthServiceImpl success.
2025-11-03 11:28:36.923 [main] INFO  c.a.n.p.auth.spi.client.ClientAuthPluginManager - [ClientAuthPluginManager] Load ClientAuthService com.alibaba.nacos.client.auth.ram.RamClientAuthServiceImpl success.
2025-11-03 11:28:36.925 [main] INFO  c.a.n.client.auth.ram.identify.CredentialWatcher - null No credential found
2025-11-03 11:28:36.930 [main] INFO  com.alibaba.nacos.common.remote.client - [RpcClientFactory] create a new rpc client of 9679dd14-d73a-4571-a4da-29cb7b47c514
2025-11-03 11:28:36.941 [main] INFO  com.alibaba.nacos.common.remote.client - [9679dd14-d73a-4571-a4da-29cb7b47c514] RpcClient init, ServerListFactory = com.alibaba.nacos.client.naming.core.ServerListManager
2025-11-03 11:28:36.941 [main] INFO  com.alibaba.nacos.common.remote.client - [9679dd14-d73a-4571-a4da-29cb7b47c514] Registry connection listener to current client:com.alibaba.nacos.client.naming.remote.gprc.redo.NamingGrpcRedoService
2025-11-03 11:28:36.941 [main] INFO  com.alibaba.nacos.common.remote.client - [9679dd14-d73a-4571-a4da-29cb7b47c514] Register server push request handler:com.alibaba.nacos.client.naming.remote.gprc.NamingPushRequestHandler
2025-11-03 11:28:36.943 [main] INFO  com.alibaba.nacos.common.remote.client - [9679dd14-d73a-4571-a4da-29cb7b47c514] Try to connect to server on start up, server: {serverIp = '127.0.0.1', server main port = 8848}
2025-11-03 11:28:36.967 [main] INFO  c.a.nacos.common.remote.client.grpc.GrpcClient - grpc client connection server:127.0.0.1 ip,serverPort:9848,grpcTslConfig:{"sslProvider":"OPENSSL","enableTls":false,"mutualAuthEnable":false,"trustAll":false}
2025-11-03 11:28:37.733 [main] INFO  com.alibaba.nacos.common.remote.client - [9679dd14-d73a-4571-a4da-29cb7b47c514] Success to connect to server [127.0.0.1:8848] on start up, connectionId = 1762140517575_127.0.0.1_11402
2025-11-03 11:28:37.733 [com.alibaba.nacos.client.remote.worker] INFO  com.alibaba.nacos.common.remote.client - [9679dd14-d73a-4571-a4da-29cb7b47c514] Notify connected event to listeners.
2025-11-03 11:28:37.733 [com.alibaba.nacos.client.remote.worker] INFO  com.alibaba.nacos.client.naming - Grpc connection connect
2025-11-03 11:28:37.734 [main] INFO  com.alibaba.nacos.common.remote.client - [9679dd14-d73a-4571-a4da-29cb7b47c514] Register server push request handler:com.alibaba.nacos.common.remote.client.RpcClient$ConnectResetRequestHandler
2025-11-03 11:28:37.734 [main] INFO  com.alibaba.nacos.common.remote.client - [9679dd14-d73a-4571-a4da-29cb7b47c514] Register server push request handler:com.alibaba.nacos.common.remote.client.RpcClient$$Lambda$1514/0x000001bcb979f2a0
2025-11-03 11:28:37.735 [main] INFO  com.alibaba.nacos.client.naming - [REGISTER-SERVICE] xiaohashu registering service xiaohashu-kv with instance Instance{instanceId='null', ip='192.168.134.1', port=11401, weight=1.0, healthy=true, enabled=true, ephemeral=true, clusterName='DEFAULT', serviceName='null', metadata={IPv6=null, preserved.register.source=SPRING_CLOUD}}
2025-11-03 11:28:37.747 [main] INFO  c.a.cloud.nacos.registry.NacosServiceRegistry - nacos registry, DEFAULT_GROUP xiaohashu-kv 192.168.134.1:11401 register finished
2025-11-03 11:28:38.948 [main] INFO  org.springframework.cloud.commons.util.InetUtils - Cannot determine local hostname
2025-11-03 11:28:38.957 [main] INFO  c.q.xiaohashu.kv.biz.XiaohashuKvBizApplication - Started XiaohashuKvBizApplication in 10.002 seconds (process running for 10.643)
2025-11-03 12:42:08.456 [main] WARN  com.alibaba.nacos.client.logging.NacosLogging - Load Logback Configuration of Nacos fail, message: Could not initialize Logback Nacos logging from classpath:nacos-logback.xml
2025-11-03 12:42:08.496 [main] WARN  com.alibaba.nacos.client.logging.NacosLogging - Load Logback Configuration of Nacos fail, message: Could not initialize Logback Nacos logging from classpath:nacos-logback.xml
2025-11-03 12:42:09.951 [main] WARN  com.alibaba.nacos.client.logging.NacosLogging - Load Logback Configuration of Nacos fail, message: Could not initialize Logback Nacos logging from classpath:nacos-logback.xml
2025-11-03 12:42:09.958 [main] WARN  com.alibaba.nacos.client.logging.NacosLogging - Load Logback Configuration of Nacos fail, message: Could not initialize Logback Nacos logging from classpath:nacos-logback.xml
2025-11-03 12:42:09.959 [main] INFO  c.q.xiaohashu.kv.biz.XiaohashuKvBizApplication - The following 1 profile is active: "dev"
2025-11-03 12:42:10.274 [main] INFO  o.s.d.r.config.RepositoryConfigurationDelegate - Bootstrapping Spring Data Reactive Cassandra repositories in DEFAULT mode.
2025-11-03 12:42:10.298 [main] INFO  o.s.d.r.config.RepositoryConfigurationDelegate - Finished Spring Data repository scanning in 21 ms. Found 0 Reactive Cassandra repository interfaces.
2025-11-03 12:42:10.301 [main] INFO  o.s.d.r.config.RepositoryConfigurationDelegate - Bootstrapping Spring Data Cassandra repositories in DEFAULT mode.
2025-11-03 12:42:10.309 [main] INFO  o.s.d.r.config.RepositoryConfigurationDelegate - Finished Spring Data repository scanning in 8 ms. Found 1 Cassandra repository interfaces.
2025-11-03 12:42:10.409 [main] INFO  o.springframework.cloud.context.scope.GenericScope - BeanFactory id=0450c896-95d1-3c2a-a3dd-175c7e8808df
2025-11-03 12:42:10.564 [main] INFO  o.s.boot.web.embedded.tomcat.TomcatWebServer - Tomcat initialized with port(s): 0 (http)
2025-11-03 12:42:10.574 [main] INFO  org.apache.catalina.core.StandardService - Starting service [Tomcat]
2025-11-03 12:42:10.575 [main] INFO  org.apache.catalina.core.StandardEngine - Starting Servlet engine: [Apache Tomcat/10.1.5]
2025-11-03 12:42:10.651 [main] INFO  o.a.c.core.ContainerBase.[Tomcat].[localhost].[/] - Initializing Spring embedded WebApplicationContext
2025-11-03 12:42:10.652 [main] INFO  o.s.b.w.s.c.ServletWebServerApplicationContext - Root WebApplicationContext: initialization completed in 681 ms
2025-11-03 12:42:10.818 [main] INFO  c.d.o.driver.internal.core.DefaultMavenCoordinates - DataStax Java driver for Apache Cassandra(R) (com.datastax.oss:java-driver-core) version 4.15.0
2025-11-03 12:42:11.087 [s0-admin-0] INFO  com.datastax.oss.driver.internal.core.time.Clock - Using native clock for microsecond precision
2025-11-03 12:42:11.426 [s1-admin-0] INFO  com.datastax.oss.driver.internal.core.time.Clock - Using native clock for microsecond precision
2025-11-03 12:42:13.047 [main] INFO  org.springframework.cloud.commons.util.InetUtils - Cannot determine local hostname
2025-11-03 12:42:14.497 [main] INFO  org.springframework.cloud.commons.util.InetUtils - Cannot determine local hostname
2025-11-03 12:42:14.529 [main] WARN  o.s.c.l.c.LoadBalancerCacheAutoConfiguration$LoadBalancerCaffeineWarnLogger - Spring Cloud LoadBalancer is currently working with the default cache. While this cache implementation is useful for development and tests, it's recommended to use Caffeine cache in production.You can switch to using Caffeine cache, by adding it and org.springframework.cache.caffeine.CaffeineCacheManager to the classpath.
2025-11-03 12:42:14.577 [main] INFO  o.s.boot.web.embedded.tomcat.TomcatWebServer - Tomcat started on port(s): 13534 (http) with context path ''
2025-11-03 12:42:14.582 [main] WARN  com.alibaba.nacos.client.logging.NacosLogging - Load Logback Configuration of Nacos fail, message: Could not initialize Logback Nacos logging from classpath:nacos-logback.xml
2025-11-03 12:42:14.582 [main] INFO  com.alibaba.nacos.client.naming - initializer namespace from ans.namespace attribute : null
2025-11-03 12:42:14.582 [main] INFO  com.alibaba.nacos.client.naming - initializer namespace from ALIBABA_ALIWARE_NAMESPACE attribute :null
2025-11-03 12:42:14.583 [main] INFO  com.alibaba.nacos.client.naming - initializer namespace from namespace attribute :null
2025-11-03 12:42:14.596 [main] INFO  com.alibaba.nacos.client.utils.ParamUtil - [settings] [req-serv] nacos-server port:8848
2025-11-03 12:42:14.596 [main] INFO  com.alibaba.nacos.client.utils.ParamUtil - [settings] [http-client] connect timeout:1000
2025-11-03 12:42:14.597 [main] INFO  com.alibaba.nacos.client.utils.ParamUtil - PER_TASK_CONFIG_SIZE: 3000.0
2025-11-03 12:42:14.600 [main] INFO  c.a.n.p.auth.spi.client.ClientAuthPluginManager - [ClientAuthPluginManager] Load ClientAuthService com.alibaba.nacos.client.auth.impl.NacosClientAuthServiceImpl success.
2025-11-03 12:42:14.601 [main] INFO  c.a.n.p.auth.spi.client.ClientAuthPluginManager - [ClientAuthPluginManager] Load ClientAuthService com.alibaba.nacos.client.auth.ram.RamClientAuthServiceImpl success.
2025-11-03 12:42:14.603 [main] INFO  c.a.n.client.auth.ram.identify.CredentialWatcher - null No credential found
2025-11-03 12:42:14.606 [main] INFO  com.alibaba.nacos.common.remote.client - [RpcClientFactory] create a new rpc client of 9c17117c-0d52-431c-ac9b-962e60f5bbdc
2025-11-03 12:42:14.620 [main] INFO  com.alibaba.nacos.common.remote.client - [9c17117c-0d52-431c-ac9b-962e60f5bbdc] RpcClient init, ServerListFactory = com.alibaba.nacos.client.naming.core.ServerListManager
2025-11-03 12:42:14.620 [main] INFO  com.alibaba.nacos.common.remote.client - [9c17117c-0d52-431c-ac9b-962e60f5bbdc] Registry connection listener to current client:com.alibaba.nacos.client.naming.remote.gprc.redo.NamingGrpcRedoService
2025-11-03 12:42:14.621 [main] INFO  com.alibaba.nacos.common.remote.client - [9c17117c-0d52-431c-ac9b-962e60f5bbdc] Register server push request handler:com.alibaba.nacos.client.naming.remote.gprc.NamingPushRequestHandler
2025-11-03 12:42:14.623 [main] INFO  com.alibaba.nacos.common.remote.client - [9c17117c-0d52-431c-ac9b-962e60f5bbdc] Try to connect to server on start up, server: {serverIp = '127.0.0.1', server main port = 8848}
2025-11-03 12:42:14.657 [main] INFO  c.a.nacos.common.remote.client.grpc.GrpcClient - grpc client connection server:127.0.0.1 ip,serverPort:9848,grpcTslConfig:{"sslProvider":"OPENSSL","enableTls":false,"mutualAuthEnable":false,"trustAll":false}
2025-11-03 12:42:15.424 [main] INFO  com.alibaba.nacos.common.remote.client - [9c17117c-0d52-431c-ac9b-962e60f5bbdc] Success to connect to server [127.0.0.1:8848] on start up, connectionId = 1762144935272_127.0.0.1_13535
2025-11-03 12:42:15.424 [com.alibaba.nacos.client.remote.worker] INFO  com.alibaba.nacos.common.remote.client - [9c17117c-0d52-431c-ac9b-962e60f5bbdc] Notify connected event to listeners.
2025-11-03 12:42:15.425 [com.alibaba.nacos.client.remote.worker] INFO  com.alibaba.nacos.client.naming - Grpc connection connect
2025-11-03 12:42:15.425 [main] INFO  com.alibaba.nacos.common.remote.client - [9c17117c-0d52-431c-ac9b-962e60f5bbdc] Register server push request handler:com.alibaba.nacos.common.remote.client.RpcClient$ConnectResetRequestHandler
2025-11-03 12:42:15.425 [main] INFO  com.alibaba.nacos.common.remote.client - [9c17117c-0d52-431c-ac9b-962e60f5bbdc] Register server push request handler:com.alibaba.nacos.common.remote.client.RpcClient$$Lambda$1512/0x000002658579d240
2025-11-03 12:42:15.425 [main] INFO  com.alibaba.nacos.client.naming - [REGISTER-SERVICE] xiaohashu registering service xiaohashu-kv with instance Instance{instanceId='null', ip='192.168.134.1', port=13534, weight=1.0, healthy=true, enabled=true, ephemeral=true, clusterName='DEFAULT', serviceName='null', metadata={IPv6=null, preserved.register.source=SPRING_CLOUD}}
2025-11-03 12:42:15.436 [main] INFO  c.a.cloud.nacos.registry.NacosServiceRegistry - nacos registry, DEFAULT_GROUP xiaohashu-kv 192.168.134.1:13534 register finished
2025-11-03 12:42:16.648 [main] INFO  org.springframework.cloud.commons.util.InetUtils - Cannot determine local hostname
2025-11-03 12:42:16.654 [main] INFO  c.q.xiaohashu.kv.biz.XiaohashuKvBizApplication - Started XiaohashuKvBizApplication in 10.294 seconds (process running for 11.091)
2025-11-03 12:49:16.670 [main] WARN  com.alibaba.nacos.client.logging.NacosLogging - Load Logback Configuration of Nacos fail, message: Could not initialize Logback Nacos logging from classpath:nacos-logback.xml
2025-11-03 12:49:16.712 [main] WARN  com.alibaba.nacos.client.logging.NacosLogging - Load Logback Configuration of Nacos fail, message: Could not initialize Logback Nacos logging from classpath:nacos-logback.xml
2025-11-03 12:49:18.285 [main] WARN  com.alibaba.nacos.client.logging.NacosLogging - Load Logback Configuration of Nacos fail, message: Could not initialize Logback Nacos logging from classpath:nacos-logback.xml
2025-11-03 12:49:18.295 [main] WARN  com.alibaba.nacos.client.logging.NacosLogging - Load Logback Configuration of Nacos fail, message: Could not initialize Logback Nacos logging from classpath:nacos-logback.xml
2025-11-03 12:49:18.295 [main] INFO  c.q.xiaohashu.kv.biz.XiaohashuKvBizApplication - The following 1 profile is active: "dev"
2025-11-03 12:49:18.630 [main] INFO  o.s.d.r.config.RepositoryConfigurationDelegate - Bootstrapping Spring Data Reactive Cassandra repositories in DEFAULT mode.
2025-11-03 12:49:18.654 [main] INFO  o.s.d.r.config.RepositoryConfigurationDelegate - Finished Spring Data repository scanning in 21 ms. Found 0 Reactive Cassandra repository interfaces.
2025-11-03 12:49:18.657 [main] INFO  o.s.d.r.config.RepositoryConfigurationDelegate - Bootstrapping Spring Data Cassandra repositories in DEFAULT mode.
2025-11-03 12:49:18.666 [main] INFO  o.s.d.r.config.RepositoryConfigurationDelegate - Finished Spring Data repository scanning in 9 ms. Found 1 Cassandra repository interfaces.
2025-11-03 12:49:18.774 [main] INFO  o.springframework.cloud.context.scope.GenericScope - BeanFactory id=0450c896-95d1-3c2a-a3dd-175c7e8808df
2025-11-03 12:49:18.939 [main] INFO  o.s.boot.web.embedded.tomcat.TomcatWebServer - Tomcat initialized with port(s): 0 (http)
2025-11-03 12:49:18.945 [main] INFO  org.apache.catalina.core.StandardService - Starting service [Tomcat]
2025-11-03 12:49:18.945 [main] INFO  org.apache.catalina.core.StandardEngine - Starting Servlet engine: [Apache Tomcat/10.1.5]
2025-11-03 12:49:19.043 [main] INFO  o.a.c.core.ContainerBase.[Tomcat].[localhost].[/] - Initializing Spring embedded WebApplicationContext
2025-11-03 12:49:19.043 [main] INFO  o.s.b.w.s.c.ServletWebServerApplicationContext - Root WebApplicationContext: initialization completed in 738 ms
2025-11-03 12:49:19.221 [main] INFO  c.d.o.driver.internal.core.DefaultMavenCoordinates - DataStax Java driver for Apache Cassandra(R) (com.datastax.oss:java-driver-core) version 4.15.0
2025-11-03 12:49:19.479 [s0-admin-0] INFO  com.datastax.oss.driver.internal.core.time.Clock - Using native clock for microsecond precision
2025-11-03 12:49:19.918 [s1-admin-0] INFO  com.datastax.oss.driver.internal.core.time.Clock - Using native clock for microsecond precision
2025-11-03 12:49:21.711 [main] INFO  org.springframework.cloud.commons.util.InetUtils - Cannot determine local hostname
2025-11-03 12:49:23.252 [main] INFO  org.springframework.cloud.commons.util.InetUtils - Cannot determine local hostname
2025-11-03 12:49:23.276 [main] WARN  o.s.c.l.c.LoadBalancerCacheAutoConfiguration$LoadBalancerCaffeineWarnLogger - Spring Cloud LoadBalancer is currently working with the default cache. While this cache implementation is useful for development and tests, it's recommended to use Caffeine cache in production.You can switch to using Caffeine cache, by adding it and org.springframework.cache.caffeine.CaffeineCacheManager to the classpath.
2025-11-03 12:49:23.329 [main] INFO  o.s.boot.web.embedded.tomcat.TomcatWebServer - Tomcat started on port(s): 14161 (http) with context path ''
2025-11-03 12:49:23.336 [main] WARN  com.alibaba.nacos.client.logging.NacosLogging - Load Logback Configuration of Nacos fail, message: Could not initialize Logback Nacos logging from classpath:nacos-logback.xml
2025-11-03 12:49:23.337 [main] INFO  com.alibaba.nacos.client.naming - initializer namespace from ans.namespace attribute : null
2025-11-03 12:49:23.337 [main] INFO  com.alibaba.nacos.client.naming - initializer namespace from ALIBABA_ALIWARE_NAMESPACE attribute :null
2025-11-03 12:49:23.337 [main] INFO  com.alibaba.nacos.client.naming - initializer namespace from namespace attribute :null
2025-11-03 12:49:23.352 [main] INFO  com.alibaba.nacos.client.utils.ParamUtil - [settings] [req-serv] nacos-server port:8848
2025-11-03 12:49:23.353 [main] INFO  com.alibaba.nacos.client.utils.ParamUtil - [settings] [http-client] connect timeout:1000
2025-11-03 12:49:23.353 [main] INFO  com.alibaba.nacos.client.utils.ParamUtil - PER_TASK_CONFIG_SIZE: 3000.0
2025-11-03 12:49:23.357 [main] INFO  c.a.n.p.auth.spi.client.ClientAuthPluginManager - [ClientAuthPluginManager] Load ClientAuthService com.alibaba.nacos.client.auth.impl.NacosClientAuthServiceImpl success.
2025-11-03 12:49:23.357 [main] INFO  c.a.n.p.auth.spi.client.ClientAuthPluginManager - [ClientAuthPluginManager] Load ClientAuthService com.alibaba.nacos.client.auth.ram.RamClientAuthServiceImpl success.
2025-11-03 12:49:23.359 [main] INFO  c.a.n.client.auth.ram.identify.CredentialWatcher - null No credential found
2025-11-03 12:49:23.364 [main] INFO  com.alibaba.nacos.common.remote.client - [RpcClientFactory] create a new rpc client of 944d29c9-5fee-42ba-a4c6-c1b7668ace59
2025-11-03 12:49:23.375 [main] INFO  com.alibaba.nacos.common.remote.client - [944d29c9-5fee-42ba-a4c6-c1b7668ace59] RpcClient init, ServerListFactory = com.alibaba.nacos.client.naming.core.ServerListManager
2025-11-03 12:49:23.375 [main] INFO  com.alibaba.nacos.common.remote.client - [944d29c9-5fee-42ba-a4c6-c1b7668ace59] Registry connection listener to current client:com.alibaba.nacos.client.naming.remote.gprc.redo.NamingGrpcRedoService
2025-11-03 12:49:23.377 [main] INFO  com.alibaba.nacos.common.remote.client - [944d29c9-5fee-42ba-a4c6-c1b7668ace59] Register server push request handler:com.alibaba.nacos.client.naming.remote.gprc.NamingPushRequestHandler
2025-11-03 12:49:23.378 [main] INFO  com.alibaba.nacos.common.remote.client - [944d29c9-5fee-42ba-a4c6-c1b7668ace59] Try to connect to server on start up, server: {serverIp = '127.0.0.1', server main port = 8848}
2025-11-03 12:49:23.411 [main] INFO  c.a.nacos.common.remote.client.grpc.GrpcClient - grpc client connection server:127.0.0.1 ip,serverPort:9848,grpcTslConfig:{"sslProvider":"OPENSSL","enableTls":false,"mutualAuthEnable":false,"trustAll":false}
2025-11-03 12:49:24.174 [main] INFO  com.alibaba.nacos.common.remote.client - [944d29c9-5fee-42ba-a4c6-c1b7668ace59] Success to connect to server [127.0.0.1:8848] on start up, connectionId = 1762145364014_127.0.0.1_14165
2025-11-03 12:49:24.176 [com.alibaba.nacos.client.remote.worker] INFO  com.alibaba.nacos.common.remote.client - [944d29c9-5fee-42ba-a4c6-c1b7668ace59] Notify connected event to listeners.
2025-11-03 12:49:24.176 [com.alibaba.nacos.client.remote.worker] INFO  com.alibaba.nacos.client.naming - Grpc connection connect
2025-11-03 12:49:24.176 [main] INFO  com.alibaba.nacos.common.remote.client - [944d29c9-5fee-42ba-a4c6-c1b7668ace59] Register server push request handler:com.alibaba.nacos.common.remote.client.RpcClient$ConnectResetRequestHandler
2025-11-03 12:49:24.177 [main] INFO  com.alibaba.nacos.common.remote.client - [944d29c9-5fee-42ba-a4c6-c1b7668ace59] Register server push request handler:com.alibaba.nacos.common.remote.client.RpcClient$$Lambda$1515/0x000001fa0179e118
2025-11-03 12:49:24.177 [main] INFO  com.alibaba.nacos.client.naming - [REGISTER-SERVICE] xiaohashu registering service xiaohashu-kv with instance Instance{instanceId='null', ip='192.168.134.1', port=14161, weight=1.0, healthy=true, enabled=true, ephemeral=true, clusterName='DEFAULT', serviceName='null', metadata={IPv6=null, preserved.register.source=SPRING_CLOUD}}
2025-11-03 12:49:24.193 [main] INFO  c.a.cloud.nacos.registry.NacosServiceRegistry - nacos registry, DEFAULT_GROUP xiaohashu-kv 192.168.134.1:14161 register finished
2025-11-03 12:49:25.490 [main] INFO  org.springframework.cloud.commons.util.InetUtils - Cannot determine local hostname
2025-11-03 12:49:25.497 [main] INFO  c.q.xiaohashu.kv.biz.XiaohashuKvBizApplication - Started XiaohashuKvBizApplication in 10.704 seconds (process running for 11.321)
2025-11-03 13:05:41.716 [main] WARN  com.alibaba.nacos.client.logging.NacosLogging - Load Logback Configuration of Nacos fail, message: Could not initialize Logback Nacos logging from classpath:nacos-logback.xml
2025-11-03 13:05:41.758 [main] WARN  com.alibaba.nacos.client.logging.NacosLogging - Load Logback Configuration of Nacos fail, message: Could not initialize Logback Nacos logging from classpath:nacos-logback.xml
2025-11-03 13:05:43.254 [main] WARN  com.alibaba.nacos.client.logging.NacosLogging - Load Logback Configuration of Nacos fail, message: Could not initialize Logback Nacos logging from classpath:nacos-logback.xml
2025-11-03 13:05:43.263 [main] WARN  com.alibaba.nacos.client.logging.NacosLogging - Load Logback Configuration of Nacos fail, message: Could not initialize Logback Nacos logging from classpath:nacos-logback.xml
2025-11-03 13:05:43.263 [main] INFO  c.q.xiaohashu.kv.biz.XiaohashuKvBizApplication - The following 1 profile is active: "dev"
2025-11-03 13:05:43.613 [main] INFO  o.s.d.r.config.RepositoryConfigurationDelegate - Bootstrapping Spring Data Reactive Cassandra repositories in DEFAULT mode.
2025-11-03 13:05:43.640 [main] INFO  o.s.d.r.config.RepositoryConfigurationDelegate - Finished Spring Data repository scanning in 24 ms. Found 0 Reactive Cassandra repository interfaces.
2025-11-03 13:05:43.643 [main] INFO  o.s.d.r.config.RepositoryConfigurationDelegate - Bootstrapping Spring Data Cassandra repositories in DEFAULT mode.
2025-11-03 13:05:43.653 [main] INFO  o.s.d.r.config.RepositoryConfigurationDelegate - Finished Spring Data repository scanning in 9 ms. Found 1 Cassandra repository interfaces.
2025-11-03 13:05:43.768 [main] INFO  o.springframework.cloud.context.scope.GenericScope - BeanFactory id=0450c896-95d1-3c2a-a3dd-175c7e8808df
2025-11-03 13:05:43.945 [main] INFO  o.s.boot.web.embedded.tomcat.TomcatWebServer - Tomcat initialized with port(s): 0 (http)
2025-11-03 13:05:43.951 [main] INFO  org.apache.catalina.core.StandardService - Starting service [Tomcat]
2025-11-03 13:05:43.952 [main] INFO  org.apache.catalina.core.StandardEngine - Starting Servlet engine: [Apache Tomcat/10.1.5]
2025-11-03 13:05:44.036 [main] INFO  o.a.c.core.ContainerBase.[Tomcat].[localhost].[/] - Initializing Spring embedded WebApplicationContext
2025-11-03 13:05:44.036 [main] INFO  o.s.b.w.s.c.ServletWebServerApplicationContext - Root WebApplicationContext: initialization completed in 764 ms
2025-11-03 13:05:44.216 [main] INFO  c.d.o.driver.internal.core.DefaultMavenCoordinates - DataStax Java driver for Apache Cassandra(R) (com.datastax.oss:java-driver-core) version 4.15.0
2025-11-03 13:05:44.498 [s0-admin-0] INFO  com.datastax.oss.driver.internal.core.time.Clock - Using native clock for microsecond precision
2025-11-03 13:05:44.877 [s1-admin-0] INFO  com.datastax.oss.driver.internal.core.time.Clock - Using native clock for microsecond precision
2025-11-03 13:05:46.626 [main] INFO  org.springframework.cloud.commons.util.InetUtils - Cannot determine local hostname
2025-11-03 13:05:48.182 [main] INFO  org.springframework.cloud.commons.util.InetUtils - Cannot determine local hostname
2025-11-03 13:05:48.223 [main] WARN  o.s.c.l.c.LoadBalancerCacheAutoConfiguration$LoadBalancerCaffeineWarnLogger - Spring Cloud LoadBalancer is currently working with the default cache. While this cache implementation is useful for development and tests, it's recommended to use Caffeine cache in production.You can switch to using Caffeine cache, by adding it and org.springframework.cache.caffeine.CaffeineCacheManager to the classpath.
2025-11-03 13:05:48.300 [main] INFO  o.s.boot.web.embedded.tomcat.TomcatWebServer - Tomcat started on port(s): 14888 (http) with context path ''
2025-11-03 13:05:48.306 [main] WARN  com.alibaba.nacos.client.logging.NacosLogging - Load Logback Configuration of Nacos fail, message: Could not initialize Logback Nacos logging from classpath:nacos-logback.xml
2025-11-03 13:05:48.307 [main] INFO  com.alibaba.nacos.client.naming - initializer namespace from ans.namespace attribute : null
2025-11-03 13:05:48.307 [main] INFO  com.alibaba.nacos.client.naming - initializer namespace from ALIBABA_ALIWARE_NAMESPACE attribute :null
2025-11-03 13:05:48.307 [main] INFO  com.alibaba.nacos.client.naming - initializer namespace from namespace attribute :null
2025-11-03 13:05:48.327 [main] INFO  com.alibaba.nacos.client.utils.ParamUtil - [settings] [req-serv] nacos-server port:8848
2025-11-03 13:05:48.329 [main] INFO  com.alibaba.nacos.client.utils.ParamUtil - [settings] [http-client] connect timeout:1000
2025-11-03 13:05:48.329 [main] INFO  com.alibaba.nacos.client.utils.ParamUtil - PER_TASK_CONFIG_SIZE: 3000.0
2025-11-03 13:05:48.333 [main] INFO  c.a.n.p.auth.spi.client.ClientAuthPluginManager - [ClientAuthPluginManager] Load ClientAuthService com.alibaba.nacos.client.auth.impl.NacosClientAuthServiceImpl success.
2025-11-03 13:05:48.333 [main] INFO  c.a.n.p.auth.spi.client.ClientAuthPluginManager - [ClientAuthPluginManager] Load ClientAuthService com.alibaba.nacos.client.auth.ram.RamClientAuthServiceImpl success.
2025-11-03 13:05:48.336 [main] INFO  c.a.n.client.auth.ram.identify.CredentialWatcher - null No credential found
2025-11-03 13:05:48.340 [main] INFO  com.alibaba.nacos.common.remote.client - [RpcClientFactory] create a new rpc client of 9fdc554b-bc55-4654-b540-6ad15dff41fc
2025-11-03 13:05:48.352 [main] INFO  com.alibaba.nacos.common.remote.client - [9fdc554b-bc55-4654-b540-6ad15dff41fc] RpcClient init, ServerListFactory = com.alibaba.nacos.client.naming.core.ServerListManager
2025-11-03 13:05:48.353 [main] INFO  com.alibaba.nacos.common.remote.client - [9fdc554b-bc55-4654-b540-6ad15dff41fc] Registry connection listener to current client:com.alibaba.nacos.client.naming.remote.gprc.redo.NamingGrpcRedoService
2025-11-03 13:05:48.353 [main] INFO  com.alibaba.nacos.common.remote.client - [9fdc554b-bc55-4654-b540-6ad15dff41fc] Register server push request handler:com.alibaba.nacos.client.naming.remote.gprc.NamingPushRequestHandler
2025-11-03 13:05:48.355 [main] INFO  com.alibaba.nacos.common.remote.client - [9fdc554b-bc55-4654-b540-6ad15dff41fc] Try to connect to server on start up, server: {serverIp = '127.0.0.1', server main port = 8848}
2025-11-03 13:05:48.378 [main] INFO  c.a.nacos.common.remote.client.grpc.GrpcClient - grpc client connection server:127.0.0.1 ip,serverPort:9848,grpcTslConfig:{"sslProvider":"OPENSSL","enableTls":false,"mutualAuthEnable":false,"trustAll":false}
2025-11-03 13:05:49.222 [main] INFO  com.alibaba.nacos.common.remote.client - [9fdc554b-bc55-4654-b540-6ad15dff41fc] Success to connect to server [127.0.0.1:8848] on start up, connectionId = 1762146349042_127.0.0.1_14889
2025-11-03 13:05:49.223 [com.alibaba.nacos.client.remote.worker] INFO  com.alibaba.nacos.common.remote.client - [9fdc554b-bc55-4654-b540-6ad15dff41fc] Notify connected event to listeners.
2025-11-03 13:05:49.223 [com.alibaba.nacos.client.remote.worker] INFO  com.alibaba.nacos.client.naming - Grpc connection connect
2025-11-03 13:05:49.223 [main] INFO  com.alibaba.nacos.common.remote.client - [9fdc554b-bc55-4654-b540-6ad15dff41fc] Register server push request handler:com.alibaba.nacos.common.remote.client.RpcClient$ConnectResetRequestHandler
2025-11-03 13:05:49.223 [main] INFO  com.alibaba.nacos.common.remote.client - [9fdc554b-bc55-4654-b540-6ad15dff41fc] Register server push request handler:com.alibaba.nacos.common.remote.client.RpcClient$$Lambda$1506/0x000002b98b79e118
2025-11-03 13:05:49.224 [main] INFO  com.alibaba.nacos.client.naming - [REGISTER-SERVICE] xiaohashu registering service xiaohashu-kv with instance Instance{instanceId='null', ip='192.168.134.1', port=14888, weight=1.0, healthy=true, enabled=true, ephemeral=true, clusterName='DEFAULT', serviceName='null', metadata={IPv6=null, preserved.register.source=SPRING_CLOUD}}
2025-11-03 13:05:49.257 [main] INFO  c.a.cloud.nacos.registry.NacosServiceRegistry - nacos registry, DEFAULT_GROUP xiaohashu-kv 192.168.134.1:14888 register finished
2025-11-03 13:05:50.473 [main] INFO  org.springframework.cloud.commons.util.InetUtils - Cannot determine local hostname
2025-11-03 13:05:50.478 [main] INFO  c.q.xiaohashu.kv.biz.XiaohashuKvBizApplication - Started XiaohashuKvBizApplication in 10.488 seconds (process running for 11.278)
2025-11-03 13:08:19.013 [http-nio-auto-1-exec-1] INFO  o.a.c.core.ContainerBase.[Tomcat].[localhost].[/] - Initializing Spring DispatcherServlet 'dispatcherServlet'
2025-11-03 13:08:19.013 [http-nio-auto-1-exec-1] INFO  org.springframework.web.servlet.DispatcherServlet - Initializing Servlet 'dispatcherServlet'
2025-11-03 13:08:19.015 [http-nio-auto-1-exec-1] INFO  org.springframework.web.servlet.DispatcherServlet - Completed initialization in 1 ms
2025-11-03 21:38:56.939 [http-nio-auto-1-exec-8] ERROR c.q.x.kv.biz.exception.GlobalExceptionHandler - /kv/note/content/add request error, 
org.springframework.data.cassandra.CassandraInvalidQueryException: Query; CQL [INSERT INTO not_content (content,id) VALUES (?,?)]; table not_content does not exist
	at org.springframework.data.cassandra.core.cql.CassandraExceptionTranslator.translate(CassandraExceptionTranslator.java:142)
	at org.springframework.data.cassandra.core.cql.CassandraAccessor.translate(CassandraAccessor.java:421)
	at org.springframework.data.cassandra.core.cql.CqlTemplate.translateException(CqlTemplate.java:551)
	at org.springframework.data.cassandra.core.cql.CqlTemplate.query(CqlTemplate.java:409)
	at org.springframework.data.cassandra.core.CassandraTemplate.doExecute(CassandraTemplate.java:886)
	at org.springframework.data.cassandra.core.CassandraTemplate.doExecute(CassandraTemplate.java:874)
	at org.springframework.data.cassandra.core.CassandraTemplate.executeSave(CassandraTemplate.java:825)
	at org.springframework.data.cassandra.core.CassandraTemplate.executeSave(CassandraTemplate.java:816)
	at org.springframework.data.cassandra.core.CassandraTemplate.doInsert(CassandraTemplate.java:644)
	at org.springframework.data.cassandra.core.CassandraTemplate.doInsert(CassandraTemplate.java:627)
	at org.springframework.data.cassandra.core.CassandraTemplate.insert(CassandraTemplate.java:608)
	at org.springframework.data.cassandra.repository.support.SimpleCassandraRepository.save(SimpleCassandraRepository.java:93)
	at java.base/jdk.internal.reflect.NativeMethodAccessorImpl.invoke0(Native Method)
	at java.base/jdk.internal.reflect.NativeMethodAccessorImpl.invoke(NativeMethodAccessorImpl.java:77)
	at java.base/jdk.internal.reflect.DelegatingMethodAccessorImpl.invoke(DelegatingMethodAccessorImpl.java:43)
	at java.base/java.lang.reflect.Method.invoke(Method.java:568)
	at org.springframework.data.repository.core.support.RepositoryMethodInvoker$RepositoryFragmentMethodInvoker.lambda$new$0(RepositoryMethodInvoker.java:288)
	at org.springframework.data.repository.core.support.RepositoryMethodInvoker.doInvoke(RepositoryMethodInvoker.java:136)
	at org.springframework.data.repository.core.support.RepositoryMethodInvoker.invoke(RepositoryMethodInvoker.java:120)
	at org.springframework.data.repository.core.support.RepositoryComposition$RepositoryFragments.invoke(RepositoryComposition.java:516)
	at org.springframework.data.repository.core.support.RepositoryComposition.invoke(RepositoryComposition.java:285)
	at org.springframework.data.repository.core.support.RepositoryFactorySupport$ImplementationMethodExecutionInterceptor.invoke(RepositoryFactorySupport.java:628)
	at org.springframework.aop.framework.ReflectiveMethodInvocation.proceed(ReflectiveMethodInvocation.java:184)
	at org.springframework.data.repository.core.support.QueryExecutorMethodInterceptor.doInvoke(QueryExecutorMethodInterceptor.java:168)
	at org.springframework.data.repository.core.support.QueryExecutorMethodInterceptor.invoke(QueryExecutorMethodInterceptor.java:143)
	at org.springframework.aop.framework.ReflectiveMethodInvocation.proceed(ReflectiveMethodInvocation.java:184)
	at org.springframework.data.projection.DefaultMethodInvokingMethodInterceptor.invoke(DefaultMethodInvokingMethodInterceptor.java:77)
	at org.springframework.aop.framework.ReflectiveMethodInvocation.proceed(ReflectiveMethodInvocation.java:184)
	at org.springframework.aop.interceptor.ExposeInvocationInterceptor.invoke(ExposeInvocationInterceptor.java:97)
	at org.springframework.aop.framework.ReflectiveMethodInvocation.proceed(ReflectiveMethodInvocation.java:184)
	at org.springframework.aop.framework.JdkDynamicAopProxy.invoke(JdkDynamicAopProxy.java:218)
	at jdk.proxy2/jdk.proxy2.$Proxy111.save(Unknown Source)
	at com.quanxiaoha.xiaohashu.kv.biz.service.impl.NoteContentServiceImpl.addNoteContent(NoteContentServiceImpl.java:48)
	at com.quanxiaoha.xiaohashu.kv.biz.controller.NoteContentController.addNoteContent(NoteContentController.java:33)
	at java.base/jdk.internal.reflect.NativeMethodAccessorImpl.invoke0(Native Method)
	at java.base/jdk.internal.reflect.NativeMethodAccessorImpl.invoke(NativeMethodAccessorImpl.java:77)
	at java.base/jdk.internal.reflect.DelegatingMethodAccessorImpl.invoke(DelegatingMethodAccessorImpl.java:43)
	at java.base/java.lang.reflect.Method.invoke(Method.java:568)
	at org.springframework.web.method.support.InvocableHandlerMethod.doInvoke(InvocableHandlerMethod.java:207)
	at org.springframework.web.method.support.InvocableHandlerMethod.invokeForRequest(InvocableHandlerMethod.java:152)
	at org.springframework.web.servlet.mvc.method.annotation.ServletInvocableHandlerMethod.invokeAndHandle(ServletInvocableHandlerMethod.java:117)
	at org.springframework.web.servlet.mvc.method.annotation.RequestMappingHandlerAdapter.invokeHandlerMethod(RequestMappingHandlerAdapter.java:884)
	at org.springframework.web.servlet.mvc.method.annotation.RequestMappingHandlerAdapter.handleInternal(RequestMappingHandlerAdapter.java:797)
	at org.springframework.web.servlet.mvc.method.AbstractHandlerMethodAdapter.handle(AbstractHandlerMethodAdapter.java:87)
	at org.springframework.web.servlet.DispatcherServlet.doDispatch(DispatcherServlet.java:1080)
	at org.springframework.web.servlet.DispatcherServlet.doService(DispatcherServlet.java:973)
	at org.springframework.web.servlet.FrameworkServlet.processRequest(FrameworkServlet.java:1011)
	at org.springframework.web.servlet.FrameworkServlet.doPost(FrameworkServlet.java:914)
	at jakarta.servlet.http.HttpServlet.service(HttpServlet.java:731)
	at org.springframework.web.servlet.FrameworkServlet.service(FrameworkServlet.java:885)
	at jakarta.servlet.http.HttpServlet.service(HttpServlet.java:814)
	at org.apache.catalina.core.ApplicationFilterChain.internalDoFilter(ApplicationFilterChain.java:223)
	at org.apache.catalina.core.ApplicationFilterChain.doFilter(ApplicationFilterChain.java:158)
	at org.apache.tomcat.websocket.server.WsFilter.doFilter(WsFilter.java:53)
	at org.apache.catalina.core.ApplicationFilterChain.internalDoFilter(ApplicationFilterChain.java:185)
	at org.apache.catalina.core.ApplicationFilterChain.doFilter(ApplicationFilterChain.java:158)
	at org.springframework.web.filter.RequestContextFilter.doFilterInternal(RequestContextFilter.java:100)
	at org.springframework.web.filter.OncePerRequestFilter.doFilter(OncePerRequestFilter.java:116)
	at org.apache.catalina.core.ApplicationFilterChain.internalDoFilter(ApplicationFilterChain.java:185)
	at org.apache.catalina.core.ApplicationFilterChain.doFilter(ApplicationFilterChain.java:158)
	at org.springframework.web.filter.FormContentFilter.doFilterInternal(FormContentFilter.java:93)
	at org.springframework.web.filter.OncePerRequestFilter.doFilter(OncePerRequestFilter.java:116)
	at org.apache.catalina.core.ApplicationFilterChain.internalDoFilter(ApplicationFilterChain.java:185)
	at org.apache.catalina.core.ApplicationFilterChain.doFilter(ApplicationFilterChain.java:158)
	at org.springframework.web.filter.CharacterEncodingFilter.doFilterInternal(CharacterEncodingFilter.java:201)
	at org.springframework.web.filter.OncePerRequestFilter.doFilter(OncePerRequestFilter.java:116)
	at org.apache.catalina.core.ApplicationFilterChain.internalDoFilter(ApplicationFilterChain.java:185)
	at org.apache.catalina.core.ApplicationFilterChain.doFilter(ApplicationFilterChain.java:158)
	at org.apache.catalina.core.StandardWrapperValve.invoke(StandardWrapperValve.java:177)
	at org.apache.catalina.core.StandardContextValve.invoke(StandardContextValve.java:97)
	at org.apache.catalina.authenticator.AuthenticatorBase.invoke(AuthenticatorBase.java:542)
	at org.apache.catalina.core.StandardHostValve.invoke(StandardHostValve.java:119)
	at org.apache.catalina.valves.ErrorReportValve.invoke(ErrorReportValve.java:92)
	at org.apache.catalina.core.StandardEngineValve.invoke(StandardEngineValve.java:78)
	at org.apache.catalina.connector.CoyoteAdapter.service(CoyoteAdapter.java:357)
	at org.apache.coyote.http11.Http11Processor.service(Http11Processor.java:400)
	at org.apache.coyote.AbstractProcessorLight.process(AbstractProcessorLight.java:65)
	at org.apache.coyote.AbstractProtocol$ConnectionHandler.process(AbstractProtocol.java:859)
	at org.apache.tomcat.util.net.NioEndpoint$SocketProcessor.doRun(NioEndpoint.java:1734)
	at org.apache.tomcat.util.net.SocketProcessorBase.run(SocketProcessorBase.java:52)
	at org.apache.tomcat.util.threads.ThreadPoolExecutor.runWorker(ThreadPoolExecutor.java:1191)
	at org.apache.tomcat.util.threads.ThreadPoolExecutor$Worker.run(ThreadPoolExecutor.java:659)
	at org.apache.tomcat.util.threads.TaskThread$WrappingRunnable.run(TaskThread.java:61)
	at java.base/java.lang.Thread.run(Thread.java:842)
Caused by: com.datastax.oss.driver.api.core.servererrors.InvalidQueryException: table not_content does not exist
	at com.datastax.oss.driver.api.core.servererrors.InvalidQueryException.copy(InvalidQueryException.java:48)
	at com.datastax.oss.driver.internal.core.util.concurrent.CompletableFutures.getUninterruptibly(CompletableFutures.java:149)
	at com.datastax.oss.driver.internal.core.cql.CqlPrepareSyncProcessor.process(CqlPrepareSyncProcessor.java:59)
	at com.datastax.oss.driver.internal.core.cql.CqlPrepareSyncProcessor.process(CqlPrepareSyncProcessor.java:31)
	at com.datastax.oss.driver.internal.core.session.DefaultSession.execute(DefaultSession.java:230)
	at com.datastax.oss.driver.api.core.cql.SyncCqlSession.prepare(SyncCqlSession.java:224)
	at org.springframework.data.cassandra.core.CassandraTemplate$PreparedStatementHandler.createPreparedStatement(CassandraTemplate.java:999)
	at org.springframework.data.cassandra.core.cql.CqlTemplate.query(CqlTemplate.java:395)
	... 80 common frames omitted
2025-11-03 21:40:45.206 [main] WARN  com.alibaba.nacos.client.logging.NacosLogging - Load Logback Configuration of Nacos fail, message: Could not initialize Logback Nacos logging from classpath:nacos-logback.xml
2025-11-03 21:40:45.248 [main] WARN  com.alibaba.nacos.client.logging.NacosLogging - Load Logback Configuration of Nacos fail, message: Could not initialize Logback Nacos logging from classpath:nacos-logback.xml
2025-11-03 21:40:46.708 [main] WARN  com.alibaba.nacos.client.logging.NacosLogging - Load Logback Configuration of Nacos fail, message: Could not initialize Logback Nacos logging from classpath:nacos-logback.xml
2025-11-03 21:40:46.716 [main] WARN  com.alibaba.nacos.client.logging.NacosLogging - Load Logback Configuration of Nacos fail, message: Could not initialize Logback Nacos logging from classpath:nacos-logback.xml
2025-11-03 21:40:46.717 [main] INFO  c.q.xiaohashu.kv.biz.XiaohashuKvBizApplication - The following 1 profile is active: "dev"
2025-11-03 21:40:47.033 [main] INFO  o.s.d.r.config.RepositoryConfigurationDelegate - Bootstrapping Spring Data Reactive Cassandra repositories in DEFAULT mode.
2025-11-03 21:40:47.058 [main] INFO  o.s.d.r.config.RepositoryConfigurationDelegate - Finished Spring Data repository scanning in 21 ms. Found 0 Reactive Cassandra repository interfaces.
2025-11-03 21:40:47.060 [main] INFO  o.s.d.r.config.RepositoryConfigurationDelegate - Bootstrapping Spring Data Cassandra repositories in DEFAULT mode.
2025-11-03 21:40:47.068 [main] INFO  o.s.d.r.config.RepositoryConfigurationDelegate - Finished Spring Data repository scanning in 8 ms. Found 1 Cassandra repository interfaces.
2025-11-03 21:40:47.172 [main] INFO  o.springframework.cloud.context.scope.GenericScope - BeanFactory id=0450c896-95d1-3c2a-a3dd-175c7e8808df
2025-11-03 21:40:47.335 [main] INFO  o.s.boot.web.embedded.tomcat.TomcatWebServer - Tomcat initialized with port(s): 0 (http)
2025-11-03 21:40:47.342 [main] INFO  org.apache.catalina.core.StandardService - Starting service [Tomcat]
2025-11-03 21:40:47.342 [main] INFO  org.apache.catalina.core.StandardEngine - Starting Servlet engine: [Apache Tomcat/10.1.5]
2025-11-03 21:40:47.418 [main] INFO  o.a.c.core.ContainerBase.[Tomcat].[localhost].[/] - Initializing Spring embedded WebApplicationContext
2025-11-03 21:40:47.418 [main] INFO  o.s.b.w.s.c.ServletWebServerApplicationContext - Root WebApplicationContext: initialization completed in 695 ms
2025-11-03 21:40:47.579 [main] INFO  c.d.o.driver.internal.core.DefaultMavenCoordinates - DataStax Java driver for Apache Cassandra(R) (com.datastax.oss:java-driver-core) version 4.15.0
2025-11-03 21:40:47.828 [s0-admin-0] INFO  com.datastax.oss.driver.internal.core.time.Clock - Using native clock for microsecond precision
2025-11-03 21:40:48.134 [s1-admin-0] INFO  com.datastax.oss.driver.internal.core.time.Clock - Using native clock for microsecond precision
2025-11-03 21:40:49.760 [main] INFO  org.springframework.cloud.commons.util.InetUtils - Cannot determine local hostname
2025-11-03 21:40:51.190 [main] INFO  org.springframework.cloud.commons.util.InetUtils - Cannot determine local hostname
2025-11-03 21:40:51.212 [main] WARN  o.s.c.l.c.LoadBalancerCacheAutoConfiguration$LoadBalancerCaffeineWarnLogger - Spring Cloud LoadBalancer is currently working with the default cache. While this cache implementation is useful for development and tests, it's recommended to use Caffeine cache in production.You can switch to using Caffeine cache, by adding it and org.springframework.cache.caffeine.CaffeineCacheManager to the classpath.
2025-11-03 21:40:51.258 [main] INFO  o.s.boot.web.embedded.tomcat.TomcatWebServer - Tomcat started on port(s): 3350 (http) with context path ''
2025-11-03 21:40:51.261 [main] WARN  com.alibaba.nacos.client.logging.NacosLogging - Load Logback Configuration of Nacos fail, message: Could not initialize Logback Nacos logging from classpath:nacos-logback.xml
2025-11-03 21:40:51.261 [main] INFO  com.alibaba.nacos.client.naming - initializer namespace from ans.namespace attribute : null
2025-11-03 21:40:51.263 [main] INFO  com.alibaba.nacos.client.naming - initializer namespace from ALIBABA_ALIWARE_NAMESPACE attribute :null
2025-11-03 21:40:51.263 [main] INFO  com.alibaba.nacos.client.naming - initializer namespace from namespace attribute :null
2025-11-03 21:40:51.276 [main] INFO  com.alibaba.nacos.client.utils.ParamUtil - [settings] [req-serv] nacos-server port:8848
2025-11-03 21:40:51.276 [main] INFO  com.alibaba.nacos.client.utils.ParamUtil - [settings] [http-client] connect timeout:1000
2025-11-03 21:40:51.277 [main] INFO  com.alibaba.nacos.client.utils.ParamUtil - PER_TASK_CONFIG_SIZE: 3000.0
2025-11-03 21:40:51.279 [main] INFO  c.a.n.p.auth.spi.client.ClientAuthPluginManager - [ClientAuthPluginManager] Load ClientAuthService com.alibaba.nacos.client.auth.impl.NacosClientAuthServiceImpl success.
2025-11-03 21:40:51.279 [main] INFO  c.a.n.p.auth.spi.client.ClientAuthPluginManager - [ClientAuthPluginManager] Load ClientAuthService com.alibaba.nacos.client.auth.ram.RamClientAuthServiceImpl success.
2025-11-03 21:40:51.280 [main] INFO  c.a.n.client.auth.ram.identify.CredentialWatcher - null No credential found
2025-11-03 21:40:51.284 [main] INFO  com.alibaba.nacos.common.remote.client - [RpcClientFactory] create a new rpc client of 76f506ec-58b8-4615-b849-a4f154c2ad29
2025-11-03 21:40:51.293 [main] INFO  com.alibaba.nacos.common.remote.client - [76f506ec-58b8-4615-b849-a4f154c2ad29] RpcClient init, ServerListFactory = com.alibaba.nacos.client.naming.core.ServerListManager
2025-11-03 21:40:51.293 [main] INFO  com.alibaba.nacos.common.remote.client - [76f506ec-58b8-4615-b849-a4f154c2ad29] Registry connection listener to current client:com.alibaba.nacos.client.naming.remote.gprc.redo.NamingGrpcRedoService
2025-11-03 21:40:51.294 [main] INFO  com.alibaba.nacos.common.remote.client - [76f506ec-58b8-4615-b849-a4f154c2ad29] Register server push request handler:com.alibaba.nacos.client.naming.remote.gprc.NamingPushRequestHandler
2025-11-03 21:40:51.295 [main] INFO  com.alibaba.nacos.common.remote.client - [76f506ec-58b8-4615-b849-a4f154c2ad29] Try to connect to server on start up, server: {serverIp = '127.0.0.1', server main port = 8848}
2025-11-03 21:40:51.320 [main] INFO  c.a.nacos.common.remote.client.grpc.GrpcClient - grpc client connection server:127.0.0.1 ip,serverPort:9848,grpcTslConfig:{"sslProvider":"OPENSSL","enableTls":false,"mutualAuthEnable":false,"trustAll":false}
2025-11-03 21:40:52.123 [main] INFO  com.alibaba.nacos.common.remote.client - [76f506ec-58b8-4615-b849-a4f154c2ad29] Success to connect to server [127.0.0.1:8848] on start up, connectionId = 1762177251964_127.0.0.1_3351
2025-11-03 21:40:52.124 [com.alibaba.nacos.client.remote.worker] INFO  com.alibaba.nacos.common.remote.client - [76f506ec-58b8-4615-b849-a4f154c2ad29] Notify connected event to listeners.
2025-11-03 21:40:52.124 [com.alibaba.nacos.client.remote.worker] INFO  com.alibaba.nacos.client.naming - Grpc connection connect
2025-11-03 21:40:52.124 [main] INFO  com.alibaba.nacos.common.remote.client - [76f506ec-58b8-4615-b849-a4f154c2ad29] Register server push request handler:com.alibaba.nacos.common.remote.client.RpcClient$ConnectResetRequestHandler
2025-11-03 21:40:52.124 [main] INFO  com.alibaba.nacos.common.remote.client - [76f506ec-58b8-4615-b849-a4f154c2ad29] Register server push request handler:com.alibaba.nacos.common.remote.client.RpcClient$$Lambda$1506/0x000001d91a79b770
2025-11-03 21:40:52.125 [main] INFO  com.alibaba.nacos.client.naming - [REGISTER-SERVICE] xiaohashu registering service xiaohashu-kv with instance Instance{instanceId='null', ip='192.168.134.1', port=3350, weight=1.0, healthy=true, enabled=true, ephemeral=true, clusterName='DEFAULT', serviceName='null', metadata={IPv6=null, preserved.register.source=SPRING_CLOUD}}
2025-11-03 21:40:52.134 [main] INFO  c.a.cloud.nacos.registry.NacosServiceRegistry - nacos registry, DEFAULT_GROUP xiaohashu-kv 192.168.134.1:3350 register finished
2025-11-03 21:40:53.320 [main] INFO  org.springframework.cloud.commons.util.InetUtils - Cannot determine local hostname
2025-11-03 21:40:53.329 [main] INFO  c.q.xiaohashu.kv.biz.XiaohashuKvBizApplication - Started XiaohashuKvBizApplication in 9.753 seconds (process running for 10.452)
2025-11-03 21:41:01.226 [http-nio-auto-1-exec-1] INFO  o.a.c.core.ContainerBase.[Tomcat].[localhost].[/] - Initializing Spring DispatcherServlet 'dispatcherServlet'
2025-11-03 21:41:01.226 [http-nio-auto-1-exec-1] INFO  org.springframework.web.servlet.DispatcherServlet - Initializing Servlet 'dispatcherServlet'
2025-11-03 21:41:01.227 [http-nio-auto-1-exec-1] INFO  org.springframework.web.servlet.DispatcherServlet - Completed initialization in 1 ms
2025-11-03 23:02:46.041 [main] WARN  com.alibaba.nacos.client.logging.NacosLogging - Load Logback Configuration of Nacos fail, message: Could not initialize Logback Nacos logging from classpath:nacos-logback.xml
2025-11-03 23:02:46.070 [main] WARN  com.alibaba.nacos.client.logging.NacosLogging - Load Logback Configuration of Nacos fail, message: Could not initialize Logback Nacos logging from classpath:nacos-logback.xml
2025-11-03 23:02:47.487 [main] WARN  com.alibaba.nacos.client.logging.NacosLogging - Load Logback Configuration of Nacos fail, message: Could not initialize Logback Nacos logging from classpath:nacos-logback.xml
2025-11-03 23:02:47.493 [main] WARN  com.alibaba.nacos.client.logging.NacosLogging - Load Logback Configuration of Nacos fail, message: Could not initialize Logback Nacos logging from classpath:nacos-logback.xml
2025-11-03 23:02:47.493 [main] INFO  c.q.xiaohashu.kv.biz.XiaohashuKvBizApplication - The following 1 profile is active: "dev"
2025-11-03 23:02:47.763 [main] INFO  o.s.d.r.config.RepositoryConfigurationDelegate - Bootstrapping Spring Data Reactive Cassandra repositories in DEFAULT mode.
2025-11-03 23:02:47.784 [main] INFO  o.s.d.r.config.RepositoryConfigurationDelegate - Finished Spring Data repository scanning in 19 ms. Found 0 Reactive Cassandra repository interfaces.
2025-11-03 23:02:47.787 [main] INFO  o.s.d.r.config.RepositoryConfigurationDelegate - Bootstrapping Spring Data Cassandra repositories in DEFAULT mode.
2025-11-03 23:02:47.797 [main] INFO  o.s.d.r.config.RepositoryConfigurationDelegate - Finished Spring Data repository scanning in 9 ms. Found 1 Cassandra repository interfaces.
2025-11-03 23:02:47.887 [main] INFO  o.springframework.cloud.context.scope.GenericScope - BeanFactory id=0450c896-95d1-3c2a-a3dd-175c7e8808df
2025-11-03 23:02:48.026 [main] INFO  o.s.boot.web.embedded.tomcat.TomcatWebServer - Tomcat initialized with port(s): 0 (http)
2025-11-03 23:02:48.031 [main] INFO  org.apache.catalina.core.StandardService - Starting service [Tomcat]
2025-11-03 23:02:48.031 [main] INFO  org.apache.catalina.core.StandardEngine - Starting Servlet engine: [Apache Tomcat/10.1.5]
2025-11-03 23:02:48.110 [main] INFO  o.a.c.core.ContainerBase.[Tomcat].[localhost].[/] - Initializing Spring embedded WebApplicationContext
2025-11-03 23:02:48.110 [main] INFO  o.s.b.w.s.c.ServletWebServerApplicationContext - Root WebApplicationContext: initialization completed in 609 ms
2025-11-03 23:02:48.260 [main] INFO  c.d.o.driver.internal.core.DefaultMavenCoordinates - DataStax Java driver for Apache Cassandra(R) (com.datastax.oss:java-driver-core) version 4.15.0
2025-11-03 23:02:48.501 [s0-admin-0] INFO  com.datastax.oss.driver.internal.core.time.Clock - Using native clock for microsecond precision
2025-11-03 23:02:48.796 [s1-admin-0] INFO  com.datastax.oss.driver.internal.core.time.Clock - Using native clock for microsecond precision
2025-11-03 23:02:50.357 [main] INFO  org.springframework.cloud.commons.util.InetUtils - Cannot determine local hostname
2025-11-03 23:02:51.778 [main] INFO  org.springframework.cloud.commons.util.InetUtils - Cannot determine local hostname
2025-11-03 23:02:51.801 [main] WARN  o.s.c.l.c.LoadBalancerCacheAutoConfiguration$LoadBalancerCaffeineWarnLogger - Spring Cloud LoadBalancer is currently working with the default cache. While this cache implementation is useful for development and tests, it's recommended to use Caffeine cache in production.You can switch to using Caffeine cache, by adding it and org.springframework.cache.caffeine.CaffeineCacheManager to the classpath.
2025-11-03 23:02:51.842 [main] INFO  o.s.boot.web.embedded.tomcat.TomcatWebServer - Tomcat started on port(s): 6307 (http) with context path ''
2025-11-03 23:02:51.846 [main] WARN  com.alibaba.nacos.client.logging.NacosLogging - Load Logback Configuration of Nacos fail, message: Could not initialize Logback Nacos logging from classpath:nacos-logback.xml
2025-11-03 23:02:51.846 [main] INFO  com.alibaba.nacos.client.naming - initializer namespace from ans.namespace attribute : null
2025-11-03 23:02:51.847 [main] INFO  com.alibaba.nacos.client.naming - initializer namespace from ALIBABA_ALIWARE_NAMESPACE attribute :null
2025-11-03 23:02:51.847 [main] INFO  com.alibaba.nacos.client.naming - initializer namespace from namespace attribute :null
2025-11-03 23:02:51.856 [main] INFO  com.alibaba.nacos.client.utils.ParamUtil - [settings] [req-serv] nacos-server port:8848
2025-11-03 23:02:51.856 [main] INFO  com.alibaba.nacos.client.utils.ParamUtil - [settings] [http-client] connect timeout:1000
2025-11-03 23:02:51.857 [main] INFO  com.alibaba.nacos.client.utils.ParamUtil - PER_TASK_CONFIG_SIZE: 3000.0
2025-11-03 23:02:51.859 [main] INFO  c.a.n.p.auth.spi.client.ClientAuthPluginManager - [ClientAuthPluginManager] Load ClientAuthService com.alibaba.nacos.client.auth.impl.NacosClientAuthServiceImpl success.
2025-11-03 23:02:51.859 [main] INFO  c.a.n.p.auth.spi.client.ClientAuthPluginManager - [ClientAuthPluginManager] Load ClientAuthService com.alibaba.nacos.client.auth.ram.RamClientAuthServiceImpl success.
2025-11-03 23:02:51.861 [main] INFO  c.a.n.client.auth.ram.identify.CredentialWatcher - null No credential found
2025-11-03 23:02:51.863 [main] INFO  com.alibaba.nacos.common.remote.client - [RpcClientFactory] create a new rpc client of 35b166d4-f45a-42a8-8612-6a3a086fdc7f
2025-11-03 23:02:51.871 [main] INFO  com.alibaba.nacos.common.remote.client - [35b166d4-f45a-42a8-8612-6a3a086fdc7f] RpcClient init, ServerListFactory = com.alibaba.nacos.client.naming.core.ServerListManager
2025-11-03 23:02:51.871 [main] INFO  com.alibaba.nacos.common.remote.client - [35b166d4-f45a-42a8-8612-6a3a086fdc7f] Registry connection listener to current client:com.alibaba.nacos.client.naming.remote.gprc.redo.NamingGrpcRedoService
2025-11-03 23:02:51.871 [main] INFO  com.alibaba.nacos.common.remote.client - [35b166d4-f45a-42a8-8612-6a3a086fdc7f] Register server push request handler:com.alibaba.nacos.client.naming.remote.gprc.NamingPushRequestHandler
2025-11-03 23:02:51.873 [main] INFO  com.alibaba.nacos.common.remote.client - [35b166d4-f45a-42a8-8612-6a3a086fdc7f] Try to connect to server on start up, server: {serverIp = '127.0.0.1', server main port = 8848}
2025-11-03 23:02:51.894 [main] INFO  c.a.nacos.common.remote.client.grpc.GrpcClient - grpc client connection server:127.0.0.1 ip,serverPort:9848,grpcTslConfig:{"sslProvider":"OPENSSL","enableTls":false,"mutualAuthEnable":false,"trustAll":false}
2025-11-03 23:02:52.527 [main] INFO  com.alibaba.nacos.common.remote.client - [35b166d4-f45a-42a8-8612-6a3a086fdc7f] Success to connect to server [127.0.0.1:8848] on start up, connectionId = 1762182172370_127.0.0.1_6308
2025-11-03 23:02:52.527 [com.alibaba.nacos.client.remote.worker] INFO  com.alibaba.nacos.common.remote.client - [35b166d4-f45a-42a8-8612-6a3a086fdc7f] Notify connected event to listeners.
2025-11-03 23:02:52.527 [com.alibaba.nacos.client.remote.worker] INFO  com.alibaba.nacos.client.naming - Grpc connection connect
2025-11-03 23:02:52.527 [main] INFO  com.alibaba.nacos.common.remote.client - [35b166d4-f45a-42a8-8612-6a3a086fdc7f] Register server push request handler:com.alibaba.nacos.common.remote.client.RpcClient$ConnectResetRequestHandler
2025-11-03 23:02:52.527 [main] INFO  com.alibaba.nacos.common.remote.client - [35b166d4-f45a-42a8-8612-6a3a086fdc7f] Register server push request handler:com.alibaba.nacos.common.remote.client.RpcClient$$Lambda$1506/0x000001bad0799680
2025-11-03 23:02:52.529 [main] INFO  com.alibaba.nacos.client.naming - [REGISTER-SERVICE] xiaohashu registering service xiaohashu-kv with instance Instance{instanceId='null', ip='192.168.134.1', port=6307, weight=1.0, healthy=true, enabled=true, ephemeral=true, clusterName='DEFAULT', serviceName='null', metadata={IPv6=null, preserved.register.source=SPRING_CLOUD}}
2025-11-03 23:02:52.539 [main] INFO  c.a.cloud.nacos.registry.NacosServiceRegistry - nacos registry, DEFAULT_GROUP xiaohashu-kv 192.168.134.1:6307 register finished
2025-11-03 23:02:53.737 [main] INFO  org.springframework.cloud.commons.util.InetUtils - Cannot determine local hostname
2025-11-03 23:02:53.743 [main] INFO  c.q.xiaohashu.kv.biz.XiaohashuKvBizApplication - Started XiaohashuKvBizApplication in 9.46 seconds (process running for 10.167)
2025-11-03 23:05:09.688 [http-nio-auto-1-exec-1] INFO  o.a.c.core.ContainerBase.[Tomcat].[localhost].[/] - Initializing Spring DispatcherServlet 'dispatcherServlet'
2025-11-03 23:05:09.689 [http-nio-auto-1-exec-1] INFO  org.springframework.web.servlet.DispatcherServlet - Initializing Servlet 'dispatcherServlet'
2025-11-03 23:05:09.690 [http-nio-auto-1-exec-1] INFO  org.springframework.web.servlet.DispatcherServlet - Completed initialization in 1 ms
2025-11-03 23:05:09.821 [http-nio-auto-1-exec-1] WARN  c.q.x.kv.biz.exception.GlobalExceptionHandler - /kv/note/content/find request fail, errorCode: KV-20000, errorMessage: 该笔记内容不存在
2025-11-03 23:14:46.712 [main] WARN  com.alibaba.nacos.client.logging.NacosLogging - Load Logback Configuration of Nacos fail, message: Could not initialize Logback Nacos logging from classpath:nacos-logback.xml
2025-11-03 23:14:46.754 [main] WARN  com.alibaba.nacos.client.logging.NacosLogging - Load Logback Configuration of Nacos fail, message: Could not initialize Logback Nacos logging from classpath:nacos-logback.xml
2025-11-03 23:14:48.297 [main] WARN  com.alibaba.nacos.client.logging.NacosLogging - Load Logback Configuration of Nacos fail, message: Could not initialize Logback Nacos logging from classpath:nacos-logback.xml
2025-11-03 23:14:48.309 [main] WARN  com.alibaba.nacos.client.logging.NacosLogging - Load Logback Configuration of Nacos fail, message: Could not initialize Logback Nacos logging from classpath:nacos-logback.xml
2025-11-03 23:14:48.309 [main] INFO  c.q.xiaohashu.kv.biz.XiaohashuKvBizApplication - The following 1 profile is active: "dev"
2025-11-03 23:14:48.678 [main] INFO  o.s.d.r.config.RepositoryConfigurationDelegate - Bootstrapping Spring Data Reactive Cassandra repositories in DEFAULT mode.
2025-11-03 23:14:48.701 [main] INFO  o.s.d.r.config.RepositoryConfigurationDelegate - Finished Spring Data repository scanning in 20 ms. Found 0 Reactive Cassandra repository interfaces.
2025-11-03 23:14:48.705 [main] INFO  o.s.d.r.config.RepositoryConfigurationDelegate - Bootstrapping Spring Data Cassandra repositories in DEFAULT mode.
2025-11-03 23:14:48.716 [main] INFO  o.s.d.r.config.RepositoryConfigurationDelegate - Finished Spring Data repository scanning in 11 ms. Found 1 Cassandra repository interfaces.
2025-11-03 23:14:48.849 [main] INFO  o.springframework.cloud.context.scope.GenericScope - BeanFactory id=0450c896-95d1-3c2a-a3dd-175c7e8808df
2025-11-03 23:14:49.077 [main] INFO  o.s.boot.web.embedded.tomcat.TomcatWebServer - Tomcat initialized with port(s): 0 (http)
2025-11-03 23:14:49.085 [main] INFO  org.apache.catalina.core.StandardService - Starting service [Tomcat]
2025-11-03 23:14:49.085 [main] INFO  org.apache.catalina.core.StandardEngine - Starting Servlet engine: [Apache Tomcat/10.1.5]
2025-11-03 23:14:49.189 [main] INFO  o.a.c.core.ContainerBase.[Tomcat].[localhost].[/] - Initializing Spring embedded WebApplicationContext
2025-11-03 23:14:49.190 [main] INFO  o.s.b.w.s.c.ServletWebServerApplicationContext - Root WebApplicationContext: initialization completed in 871 ms
2025-11-03 23:14:49.388 [main] INFO  c.d.o.driver.internal.core.DefaultMavenCoordinates - DataStax Java driver for Apache Cassandra(R) (com.datastax.oss:java-driver-core) version 4.15.0
2025-11-03 23:14:49.696 [s0-admin-0] INFO  com.datastax.oss.driver.internal.core.time.Clock - Using native clock for microsecond precision
2025-11-03 23:14:50.089 [s1-admin-0] INFO  com.datastax.oss.driver.internal.core.time.Clock - Using native clock for microsecond precision
2025-11-03 23:14:51.856 [main] INFO  org.springframework.cloud.commons.util.InetUtils - Cannot determine local hostname
2025-11-03 23:14:53.572 [main] INFO  org.springframework.cloud.commons.util.InetUtils - Cannot determine local hostname
2025-11-03 23:14:53.601 [main] WARN  o.s.c.l.c.LoadBalancerCacheAutoConfiguration$LoadBalancerCaffeineWarnLogger - Spring Cloud LoadBalancer is currently working with the default cache. While this cache implementation is useful for development and tests, it's recommended to use Caffeine cache in production.You can switch to using Caffeine cache, by adding it and org.springframework.cache.caffeine.CaffeineCacheManager to the classpath.
2025-11-03 23:14:53.660 [main] INFO  o.s.boot.web.embedded.tomcat.TomcatWebServer - Tomcat started on port(s): 6628 (http) with context path ''
2025-11-03 23:14:53.665 [main] WARN  com.alibaba.nacos.client.logging.NacosLogging - Load Logback Configuration of Nacos fail, message: Could not initialize Logback Nacos logging from classpath:nacos-logback.xml
2025-11-03 23:14:53.665 [main] INFO  com.alibaba.nacos.client.naming - initializer namespace from ans.namespace attribute : null
2025-11-03 23:14:53.666 [main] INFO  com.alibaba.nacos.client.naming - initializer namespace from ALIBABA_ALIWARE_NAMESPACE attribute :null
2025-11-03 23:14:53.667 [main] INFO  com.alibaba.nacos.client.naming - initializer namespace from namespace attribute :null
2025-11-03 23:14:53.683 [main] INFO  com.alibaba.nacos.client.utils.ParamUtil - [settings] [req-serv] nacos-server port:8848
2025-11-03 23:14:53.684 [main] INFO  com.alibaba.nacos.client.utils.ParamUtil - [settings] [http-client] connect timeout:1000
2025-11-03 23:14:53.684 [main] INFO  com.alibaba.nacos.client.utils.ParamUtil - PER_TASK_CONFIG_SIZE: 3000.0
2025-11-03 23:14:53.687 [main] INFO  c.a.n.p.auth.spi.client.ClientAuthPluginManager - [ClientAuthPluginManager] Load ClientAuthService com.alibaba.nacos.client.auth.impl.NacosClientAuthServiceImpl success.
2025-11-03 23:14:53.687 [main] INFO  c.a.n.p.auth.spi.client.ClientAuthPluginManager - [ClientAuthPluginManager] Load ClientAuthService com.alibaba.nacos.client.auth.ram.RamClientAuthServiceImpl success.
2025-11-03 23:14:53.689 [main] INFO  c.a.n.client.auth.ram.identify.CredentialWatcher - null No credential found
2025-11-03 23:14:53.693 [main] INFO  com.alibaba.nacos.common.remote.client - [RpcClientFactory] create a new rpc client of 55475724-89bf-4158-a80d-4b41753b8bd4
2025-11-03 23:14:53.706 [main] INFO  com.alibaba.nacos.common.remote.client - [55475724-89bf-4158-a80d-4b41753b8bd4] RpcClient init, ServerListFactory = com.alibaba.nacos.client.naming.core.ServerListManager
2025-11-03 23:14:53.706 [main] INFO  com.alibaba.nacos.common.remote.client - [55475724-89bf-4158-a80d-4b41753b8bd4] Registry connection listener to current client:com.alibaba.nacos.client.naming.remote.gprc.redo.NamingGrpcRedoService
2025-11-03 23:14:53.706 [main] INFO  com.alibaba.nacos.common.remote.client - [55475724-89bf-4158-a80d-4b41753b8bd4] Register server push request handler:com.alibaba.nacos.client.naming.remote.gprc.NamingPushRequestHandler
2025-11-03 23:14:53.708 [main] INFO  com.alibaba.nacos.common.remote.client - [55475724-89bf-4158-a80d-4b41753b8bd4] Try to connect to server on start up, server: {serverIp = '127.0.0.1', server main port = 8848}
2025-11-03 23:14:53.738 [main] INFO  c.a.nacos.common.remote.client.grpc.GrpcClient - grpc client connection server:127.0.0.1 ip,serverPort:9848,grpcTslConfig:{"sslProvider":"OPENSSL","enableTls":false,"mutualAuthEnable":false,"trustAll":false}
2025-11-03 23:14:54.831 [main] INFO  com.alibaba.nacos.common.remote.client - [55475724-89bf-4158-a80d-4b41753b8bd4] Success to connect to server [127.0.0.1:8848] on start up, connectionId = 1762182894654_127.0.0.1_6630
2025-11-03 23:14:54.831 [com.alibaba.nacos.client.remote.worker] INFO  com.alibaba.nacos.common.remote.client - [55475724-89bf-4158-a80d-4b41753b8bd4] Notify connected event to listeners.
2025-11-03 23:14:54.831 [com.alibaba.nacos.client.remote.worker] INFO  com.alibaba.nacos.client.naming - Grpc connection connect
2025-11-03 23:14:54.831 [main] INFO  com.alibaba.nacos.common.remote.client - [55475724-89bf-4158-a80d-4b41753b8bd4] Register server push request handler:com.alibaba.nacos.common.remote.client.RpcClient$ConnectResetRequestHandler
2025-11-03 23:14:54.831 [main] INFO  com.alibaba.nacos.common.remote.client - [55475724-89bf-4158-a80d-4b41753b8bd4] Register server push request handler:com.alibaba.nacos.common.remote.client.RpcClient$$Lambda$1513/0x000001840179cbd8
2025-11-03 23:14:54.832 [main] INFO  com.alibaba.nacos.client.naming - [REGISTER-SERVICE] xiaohashu registering service xiaohashu-kv with instance Instance{instanceId='null', ip='192.168.134.1', port=6628, weight=1.0, healthy=true, enabled=true, ephemeral=true, clusterName='DEFAULT', serviceName='null', metadata={IPv6=null, preserved.register.source=SPRING_CLOUD}}
2025-11-03 23:14:54.842 [main] INFO  c.a.cloud.nacos.registry.NacosServiceRegistry - nacos registry, DEFAULT_GROUP xiaohashu-kv 192.168.134.1:6628 register finished
2025-11-03 23:14:56.107 [main] INFO  org.springframework.cloud.commons.util.InetUtils - Cannot determine local hostname
2025-11-03 23:14:56.113 [main] INFO  c.q.xiaohashu.kv.biz.XiaohashuKvBizApplication - Started XiaohashuKvBizApplication in 10.968 seconds (process running for 11.962)
2025-11-03 23:15:21.925 [http-nio-auto-1-exec-1] INFO  o.a.c.core.ContainerBase.[Tomcat].[localhost].[/] - Initializing Spring DispatcherServlet 'dispatcherServlet'
2025-11-03 23:15:21.925 [http-nio-auto-1-exec-1] INFO  org.springframework.web.servlet.DispatcherServlet - Initializing Servlet 'dispatcherServlet'
2025-11-03 23:15:21.926 [http-nio-auto-1-exec-1] INFO  org.springframework.web.servlet.DispatcherServlet - Completed initialization in 1 ms
2025-11-03 23:15:22.009 [http-nio-auto-1-exec-1] WARN  c.q.x.kv.biz.exception.GlobalExceptionHandler - /kv/note/content/find request fail, errorCode: KV-20000, errorMessage: 该笔记内容不存在
