2025-11-04 13:10:42.531 [main] WARN  com.alibaba.nacos.client.logging.NacosLogging - Load Logback Configuration of Nacos fail, message: Could not initialize Logback Nacos logging from classpath:nacos-logback.xml
2025-11-04 13:10:42.559 [main] WARN  com.alibaba.nacos.client.logging.NacosLogging - Load Logback Configuration of Nacos fail, message: Could not initialize Logback Nacos logging from classpath:nacos-logback.xml
2025-11-04 13:10:43.965 [main] WARN  com.alibaba.nacos.client.logging.NacosLogging - Load Logback Configuration of Nacos fail, message: Could not initialize Logback Nacos logging from classpath:nacos-logback.xml
2025-11-04 13:10:43.973 [main] WARN  com.alibaba.nacos.client.logging.NacosLogging - Load Logback Configuration of Nacos fail, message: Could not initialize Logback Nacos logging from classpath:nacos-logback.xml
2025-11-04 13:10:43.973 [main] INFO  c.q.xiaohashu.kv.biz.XiaohashuKvBizApplication - The following 1 profile is active: "dev"
2025-11-04 13:10:44.233 [main] INFO  o.s.d.r.config.RepositoryConfigurationDelegate - Bootstrapping Spring Data Reactive Cassandra repositories in DEFAULT mode.
2025-11-04 13:10:44.258 [main] INFO  o.s.d.r.config.RepositoryConfigurationDelegate - Finished Spring Data repository scanning in 22 ms. Found 0 Reactive Cassandra repository interfaces.
2025-11-04 13:10:44.261 [main] INFO  o.s.d.r.config.RepositoryConfigurationDelegate - Bootstrapping Spring Data Cassandra repositories in DEFAULT mode.
2025-11-04 13:10:44.272 [main] INFO  o.s.d.r.config.RepositoryConfigurationDelegate - Finished Spring Data repository scanning in 10 ms. Found 1 Cassandra repository interfaces.
2025-11-04 13:10:44.356 [main] INFO  o.springframework.cloud.context.scope.GenericScope - BeanFactory id=0450c896-95d1-3c2a-a3dd-175c7e8808df
2025-11-04 13:10:44.509 [main] INFO  o.s.boot.web.embedded.tomcat.TomcatWebServer - Tomcat initialized with port(s): 0 (http)
2025-11-04 13:10:44.515 [main] INFO  org.apache.catalina.core.StandardService - Starting service [Tomcat]
2025-11-04 13:10:44.515 [main] INFO  org.apache.catalina.core.StandardEngine - Starting Servlet engine: [Apache Tomcat/10.1.5]
2025-11-04 13:10:44.605 [main] INFO  o.a.c.core.ContainerBase.[Tomcat].[localhost].[/] - Initializing Spring embedded WebApplicationContext
2025-11-04 13:10:44.606 [main] INFO  o.s.b.w.s.c.ServletWebServerApplicationContext - Root WebApplicationContext: initialization completed in 627 ms
2025-11-04 13:10:44.767 [main] INFO  c.d.o.driver.internal.core.DefaultMavenCoordinates - DataStax Java driver for Apache Cassandra(R) (com.datastax.oss:java-driver-core) version 4.15.0
2025-11-04 13:10:45.007 [s0-admin-0] INFO  com.datastax.oss.driver.internal.core.time.Clock - Using native clock for microsecond precision
2025-11-04 13:10:45.449 [s1-admin-0] INFO  com.datastax.oss.driver.internal.core.time.Clock - Using native clock for microsecond precision
2025-11-04 13:10:47.089 [main] INFO  org.springframework.cloud.commons.util.InetUtils - Cannot determine local hostname
2025-11-04 13:10:48.537 [main] INFO  org.springframework.cloud.commons.util.InetUtils - Cannot determine local hostname
2025-11-04 13:10:48.556 [main] WARN  o.s.c.l.c.LoadBalancerCacheAutoConfiguration$LoadBalancerCaffeineWarnLogger - Spring Cloud LoadBalancer is currently working with the default cache. While this cache implementation is useful for development and tests, it's recommended to use Caffeine cache in production.You can switch to using Caffeine cache, by adding it and org.springframework.cache.caffeine.CaffeineCacheManager to the classpath.
2025-11-04 13:10:48.595 [main] INFO  o.s.boot.web.embedded.tomcat.TomcatWebServer - Tomcat started on port(s): 5230 (http) with context path ''
2025-11-04 13:10:48.599 [main] WARN  com.alibaba.nacos.client.logging.NacosLogging - Load Logback Configuration of Nacos fail, message: Could not initialize Logback Nacos logging from classpath:nacos-logback.xml
2025-11-04 13:10:48.599 [main] INFO  com.alibaba.nacos.client.naming - initializer namespace from ans.namespace attribute : null
2025-11-04 13:10:48.600 [main] INFO  com.alibaba.nacos.client.naming - initializer namespace from ALIBABA_ALIWARE_NAMESPACE attribute :null
2025-11-04 13:10:48.600 [main] INFO  com.alibaba.nacos.client.naming - initializer namespace from namespace attribute :null
2025-11-04 13:10:48.614 [main] INFO  com.alibaba.nacos.client.utils.ParamUtil - [settings] [req-serv] nacos-server port:8848
2025-11-04 13:10:48.614 [main] INFO  com.alibaba.nacos.client.utils.ParamUtil - [settings] [http-client] connect timeout:1000
2025-11-04 13:10:48.615 [main] INFO  com.alibaba.nacos.client.utils.ParamUtil - PER_TASK_CONFIG_SIZE: 3000.0
2025-11-04 13:10:48.618 [main] INFO  c.a.n.p.auth.spi.client.ClientAuthPluginManager - [ClientAuthPluginManager] Load ClientAuthService com.alibaba.nacos.client.auth.impl.NacosClientAuthServiceImpl success.
2025-11-04 13:10:48.618 [main] INFO  c.a.n.p.auth.spi.client.ClientAuthPluginManager - [ClientAuthPluginManager] Load ClientAuthService com.alibaba.nacos.client.auth.ram.RamClientAuthServiceImpl success.
2025-11-04 13:10:48.619 [main] INFO  c.a.n.client.auth.ram.identify.CredentialWatcher - null No credential found
2025-11-04 13:10:48.623 [main] INFO  com.alibaba.nacos.common.remote.client - [RpcClientFactory] create a new rpc client of 9daa1051-84e3-4d36-b29e-6e5b5f442f6c
2025-11-04 13:10:48.632 [main] INFO  com.alibaba.nacos.common.remote.client - [9daa1051-84e3-4d36-b29e-6e5b5f442f6c] RpcClient init, ServerListFactory = com.alibaba.nacos.client.naming.core.ServerListManager
2025-11-04 13:10:48.633 [main] INFO  com.alibaba.nacos.common.remote.client - [9daa1051-84e3-4d36-b29e-6e5b5f442f6c] Registry connection listener to current client:com.alibaba.nacos.client.naming.remote.gprc.redo.NamingGrpcRedoService
2025-11-04 13:10:48.633 [main] INFO  com.alibaba.nacos.common.remote.client - [9daa1051-84e3-4d36-b29e-6e5b5f442f6c] Register server push request handler:com.alibaba.nacos.client.naming.remote.gprc.NamingPushRequestHandler
2025-11-04 13:10:48.634 [main] INFO  com.alibaba.nacos.common.remote.client - [9daa1051-84e3-4d36-b29e-6e5b5f442f6c] Try to connect to server on start up, server: {serverIp = '127.0.0.1', server main port = 8848}
2025-11-04 13:10:48.655 [main] INFO  c.a.nacos.common.remote.client.grpc.GrpcClient - grpc client connection server:127.0.0.1 ip,serverPort:9848,grpcTslConfig:{"sslProvider":"OPENSSL","enableTls":false,"mutualAuthEnable":false,"trustAll":false}
2025-11-04 13:10:49.395 [main] INFO  com.alibaba.nacos.common.remote.client - [9daa1051-84e3-4d36-b29e-6e5b5f442f6c] Success to connect to server [127.0.0.1:8848] on start up, connectionId = 1762233049232_127.0.0.1_5231
2025-11-04 13:10:49.396 [com.alibaba.nacos.client.remote.worker] INFO  com.alibaba.nacos.common.remote.client - [9daa1051-84e3-4d36-b29e-6e5b5f442f6c] Notify connected event to listeners.
2025-11-04 13:10:49.396 [com.alibaba.nacos.client.remote.worker] INFO  com.alibaba.nacos.client.naming - Grpc connection connect
2025-11-04 13:10:49.396 [main] INFO  com.alibaba.nacos.common.remote.client - [9daa1051-84e3-4d36-b29e-6e5b5f442f6c] Register server push request handler:com.alibaba.nacos.common.remote.client.RpcClient$ConnectResetRequestHandler
2025-11-04 13:10:49.396 [main] INFO  com.alibaba.nacos.common.remote.client - [9daa1051-84e3-4d36-b29e-6e5b5f442f6c] Register server push request handler:com.alibaba.nacos.common.remote.client.RpcClient$$Lambda$1518/0x0000021a5b79cbd8
2025-11-04 13:10:49.397 [main] INFO  com.alibaba.nacos.client.naming - [REGISTER-SERVICE] xiaohashu registering service xiaohashu-kv with instance Instance{instanceId='null', ip='192.168.134.1', port=5230, weight=1.0, healthy=true, enabled=true, ephemeral=true, clusterName='DEFAULT', serviceName='null', metadata={IPv6=null, preserved.register.source=SPRING_CLOUD}}
2025-11-04 13:10:49.408 [main] INFO  c.a.cloud.nacos.registry.NacosServiceRegistry - nacos registry, DEFAULT_GROUP xiaohashu-kv 192.168.134.1:5230 register finished
2025-11-04 13:10:50.594 [main] INFO  org.springframework.cloud.commons.util.InetUtils - Cannot determine local hostname
2025-11-04 13:10:50.599 [main] INFO  c.q.xiaohashu.kv.biz.XiaohashuKvBizApplication - Started XiaohashuKvBizApplication in 9.662 seconds (process running for 10.412)
2025-11-04 13:12:14.856 [http-nio-auto-1-exec-1] INFO  org.springframework.web.servlet.DispatcherServlet - Initializing Servlet 'dispatcherServlet'
2025-11-04 13:12:14.860 [http-nio-auto-1-exec-1] INFO  org.springframework.web.servlet.DispatcherServlet - Completed initialization in 3 ms
