2025-11-02 22:37:04.935 [main] WARN  com.alibaba.nacos.client.logging.NacosLogging - Load Logback Configuration of Nacos fail, message: Could not initialize Logback Nacos logging from classpath:nacos-logback.xml
2025-11-02 22:37:04.990 [main] WARN  com.alibaba.nacos.client.logging.NacosLogging - Load Logback Configuration of Nacos fail, message: Could not initialize Logback Nacos logging from classpath:nacos-logback.xml
2025-11-02 22:37:06.521 [main] WARN  com.alibaba.nacos.client.logging.NacosLogging - Load Logback Configuration of Nacos fail, message: Could not initialize Logback Nacos logging from classpath:nacos-logback.xml
2025-11-02 22:37:06.531 [main] WARN  com.alibaba.nacos.client.logging.NacosLogging - Load Logback Configuration of Nacos fail, message: Could not initialize Logback Nacos logging from classpath:nacos-logback.xml
2025-11-02 22:37:06.531 [main] INFO  c.q.xiaohashu.note.biz.XiaohashuNoteBizApplication - The following 1 profile is active: "dev"
2025-11-02 22:37:06.988 [main] WARN  org.mybatis.spring.mapper.ClassPathMapperScanner - No MyBatis mapper was found in '[com.quanxiaoha.xiaohashu.note.biz.domain.mapper]' package. Please check your configuration.
2025-11-02 22:37:07.040 [main] INFO  o.springframework.cloud.context.scope.GenericScope - BeanFactory id=da416981-b37d-3ea5-9015-1e57e4b55dba
2025-11-02 22:37:07.361 [main] INFO  o.s.boot.web.embedded.tomcat.TomcatWebServer - Tomcat initialized with port(s): 8086 (http)
2025-11-02 22:37:07.372 [main] INFO  org.apache.catalina.core.StandardService - Starting service [Tomcat]
2025-11-02 22:37:07.372 [main] INFO  org.apache.catalina.core.StandardEngine - Starting Servlet engine: [Apache Tomcat/10.1.5]
2025-11-02 22:37:07.514 [main] INFO  o.a.c.core.ContainerBase.[Tomcat].[localhost].[/] - Initializing Spring embedded WebApplicationContext
2025-11-02 22:37:07.514 [main] INFO  o.s.b.w.s.c.ServletWebServerApplicationContext - Root WebApplicationContext: initialization completed in 963 ms
2025-11-02 22:37:08.993 [main] INFO  org.springframework.cloud.commons.util.InetUtils - Cannot determine local hostname
2025-11-02 22:37:09.288 [main] INFO  c.a.d.s.b.a.DruidDataSourceAutoConfigure - Init DruidDataSource
2025-11-02 22:37:09.497 [main] INFO  com.alibaba.druid.pool.DruidDataSource - {dataSource-1} inited
2025-11-02 22:37:10.834 [main] INFO  org.springframework.cloud.commons.util.InetUtils - Cannot determine local hostname
2025-11-02 22:37:10.906 [main] INFO  o.s.boot.web.embedded.tomcat.TomcatWebServer - Tomcat started on port(s): 8086 (http) with context path ''
2025-11-02 22:37:10.910 [main] WARN  com.alibaba.nacos.client.logging.NacosLogging - Load Logback Configuration of Nacos fail, message: Could not initialize Logback Nacos logging from classpath:nacos-logback.xml
2025-11-02 22:37:10.911 [main] INFO  com.alibaba.nacos.client.naming - initializer namespace from ans.namespace attribute : null
2025-11-02 22:37:10.911 [main] INFO  com.alibaba.nacos.client.naming - initializer namespace from ALIBABA_ALIWARE_NAMESPACE attribute :null
2025-11-02 22:37:10.911 [main] INFO  com.alibaba.nacos.client.naming - initializer namespace from namespace attribute :null
2025-11-02 22:37:10.929 [main] INFO  com.alibaba.nacos.client.utils.ParamUtil - [settings] [req-serv] nacos-server port:8848
2025-11-02 22:37:10.929 [main] INFO  com.alibaba.nacos.client.utils.ParamUtil - [settings] [http-client] connect timeout:1000
2025-11-02 22:37:10.930 [main] INFO  com.alibaba.nacos.client.utils.ParamUtil - PER_TASK_CONFIG_SIZE: 3000.0
2025-11-02 22:37:10.933 [main] INFO  c.a.n.p.auth.spi.client.ClientAuthPluginManager - [ClientAuthPluginManager] Load ClientAuthService com.alibaba.nacos.client.auth.impl.NacosClientAuthServiceImpl success.
2025-11-02 22:37:10.934 [main] INFO  c.a.n.p.auth.spi.client.ClientAuthPluginManager - [ClientAuthPluginManager] Load ClientAuthService com.alibaba.nacos.client.auth.ram.RamClientAuthServiceImpl success.
2025-11-02 22:37:10.937 [main] INFO  c.a.n.client.auth.ram.identify.CredentialWatcher - null No credential found
2025-11-02 22:37:10.942 [main] INFO  com.alibaba.nacos.common.remote.client - [RpcClientFactory] create a new rpc client of 49b98774-8bde-48ad-a240-e34ee217e896
2025-11-02 22:37:10.954 [main] INFO  com.alibaba.nacos.common.remote.client - [49b98774-8bde-48ad-a240-e34ee217e896] RpcClient init, ServerListFactory = com.alibaba.nacos.client.naming.core.ServerListManager
2025-11-02 22:37:10.954 [main] INFO  com.alibaba.nacos.common.remote.client - [49b98774-8bde-48ad-a240-e34ee217e896] Registry connection listener to current client:com.alibaba.nacos.client.naming.remote.gprc.redo.NamingGrpcRedoService
2025-11-02 22:37:10.955 [main] INFO  com.alibaba.nacos.common.remote.client - [49b98774-8bde-48ad-a240-e34ee217e896] Register server push request handler:com.alibaba.nacos.client.naming.remote.gprc.NamingPushRequestHandler
2025-11-02 22:37:10.957 [main] INFO  com.alibaba.nacos.common.remote.client - [49b98774-8bde-48ad-a240-e34ee217e896] Try to connect to server on start up, server: {serverIp = '127.0.0.1', server main port = 8848}
2025-11-02 22:37:10.982 [main] INFO  c.a.nacos.common.remote.client.grpc.GrpcClient - grpc client connection server:127.0.0.1 ip,serverPort:9848,grpcTslConfig:{"sslProvider":"OPENSSL","enableTls":false,"mutualAuthEnable":false,"trustAll":false}
2025-11-02 22:37:11.844 [main] INFO  com.alibaba.nacos.common.remote.client - [49b98774-8bde-48ad-a240-e34ee217e896] Success to connect to server [127.0.0.1:8848] on start up, connectionId = 1762094231671_127.0.0.1_3366
2025-11-02 22:37:11.845 [com.alibaba.nacos.client.remote.worker] INFO  com.alibaba.nacos.common.remote.client - [49b98774-8bde-48ad-a240-e34ee217e896] Notify connected event to listeners.
2025-11-02 22:37:11.845 [com.alibaba.nacos.client.remote.worker] INFO  com.alibaba.nacos.client.naming - Grpc connection connect
2025-11-02 22:37:11.845 [main] INFO  com.alibaba.nacos.common.remote.client - [49b98774-8bde-48ad-a240-e34ee217e896] Register server push request handler:com.alibaba.nacos.common.remote.client.RpcClient$ConnectResetRequestHandler
2025-11-02 22:37:11.846 [main] INFO  com.alibaba.nacos.common.remote.client - [49b98774-8bde-48ad-a240-e34ee217e896] Register server push request handler:com.alibaba.nacos.common.remote.client.RpcClient$$Lambda$1015/0x0000016d8169eac8
2025-11-02 22:37:11.846 [main] INFO  com.alibaba.nacos.client.naming - [REGISTER-SERVICE] xiaohashu registering service xiaohashu-note with instance Instance{instanceId='null', ip='192.168.134.1', port=8086, weight=1.0, healthy=true, enabled=true, ephemeral=true, clusterName='DEFAULT', serviceName='null', metadata={IPv6=null, preserved.register.source=SPRING_CLOUD}}
2025-11-02 22:37:11.857 [main] INFO  c.a.cloud.nacos.registry.NacosServiceRegistry - nacos registry, DEFAULT_GROUP xiaohashu-note 192.168.134.1:8086 register finished
2025-11-02 22:37:13.079 [main] INFO  org.springframework.cloud.commons.util.InetUtils - Cannot determine local hostname
2025-11-02 22:37:13.085 [main] INFO  c.q.xiaohashu.note.biz.XiaohashuNoteBizApplication - Started XiaohashuNoteBizApplication in 10.076 seconds (process running for 11.027)
2025-11-02 22:54:06.148 [main] WARN  com.alibaba.nacos.client.logging.NacosLogging - Load Logback Configuration of Nacos fail, message: Could not initialize Logback Nacos logging from classpath:nacos-logback.xml
2025-11-02 22:54:06.216 [main] WARN  com.alibaba.nacos.client.logging.NacosLogging - Load Logback Configuration of Nacos fail, message: Could not initialize Logback Nacos logging from classpath:nacos-logback.xml
2025-11-02 22:54:07.778 [main] WARN  com.alibaba.nacos.client.logging.NacosLogging - Load Logback Configuration of Nacos fail, message: Could not initialize Logback Nacos logging from classpath:nacos-logback.xml
2025-11-02 22:54:07.791 [main] WARN  com.alibaba.nacos.client.logging.NacosLogging - Load Logback Configuration of Nacos fail, message: Could not initialize Logback Nacos logging from classpath:nacos-logback.xml
2025-11-02 22:54:07.792 [main] INFO  c.q.xiaohashu.note.biz.XiaohashuNoteBizApplication - The following 1 profile is active: "dev"
2025-11-02 22:54:08.345 [main] INFO  o.s.d.r.config.RepositoryConfigurationDelegate - Multiple Spring Data modules found, entering strict repository configuration mode
2025-11-02 22:54:08.348 [main] INFO  o.s.d.r.config.RepositoryConfigurationDelegate - Bootstrapping Spring Data Redis repositories in DEFAULT mode.
2025-11-02 22:54:08.371 [main] INFO  o.s.d.r.config.RepositoryConfigurationDelegate - Finished Spring Data repository scanning in 7 ms. Found 0 Redis repository interfaces.
2025-11-02 22:54:08.535 [main] INFO  o.springframework.cloud.context.scope.GenericScope - BeanFactory id=9267aeff-bdca-3c74-b716-49058bb10861
2025-11-02 22:54:08.878 [main] INFO  o.s.boot.web.embedded.tomcat.TomcatWebServer - Tomcat initialized with port(s): 8086 (http)
2025-11-02 22:54:08.886 [main] INFO  org.apache.catalina.core.StandardService - Starting service [Tomcat]
2025-11-02 22:54:08.886 [main] INFO  org.apache.catalina.core.StandardEngine - Starting Servlet engine: [Apache Tomcat/10.1.5]
2025-11-02 22:54:08.975 [main] INFO  o.a.c.core.ContainerBase.[Tomcat].[localhost].[/] - Initializing Spring embedded WebApplicationContext
2025-11-02 22:54:08.975 [main] INFO  o.s.b.w.s.c.ServletWebServerApplicationContext - Root WebApplicationContext: initialization completed in 1162 ms
2025-11-02 22:54:10.666 [main] INFO  org.springframework.cloud.commons.util.InetUtils - Cannot determine local hostname
2025-11-02 22:54:10.973 [main] INFO  c.a.d.s.b.a.DruidDataSourceAutoConfigure - Init DruidDataSource
2025-11-02 22:54:11.161 [main] INFO  com.alibaba.druid.pool.DruidDataSource - {dataSource-1} inited
2025-11-02 22:54:12.689 [main] INFO  org.springframework.cloud.commons.util.InetUtils - Cannot determine local hostname
2025-11-02 22:54:12.758 [main] INFO  o.s.boot.web.embedded.tomcat.TomcatWebServer - Tomcat started on port(s): 8086 (http) with context path ''
2025-11-02 22:54:12.764 [main] WARN  com.alibaba.nacos.client.logging.NacosLogging - Load Logback Configuration of Nacos fail, message: Could not initialize Logback Nacos logging from classpath:nacos-logback.xml
2025-11-02 22:54:12.764 [main] INFO  com.alibaba.nacos.client.naming - initializer namespace from ans.namespace attribute : null
2025-11-02 22:54:12.764 [main] INFO  com.alibaba.nacos.client.naming - initializer namespace from ALIBABA_ALIWARE_NAMESPACE attribute :null
2025-11-02 22:54:12.765 [main] INFO  com.alibaba.nacos.client.naming - initializer namespace from namespace attribute :null
2025-11-02 22:54:12.781 [main] INFO  com.alibaba.nacos.client.utils.ParamUtil - [settings] [req-serv] nacos-server port:8848
2025-11-02 22:54:12.781 [main] INFO  com.alibaba.nacos.client.utils.ParamUtil - [settings] [http-client] connect timeout:1000
2025-11-02 22:54:12.781 [main] INFO  com.alibaba.nacos.client.utils.ParamUtil - PER_TASK_CONFIG_SIZE: 3000.0
2025-11-02 22:54:12.785 [main] INFO  c.a.n.p.auth.spi.client.ClientAuthPluginManager - [ClientAuthPluginManager] Load ClientAuthService com.alibaba.nacos.client.auth.impl.NacosClientAuthServiceImpl success.
2025-11-02 22:54:12.785 [main] INFO  c.a.n.p.auth.spi.client.ClientAuthPluginManager - [ClientAuthPluginManager] Load ClientAuthService com.alibaba.nacos.client.auth.ram.RamClientAuthServiceImpl success.
2025-11-02 22:54:12.787 [main] INFO  c.a.n.client.auth.ram.identify.CredentialWatcher - null No credential found
2025-11-02 22:54:12.793 [main] INFO  com.alibaba.nacos.common.remote.client - [RpcClientFactory] create a new rpc client of 777ad8d9-f706-45bc-8e1c-9cedd80e403b
2025-11-02 22:54:12.806 [main] INFO  com.alibaba.nacos.common.remote.client - [777ad8d9-f706-45bc-8e1c-9cedd80e403b] RpcClient init, ServerListFactory = com.alibaba.nacos.client.naming.core.ServerListManager
2025-11-02 22:54:12.806 [main] INFO  com.alibaba.nacos.common.remote.client - [777ad8d9-f706-45bc-8e1c-9cedd80e403b] Registry connection listener to current client:com.alibaba.nacos.client.naming.remote.gprc.redo.NamingGrpcRedoService
2025-11-02 22:54:12.806 [main] INFO  com.alibaba.nacos.common.remote.client - [777ad8d9-f706-45bc-8e1c-9cedd80e403b] Register server push request handler:com.alibaba.nacos.client.naming.remote.gprc.NamingPushRequestHandler
2025-11-02 22:54:12.809 [main] INFO  com.alibaba.nacos.common.remote.client - [777ad8d9-f706-45bc-8e1c-9cedd80e403b] Try to connect to server on start up, server: {serverIp = '127.0.0.1', server main port = 8848}
2025-11-02 22:54:12.831 [main] INFO  c.a.nacos.common.remote.client.grpc.GrpcClient - grpc client connection server:127.0.0.1 ip,serverPort:9848,grpcTslConfig:{"sslProvider":"OPENSSL","enableTls":false,"mutualAuthEnable":false,"trustAll":false}
2025-11-02 22:54:13.733 [main] INFO  com.alibaba.nacos.common.remote.client - [777ad8d9-f706-45bc-8e1c-9cedd80e403b] Success to connect to server [127.0.0.1:8848] on start up, connectionId = 1762095253555_127.0.0.1_14390
2025-11-02 22:54:13.734 [com.alibaba.nacos.client.remote.worker] INFO  com.alibaba.nacos.common.remote.client - [777ad8d9-f706-45bc-8e1c-9cedd80e403b] Notify connected event to listeners.
2025-11-02 22:54:13.734 [com.alibaba.nacos.client.remote.worker] INFO  com.alibaba.nacos.client.naming - Grpc connection connect
2025-11-02 22:54:13.734 [main] INFO  com.alibaba.nacos.common.remote.client - [777ad8d9-f706-45bc-8e1c-9cedd80e403b] Register server push request handler:com.alibaba.nacos.common.remote.client.RpcClient$ConnectResetRequestHandler
2025-11-02 22:54:13.735 [main] INFO  com.alibaba.nacos.common.remote.client - [777ad8d9-f706-45bc-8e1c-9cedd80e403b] Register server push request handler:com.alibaba.nacos.common.remote.client.RpcClient$$Lambda$1222/0x000001be4a76bbb0
2025-11-02 22:54:13.736 [main] INFO  com.alibaba.nacos.client.naming - [REGISTER-SERVICE] xiaohashu registering service xiaohashu-note with instance Instance{instanceId='null', ip='192.168.134.1', port=8086, weight=1.0, healthy=true, enabled=true, ephemeral=true, clusterName='DEFAULT', serviceName='null', metadata={IPv6=null, preserved.register.source=SPRING_CLOUD}}
2025-11-02 22:54:13.753 [main] INFO  c.a.cloud.nacos.registry.NacosServiceRegistry - nacos registry, DEFAULT_GROUP xiaohashu-note 192.168.134.1:8086 register finished
2025-11-02 22:54:14.967 [main] INFO  org.springframework.cloud.commons.util.InetUtils - Cannot determine local hostname
2025-11-02 22:54:14.974 [main] INFO  c.q.xiaohashu.note.biz.XiaohashuNoteBizApplication - Started XiaohashuNoteBizApplication in 10.74 seconds (process running for 11.471)
