2025-11-07 11:50:20.441 [main] WARN  com.alibaba.nacos.client.logging.NacosLogging - Load Logback Configuration of Nacos fail, message: Could not initialize Logback Nacos logging from classpath:nacos-logback.xml
2025-11-07 11:50:20.477 [main] WARN  com.alibaba.nacos.client.logging.NacosLogging - Load Logback Configuration of Nacos fail, message: Could not initialize Logback Nacos logging from classpath:nacos-logback.xml
2025-11-07 11:50:20.629 [main] WARN  com.alibaba.nacos.client.logging.NacosLogging - Load Logback Configuration of Nacos fail, message: Could not initialize Logback Nacos logging from classpath:nacos-logback.xml
2025-11-07 11:50:20.630 [main] INFO  com.alibaba.nacos.client.utils.ParamUtil - [settings] [req-serv] nacos-server port:8848
2025-11-07 11:50:20.630 [main] INFO  com.alibaba.nacos.client.utils.ParamUtil - [settings] [http-client] connect timeout:1000
2025-11-07 11:50:20.630 [main] INFO  com.alibaba.nacos.client.utils.ParamUtil - PER_TASK_CONFIG_SIZE: 3000.0
2025-11-07 11:50:20.640 [main] INFO  c.a.n.p.auth.spi.client.ClientAuthPluginManager - [ClientAuthPluginManager] Load ClientAuthService com.alibaba.nacos.client.auth.impl.NacosClientAuthServiceImpl success.
2025-11-07 11:50:20.640 [main] INFO  c.a.n.p.auth.spi.client.ClientAuthPluginManager - [ClientAuthPluginManager] Load ClientAuthService com.alibaba.nacos.client.auth.ram.RamClientAuthServiceImpl success.
2025-11-07 11:50:20.641 [main] INFO  c.a.n.client.auth.ram.identify.CredentialWatcher - null No credential found
2025-11-07 11:50:21.869 [main] WARN  com.alibaba.nacos.client.logging.NacosLogging - Load Logback Configuration of Nacos fail, message: Could not initialize Logback Nacos logging from classpath:nacos-logback.xml
2025-11-07 11:50:21.877 [main] INFO  c.a.n.client.config.impl.LocalConfigInfoProcessor - LOCAL_SNAPSHOT_PATH:C:\Users\hp\nacos\config
2025-11-07 11:50:21.879 [main] INFO  com.alibaba.nacos.common.remote.client - [RpcClientFactory] create a new rpc client of a732e2bc-5861-425f-a5dd-15a8d36d095b_config-0
2025-11-07 11:50:21.885 [main] INFO  com.alibaba.nacos.common.remote.client - [a732e2bc-5861-425f-a5dd-15a8d36d095b_config-0] Register server push request handler:com.alibaba.nacos.client.config.impl.ClientWorker$ConfigRpcTransportClient$$Lambda$585/0x000002132633b140
2025-11-07 11:50:21.886 [main] INFO  com.alibaba.nacos.common.remote.client - [a732e2bc-5861-425f-a5dd-15a8d36d095b_config-0] Register server push request handler:com.alibaba.nacos.client.config.impl.ClientWorker$ConfigRpcTransportClient$$Lambda$586/0x000002132633b560
2025-11-07 11:50:21.886 [main] INFO  com.alibaba.nacos.common.remote.client - [a732e2bc-5861-425f-a5dd-15a8d36d095b_config-0] Registry connection listener to current client:com.alibaba.nacos.client.config.impl.ClientWorker$ConfigRpcTransportClient$1
2025-11-07 11:50:21.886 [main] INFO  com.alibaba.nacos.common.remote.client - [a732e2bc-5861-425f-a5dd-15a8d36d095b_config-0] RpcClient init, ServerListFactory = com.alibaba.nacos.client.config.impl.ClientWorker$ConfigRpcTransportClient$2
2025-11-07 11:50:21.890 [main] INFO  com.alibaba.nacos.common.remote.client - [a732e2bc-5861-425f-a5dd-15a8d36d095b_config-0] Try to connect to server on start up, server: {serverIp = '127.0.0.1', server main port = 8848}
2025-11-07 11:50:21.913 [main] INFO  c.a.nacos.common.remote.client.grpc.GrpcClient - grpc client connection server:127.0.0.1 ip,serverPort:9848,grpcTslConfig:{"sslProvider":"OPENSSL","enableTls":false,"mutualAuthEnable":false,"trustAll":false}
2025-11-07 11:50:22.488 [main] INFO  com.alibaba.nacos.common.remote.client - [a732e2bc-5861-425f-a5dd-15a8d36d095b_config-0] Success to connect to server [127.0.0.1:8848] on start up, connectionId = 1762487422335_127.0.0.1_3595
2025-11-07 11:50:22.488 [com.alibaba.nacos.client.remote.worker] INFO  com.alibaba.nacos.common.remote.client - [a732e2bc-5861-425f-a5dd-15a8d36d095b_config-0] Notify connected event to listeners.
2025-11-07 11:50:22.488 [main] INFO  com.alibaba.nacos.common.remote.client - [a732e2bc-5861-425f-a5dd-15a8d36d095b_config-0] Register server push request handler:com.alibaba.nacos.common.remote.client.RpcClient$ConnectResetRequestHandler
2025-11-07 11:50:22.489 [com.alibaba.nacos.client.remote.worker] INFO  com.alibaba.nacos.client.config.impl.ClientWorker - [a732e2bc-5861-425f-a5dd-15a8d36d095b_config-0] Connected,notify listen context...
2025-11-07 11:50:22.489 [main] INFO  com.alibaba.nacos.common.remote.client - [a732e2bc-5861-425f-a5dd-15a8d36d095b_config-0] Register server push request handler:com.alibaba.nacos.common.remote.client.RpcClient$$Lambda$606/0x0000021326448cb8
2025-11-07 11:50:22.507 [main] INFO  com.alibaba.nacos.client.config.impl.Limiter - limitTime:5.0
2025-11-07 11:50:22.529 [main] WARN  c.a.cloud.nacos.client.NacosPropertySourceBuilder - Ignore the empty nacos configuration and get it based on dataId[xiaohashu-user] & group[DEFAULT_GROUP]
2025-11-07 11:50:22.536 [main] WARN  c.a.cloud.nacos.client.NacosPropertySourceBuilder - Ignore the empty nacos configuration and get it based on dataId[xiaohashu-user.properties] & group[DEFAULT_GROUP]
2025-11-07 11:50:22.541 [main] WARN  c.a.cloud.nacos.client.NacosPropertySourceBuilder - Ignore the empty nacos configuration and get it based on dataId[xiaohashu-user-dev.properties] & group[DEFAULT_GROUP]
2025-11-07 11:50:22.542 [main] INFO  o.s.c.b.c.PropertySourceBootstrapConfiguration - Located property source: [BootstrapPropertySource {name='bootstrapProperties-xiaohashu-user-dev.properties,DEFAULT_GROUP'}, BootstrapPropertySource {name='bootstrapProperties-xiaohashu-user.properties,DEFAULT_GROUP'}, BootstrapPropertySource {name='bootstrapProperties-xiaohashu-user,DEFAULT_GROUP'}]
2025-11-07 11:50:22.555 [main] WARN  com.alibaba.nacos.client.logging.NacosLogging - Load Logback Configuration of Nacos fail, message: Could not initialize Logback Nacos logging from classpath:nacos-logback.xml
2025-11-07 11:50:22.556 [main] INFO  c.q.xiaohashu.user.biz.XiaohashuUserBizApplication - The following 1 profile is active: "dev"
2025-11-07 11:50:22.944 [main] INFO  o.s.d.r.config.RepositoryConfigurationDelegate - Multiple Spring Data modules found, entering strict repository configuration mode
2025-11-07 11:50:22.946 [main] INFO  o.s.d.r.config.RepositoryConfigurationDelegate - Bootstrapping Spring Data Redis repositories in DEFAULT mode.
2025-11-07 11:50:22.964 [main] INFO  o.s.d.r.config.RepositoryConfigurationDelegate - Finished Spring Data repository scanning in 8 ms. Found 0 Redis repository interfaces.
2025-11-07 11:50:23.106 [main] INFO  o.springframework.cloud.context.scope.GenericScope - BeanFactory id=cae95a84-6a75-32ef-8d47-15a199037aaf
2025-11-07 11:50:23.126 [main] INFO  o.s.c.s.PostProcessorRegistrationDelegate$BeanPostProcessorChecker - Bean 'com.quanxiaoha.xiaohashu.distributed.id.generator.api.DistributedIdGeneratorFeignApi' of type [org.springframework.cloud.openfeign.FeignClientFactoryBean] is not eligible for getting processed by all BeanPostProcessors (for example: not eligible for auto-proxying)
2025-11-07 11:50:23.127 [main] INFO  o.s.c.s.PostProcessorRegistrationDelegate$BeanPostProcessorChecker - Bean 'com.quanxiaoha.xiaohashu.oss.api.FileFeignApi' of type [org.springframework.cloud.openfeign.FeignClientFactoryBean] is not eligible for getting processed by all BeanPostProcessors (for example: not eligible for auto-proxying)
2025-11-07 11:50:23.128 [main] INFO  o.s.c.s.PostProcessorRegistrationDelegate$BeanPostProcessorChecker - Bean 'com.quanxiaoha.xiaohashu.user.api.UserFeignApi' of type [org.springframework.cloud.openfeign.FeignClientFactoryBean] is not eligible for getting processed by all BeanPostProcessors (for example: not eligible for auto-proxying)
2025-11-07 11:50:23.383 [main] INFO  o.s.boot.web.embedded.tomcat.TomcatWebServer - Tomcat initialized with port(s): 0 (http)
2025-11-07 11:50:23.389 [main] INFO  org.apache.catalina.core.StandardService - Starting service [Tomcat]
2025-11-07 11:50:23.389 [main] INFO  org.apache.catalina.core.StandardEngine - Starting Servlet engine: [Apache Tomcat/10.1.5]
2025-11-07 11:50:23.454 [main] INFO  o.a.c.core.ContainerBase.[Tomcat].[localhost].[/] - Initializing Spring embedded WebApplicationContext
2025-11-07 11:50:23.454 [main] INFO  o.s.b.w.s.c.ServletWebServerApplicationContext - Root WebApplicationContext: initialization completed in 886 ms
2025-11-07 11:50:23.694 [main] INFO  o.s.cloud.openfeign.FeignClientFactoryBean - For 'xiaohashu-oss' URL not provided. Will try picking an instance via load-balancing.
2025-11-07 11:50:23.721 [main] INFO  c.a.d.s.b.a.DruidDataSourceAutoConfigure - Init DruidDataSource
2025-11-07 11:50:23.920 [main] INFO  com.alibaba.druid.pool.DruidDataSource - {dataSource-1} inited
2025-11-07 11:50:24.118 [main] INFO  o.s.cloud.openfeign.FeignClientFactoryBean - For 'xiaohashu-distributed-id-generator' URL not provided. Will try picking an instance via load-balancing.
2025-11-07 11:50:25.467 [main] INFO  org.springframework.cloud.commons.util.InetUtils - Cannot determine local hostname
2025-11-07 11:50:26.865 [main] INFO  org.springframework.cloud.commons.util.InetUtils - Cannot determine local hostname
2025-11-07 11:50:26.929 [main] INFO  o.s.boot.web.embedded.tomcat.TomcatWebServer - Tomcat started on port(s): 3601 (http) with context path ''
2025-11-07 11:50:26.932 [main] INFO  com.alibaba.nacos.client.naming - initializer namespace from ans.namespace attribute : null
2025-11-07 11:50:26.932 [main] INFO  com.alibaba.nacos.client.naming - initializer namespace from ALIBABA_ALIWARE_NAMESPACE attribute :null
2025-11-07 11:50:26.932 [main] INFO  com.alibaba.nacos.client.naming - initializer namespace from namespace attribute :null
2025-11-07 11:50:26.937 [main] INFO  c.a.n.p.auth.spi.client.ClientAuthPluginManager - [ClientAuthPluginManager] Load ClientAuthService com.alibaba.nacos.client.auth.impl.NacosClientAuthServiceImpl success.
2025-11-07 11:50:26.937 [main] INFO  c.a.n.p.auth.spi.client.ClientAuthPluginManager - [ClientAuthPluginManager] Load ClientAuthService com.alibaba.nacos.client.auth.ram.RamClientAuthServiceImpl success.
2025-11-07 11:50:26.939 [main] INFO  com.alibaba.nacos.common.remote.client - [RpcClientFactory] create a new rpc client of f02740a8-f70d-4a8b-a598-3c835ed27026
2025-11-07 11:50:26.940 [main] INFO  com.alibaba.nacos.common.remote.client - [f02740a8-f70d-4a8b-a598-3c835ed27026] RpcClient init, ServerListFactory = com.alibaba.nacos.client.naming.core.ServerListManager
2025-11-07 11:50:26.940 [main] INFO  com.alibaba.nacos.common.remote.client - [f02740a8-f70d-4a8b-a598-3c835ed27026] Registry connection listener to current client:com.alibaba.nacos.client.naming.remote.gprc.redo.NamingGrpcRedoService
2025-11-07 11:50:26.940 [main] INFO  com.alibaba.nacos.common.remote.client - [f02740a8-f70d-4a8b-a598-3c835ed27026] Register server push request handler:com.alibaba.nacos.client.naming.remote.gprc.NamingPushRequestHandler
2025-11-07 11:50:26.941 [main] INFO  com.alibaba.nacos.common.remote.client - [f02740a8-f70d-4a8b-a598-3c835ed27026] Try to connect to server on start up, server: {serverIp = '127.0.0.1', server main port = 8848}
2025-11-07 11:50:26.941 [main] INFO  c.a.nacos.common.remote.client.grpc.GrpcClient - grpc client connection server:127.0.0.1 ip,serverPort:9848,grpcTslConfig:{"sslProvider":"OPENSSL","enableTls":false,"mutualAuthEnable":false,"trustAll":false}
2025-11-07 11:50:27.054 [main] INFO  com.alibaba.nacos.common.remote.client - [f02740a8-f70d-4a8b-a598-3c835ed27026] Success to connect to server [127.0.0.1:8848] on start up, connectionId = 1762487426944_127.0.0.1_3602
2025-11-07 11:50:27.054 [main] INFO  com.alibaba.nacos.common.remote.client - [f02740a8-f70d-4a8b-a598-3c835ed27026] Register server push request handler:com.alibaba.nacos.common.remote.client.RpcClient$ConnectResetRequestHandler
2025-11-07 11:50:27.054 [com.alibaba.nacos.client.remote.worker] INFO  com.alibaba.nacos.common.remote.client - [f02740a8-f70d-4a8b-a598-3c835ed27026] Notify connected event to listeners.
2025-11-07 11:50:27.054 [com.alibaba.nacos.client.remote.worker] INFO  com.alibaba.nacos.client.naming - Grpc connection connect
2025-11-07 11:50:27.054 [main] INFO  com.alibaba.nacos.common.remote.client - [f02740a8-f70d-4a8b-a598-3c835ed27026] Register server push request handler:com.alibaba.nacos.common.remote.client.RpcClient$$Lambda$606/0x0000021326448cb8
2025-11-07 11:50:27.055 [main] INFO  com.alibaba.nacos.client.naming - [REGISTER-SERVICE] xiaohashu registering service xiaohashu-user with instance Instance{instanceId='null', ip='192.168.134.1', port=3601, weight=1.0, healthy=true, enabled=true, ephemeral=true, clusterName='DEFAULT', serviceName='null', metadata={IPv6=null, preserved.register.source=SPRING_CLOUD}}
2025-11-07 11:50:27.074 [main] INFO  c.a.cloud.nacos.registry.NacosServiceRegistry - nacos registry, DEFAULT_GROUP xiaohashu-user 192.168.134.1:3601 register finished
2025-11-07 11:50:28.229 [main] INFO  org.springframework.cloud.commons.util.InetUtils - Cannot determine local hostname
2025-11-07 11:50:28.234 [main] INFO  c.q.xiaohashu.user.biz.XiaohashuUserBizApplication - Started XiaohashuUserBizApplication in 9.329 seconds (process running for 9.839)
2025-11-07 11:50:28.235 [main] INFO  c.q.x.u.biz.runner.PushRolePermissions2RedisRunner - ==> 服务启动，开始同步角色权限数据到 Redis 中...
2025-11-07 11:50:28.546 [main] WARN  c.q.x.u.biz.runner.PushRolePermissions2RedisRunner - ==> 角色权限数据已经同步至 Redis 中，不再同步...
2025-11-07 11:50:28.548 [main] INFO  com.alibaba.nacos.client.config.impl.CacheData - nacos.cache.data.init.snapshot = true 
2025-11-07 11:50:28.549 [main] INFO  com.alibaba.nacos.client.config.impl.ClientWorker - [fixed-127.0.0.1_8848] [subscribe] xiaohashu-user+DEFAULT_GROUP
2025-11-07 11:50:28.551 [main] INFO  com.alibaba.nacos.client.config.impl.CacheData - [fixed-127.0.0.1_8848] [add-listener] ok, tenant=, dataId=xiaohashu-user, group=DEFAULT_GROUP, cnt=1
2025-11-07 11:50:28.551 [main] INFO  c.a.cloud.nacos.refresh.NacosContextRefresher - [Nacos Config] Listening config: dataId=xiaohashu-user, group=DEFAULT_GROUP
2025-11-07 11:50:28.552 [main] INFO  com.alibaba.nacos.client.config.impl.ClientWorker - [fixed-127.0.0.1_8848] [subscribe] xiaohashu-user.properties+DEFAULT_GROUP
2025-11-07 11:50:28.552 [main] INFO  com.alibaba.nacos.client.config.impl.CacheData - [fixed-127.0.0.1_8848] [add-listener] ok, tenant=, dataId=xiaohashu-user.properties, group=DEFAULT_GROUP, cnt=1
2025-11-07 11:50:28.552 [main] INFO  c.a.cloud.nacos.refresh.NacosContextRefresher - [Nacos Config] Listening config: dataId=xiaohashu-user.properties, group=DEFAULT_GROUP
2025-11-07 11:50:28.552 [main] INFO  com.alibaba.nacos.client.config.impl.ClientWorker - [fixed-127.0.0.1_8848] [subscribe] xiaohashu-user-dev.properties+DEFAULT_GROUP
2025-11-07 11:50:28.552 [main] INFO  com.alibaba.nacos.client.config.impl.CacheData - [fixed-127.0.0.1_8848] [add-listener] ok, tenant=, dataId=xiaohashu-user-dev.properties, group=DEFAULT_GROUP, cnt=1
2025-11-07 11:50:28.552 [main] INFO  c.a.cloud.nacos.refresh.NacosContextRefresher - [Nacos Config] Listening config: dataId=xiaohashu-user-dev.properties, group=DEFAULT_GROUP
2025-11-07 11:54:08.740 [http-nio-auto-1-exec-1] INFO  org.springframework.web.servlet.DispatcherServlet - Initializing Servlet 'dispatcherServlet'
2025-11-07 11:54:08.744 [http-nio-auto-1-exec-1] INFO  org.springframework.web.servlet.DispatcherServlet - Completed initialization in 4 ms
2025-11-07 11:54:08.756 [http-nio-auto-1-exec-1] INFO  c.q.x.user.biz.filter.HeaderUserId2ContextFilter - ## HeaderUserId2ContextFilter, 用户 ID: null
2025-11-07 11:54:08.882 [http-nio-auto-1-exec-1] INFO  c.q.f.b.operationlog.aspect.ApiOperationLogAspect - ====== 请求开始: [查询用户信息], 入参: {"id":11}, 请求类: UserController, 请求方法: findById =================================== 
2025-11-07 11:54:08.904 [http-nio-auto-1-exec-1] INFO  c.q.f.b.operationlog.aspect.ApiOperationLogAspect - ====== 请求结束: [查询用户信息], 耗时: 21ms, 出参: {"success":true,"message":null,"errorCode":null,"data":{"id":11,"nickName":"小红薯4","avatar":null,"introduction":null}} =================================== 
2025-11-07 11:55:23.496 [http-nio-auto-1-exec-3] INFO  c.q.x.user.biz.filter.HeaderUserId2ContextFilter - ## HeaderUserId2ContextFilter, 用户 ID: null
2025-11-07 11:55:23.497 [http-nio-auto-1-exec-3] INFO  c.q.f.b.operationlog.aspect.ApiOperationLogAspect - ====== 请求开始: [查询用户信息], 入参: {"id":11}, 请求类: UserController, 请求方法: findById =================================== 
2025-11-07 11:55:23.502 [http-nio-auto-1-exec-3] INFO  c.q.x.user.biz.service.impl.UserServiceImpl - ==> 命中了本地缓存；FindUserByIdRspDTO(id=11, nickName=小红薯4, avatar=null, introduction=null)
2025-11-07 11:55:23.502 [http-nio-auto-1-exec-3] INFO  c.q.f.b.operationlog.aspect.ApiOperationLogAspect - ====== 请求结束: [查询用户信息], 耗时: 5ms, 出参: {"success":true,"message":null,"errorCode":null,"data":{"id":11,"nickName":"小红薯4","avatar":null,"introduction":null}} =================================== 
2025-11-07 12:05:08.865 [http-nio-auto-1-exec-5] INFO  c.q.x.user.biz.filter.HeaderUserId2ContextFilter - ## HeaderUserId2ContextFilter, 用户 ID: null
2025-11-07 12:05:08.866 [http-nio-auto-1-exec-5] INFO  c.q.f.b.operationlog.aspect.ApiOperationLogAspect - ====== 请求开始: [查询用户信息], 入参: {"id":11}, 请求类: UserController, 请求方法: findById =================================== 
2025-11-07 12:05:08.866 [http-nio-auto-1-exec-5] INFO  c.q.x.user.biz.service.impl.UserServiceImpl - ==> 命中了本地缓存；FindUserByIdRspDTO(id=11, nickName=小红薯4, avatar=null, introduction=null)
2025-11-07 12:05:08.866 [http-nio-auto-1-exec-5] INFO  c.q.f.b.operationlog.aspect.ApiOperationLogAspect - ====== 请求结束: [查询用户信息], 耗时: 0ms, 出参: {"success":true,"message":null,"errorCode":null,"data":{"id":11,"nickName":"小红薯4","avatar":null,"introduction":null}} =================================== 
2025-11-07 12:23:00.264 [http-nio-auto-1-exec-7] INFO  c.q.x.user.biz.filter.HeaderUserId2ContextFilter - ## HeaderUserId2ContextFilter, 用户 ID: null
2025-11-07 12:23:00.282 [http-nio-auto-1-exec-7] INFO  c.q.f.b.operationlog.aspect.ApiOperationLogAspect - ====== 请求开始: [批量查询用户信息], 入参: {"ids":[5,12,6]}, 请求类: UserController, 请求方法: findByIds =================================== 
2025-11-07 12:23:00.365 [http-nio-auto-1-exec-7] DEBUG c.q.x.u.biz.domain.mapper.UserDOMapper.selectByIds - ==>  Preparing: select id, nickname, avatar, introduction from t_user where status = 0 and is_deleted = 0 and id in ( ? , ? )
2025-11-07 12:23:00.498 [http-nio-auto-1-exec-7] DEBUG c.q.x.u.biz.domain.mapper.UserDOMapper.selectByIds - ==> Parameters: 12(Long), 6(Long)
2025-11-07 12:23:00.514 [http-nio-auto-1-exec-7] DEBUG c.q.x.u.biz.domain.mapper.UserDOMapper.selectByIds - <==      Total: 2
2025-11-07 12:23:00.520 [http-nio-auto-1-exec-7] INFO  c.q.f.b.operationlog.aspect.ApiOperationLogAspect - ====== 请求结束: [批量查询用户信息], 耗时: 238ms, 出参: {"success":true,"message":null,"errorCode":null,"data":[{"id":5,"nickName":"朱艳梅","avatar":"http://192.168.134.128:9000/xiaohashu/ad8caf361e794073a5f304859ac0a17c.png","introduction":null},{"id":6,"nickName":"犬小哈","avatar":null,"introduction":null},{"id":12,"nickName":"小红薯10100","avatar":null,"introduction":null}]} =================================== 
2025-11-07 12:24:16.735 [http-nio-auto-1-exec-4] INFO  c.q.x.user.biz.filter.HeaderUserId2ContextFilter - ## HeaderUserId2ContextFilter, 用户 ID: null
2025-11-07 12:24:16.736 [http-nio-auto-1-exec-4] INFO  c.q.f.b.operationlog.aspect.ApiOperationLogAspect - ====== 请求开始: [批量查询用户信息], 入参: {"ids":[5,12,6]}, 请求类: UserController, 请求方法: findByIds =================================== 
2025-11-07 12:24:16.741 [http-nio-auto-1-exec-4] INFO  c.q.f.b.operationlog.aspect.ApiOperationLogAspect - ====== 请求结束: [批量查询用户信息], 耗时: 4ms, 出参: {"success":true,"message":null,"errorCode":null,"data":[{"id":5,"nickName":"朱艳梅","avatar":"http://192.168.134.128:9000/xiaohashu/ad8caf361e794073a5f304859ac0a17c.png","introduction":null},{"id":12,"nickName":"小红薯10100","avatar":null,"introduction":null},{"id":6,"nickName":"犬小哈","avatar":null,"introduction":null}]} =================================== 
2025-11-07 14:00:29.869 [main] WARN  com.alibaba.nacos.client.logging.NacosLogging - Load Logback Configuration of Nacos fail, message: Could not initialize Logback Nacos logging from classpath:nacos-logback.xml
2025-11-07 14:00:29.920 [main] WARN  com.alibaba.nacos.client.logging.NacosLogging - Load Logback Configuration of Nacos fail, message: Could not initialize Logback Nacos logging from classpath:nacos-logback.xml
2025-11-07 14:00:30.098 [main] WARN  com.alibaba.nacos.client.logging.NacosLogging - Load Logback Configuration of Nacos fail, message: Could not initialize Logback Nacos logging from classpath:nacos-logback.xml
2025-11-07 14:00:30.099 [main] INFO  com.alibaba.nacos.client.utils.ParamUtil - [settings] [req-serv] nacos-server port:8848
2025-11-07 14:00:30.099 [main] INFO  com.alibaba.nacos.client.utils.ParamUtil - [settings] [http-client] connect timeout:1000
2025-11-07 14:00:30.100 [main] INFO  com.alibaba.nacos.client.utils.ParamUtil - PER_TASK_CONFIG_SIZE: 3000.0
2025-11-07 14:00:30.113 [main] INFO  c.a.n.p.auth.spi.client.ClientAuthPluginManager - [ClientAuthPluginManager] Load ClientAuthService com.alibaba.nacos.client.auth.impl.NacosClientAuthServiceImpl success.
2025-11-07 14:00:30.113 [main] INFO  c.a.n.p.auth.spi.client.ClientAuthPluginManager - [ClientAuthPluginManager] Load ClientAuthService com.alibaba.nacos.client.auth.ram.RamClientAuthServiceImpl success.
2025-11-07 14:00:30.114 [main] INFO  c.a.n.client.auth.ram.identify.CredentialWatcher - null No credential found
2025-11-07 14:00:31.376 [main] WARN  com.alibaba.nacos.client.logging.NacosLogging - Load Logback Configuration of Nacos fail, message: Could not initialize Logback Nacos logging from classpath:nacos-logback.xml
2025-11-07 14:00:31.385 [main] INFO  c.a.n.client.config.impl.LocalConfigInfoProcessor - LOCAL_SNAPSHOT_PATH:C:\Users\hp\nacos\config
2025-11-07 14:00:31.387 [main] INFO  com.alibaba.nacos.common.remote.client - [RpcClientFactory] create a new rpc client of 94bc35de-1e38-44ab-b9ce-b165cf2daade_config-0
2025-11-07 14:00:31.394 [main] INFO  com.alibaba.nacos.common.remote.client - [94bc35de-1e38-44ab-b9ce-b165cf2daade_config-0] Register server push request handler:com.alibaba.nacos.client.config.impl.ClientWorker$ConfigRpcTransportClient$$Lambda$585/0x0000013a0133ab10
2025-11-07 14:00:31.394 [main] INFO  com.alibaba.nacos.common.remote.client - [94bc35de-1e38-44ab-b9ce-b165cf2daade_config-0] Register server push request handler:com.alibaba.nacos.client.config.impl.ClientWorker$ConfigRpcTransportClient$$Lambda$586/0x0000013a0133af30
2025-11-07 14:00:31.395 [main] INFO  com.alibaba.nacos.common.remote.client - [94bc35de-1e38-44ab-b9ce-b165cf2daade_config-0] Registry connection listener to current client:com.alibaba.nacos.client.config.impl.ClientWorker$ConfigRpcTransportClient$1
2025-11-07 14:00:31.395 [main] INFO  com.alibaba.nacos.common.remote.client - [94bc35de-1e38-44ab-b9ce-b165cf2daade_config-0] RpcClient init, ServerListFactory = com.alibaba.nacos.client.config.impl.ClientWorker$ConfigRpcTransportClient$2
2025-11-07 14:00:31.399 [main] INFO  com.alibaba.nacos.common.remote.client - [94bc35de-1e38-44ab-b9ce-b165cf2daade_config-0] Try to connect to server on start up, server: {serverIp = '127.0.0.1', server main port = 8848}
2025-11-07 14:00:31.423 [main] INFO  c.a.nacos.common.remote.client.grpc.GrpcClient - grpc client connection server:127.0.0.1 ip,serverPort:9848,grpcTslConfig:{"sslProvider":"OPENSSL","enableTls":false,"mutualAuthEnable":false,"trustAll":false}
2025-11-07 14:00:32.116 [main] INFO  com.alibaba.nacos.common.remote.client - [94bc35de-1e38-44ab-b9ce-b165cf2daade_config-0] Success to connect to server [127.0.0.1:8848] on start up, connectionId = 1762495231955_127.0.0.1_8019
2025-11-07 14:00:32.116 [com.alibaba.nacos.client.remote.worker] INFO  com.alibaba.nacos.common.remote.client - [94bc35de-1e38-44ab-b9ce-b165cf2daade_config-0] Notify connected event to listeners.
2025-11-07 14:00:32.116 [main] INFO  com.alibaba.nacos.common.remote.client - [94bc35de-1e38-44ab-b9ce-b165cf2daade_config-0] Register server push request handler:com.alibaba.nacos.common.remote.client.RpcClient$ConnectResetRequestHandler
2025-11-07 14:00:32.116 [com.alibaba.nacos.client.remote.worker] INFO  com.alibaba.nacos.client.config.impl.ClientWorker - [94bc35de-1e38-44ab-b9ce-b165cf2daade_config-0] Connected,notify listen context...
2025-11-07 14:00:32.117 [main] INFO  com.alibaba.nacos.common.remote.client - [94bc35de-1e38-44ab-b9ce-b165cf2daade_config-0] Register server push request handler:com.alibaba.nacos.common.remote.client.RpcClient$$Lambda$606/0x0000013a01448668
2025-11-07 14:00:32.134 [main] INFO  com.alibaba.nacos.client.config.impl.Limiter - limitTime:5.0
2025-11-07 14:00:32.145 [main] WARN  c.a.cloud.nacos.client.NacosPropertySourceBuilder - Ignore the empty nacos configuration and get it based on dataId[xiaohashu-user] & group[DEFAULT_GROUP]
2025-11-07 14:00:32.150 [main] WARN  c.a.cloud.nacos.client.NacosPropertySourceBuilder - Ignore the empty nacos configuration and get it based on dataId[xiaohashu-user.properties] & group[DEFAULT_GROUP]
2025-11-07 14:00:32.156 [main] WARN  c.a.cloud.nacos.client.NacosPropertySourceBuilder - Ignore the empty nacos configuration and get it based on dataId[xiaohashu-user-dev.properties] & group[DEFAULT_GROUP]
2025-11-07 14:00:32.156 [main] INFO  o.s.c.b.c.PropertySourceBootstrapConfiguration - Located property source: [BootstrapPropertySource {name='bootstrapProperties-xiaohashu-user-dev.properties,DEFAULT_GROUP'}, BootstrapPropertySource {name='bootstrapProperties-xiaohashu-user.properties,DEFAULT_GROUP'}, BootstrapPropertySource {name='bootstrapProperties-xiaohashu-user,DEFAULT_GROUP'}]
2025-11-07 14:00:32.175 [main] WARN  com.alibaba.nacos.client.logging.NacosLogging - Load Logback Configuration of Nacos fail, message: Could not initialize Logback Nacos logging from classpath:nacos-logback.xml
2025-11-07 14:00:32.175 [main] INFO  c.q.xiaohashu.user.biz.XiaohashuUserBizApplication - The following 1 profile is active: "dev"
2025-11-07 14:00:32.630 [main] INFO  o.s.d.r.config.RepositoryConfigurationDelegate - Multiple Spring Data modules found, entering strict repository configuration mode
2025-11-07 14:00:32.632 [main] INFO  o.s.d.r.config.RepositoryConfigurationDelegate - Bootstrapping Spring Data Redis repositories in DEFAULT mode.
2025-11-07 14:00:32.651 [main] INFO  o.s.d.r.config.RepositoryConfigurationDelegate - Finished Spring Data repository scanning in 7 ms. Found 0 Redis repository interfaces.
2025-11-07 14:00:32.836 [main] INFO  o.springframework.cloud.context.scope.GenericScope - BeanFactory id=cae95a84-6a75-32ef-8d47-15a199037aaf
2025-11-07 14:00:32.863 [main] INFO  o.s.c.s.PostProcessorRegistrationDelegate$BeanPostProcessorChecker - Bean 'com.quanxiaoha.xiaohashu.distributed.id.generator.api.DistributedIdGeneratorFeignApi' of type [org.springframework.cloud.openfeign.FeignClientFactoryBean] is not eligible for getting processed by all BeanPostProcessors (for example: not eligible for auto-proxying)
2025-11-07 14:00:32.864 [main] INFO  o.s.c.s.PostProcessorRegistrationDelegate$BeanPostProcessorChecker - Bean 'com.quanxiaoha.xiaohashu.oss.api.FileFeignApi' of type [org.springframework.cloud.openfeign.FeignClientFactoryBean] is not eligible for getting processed by all BeanPostProcessors (for example: not eligible for auto-proxying)
2025-11-07 14:00:32.867 [main] INFO  o.s.c.s.PostProcessorRegistrationDelegate$BeanPostProcessorChecker - Bean 'com.quanxiaoha.xiaohashu.user.api.UserFeignApi' of type [org.springframework.cloud.openfeign.FeignClientFactoryBean] is not eligible for getting processed by all BeanPostProcessors (for example: not eligible for auto-proxying)
2025-11-07 14:00:33.236 [main] INFO  o.s.boot.web.embedded.tomcat.TomcatWebServer - Tomcat initialized with port(s): 0 (http)
2025-11-07 14:00:33.247 [main] INFO  org.apache.catalina.core.StandardService - Starting service [Tomcat]
2025-11-07 14:00:33.247 [main] INFO  org.apache.catalina.core.StandardEngine - Starting Servlet engine: [Apache Tomcat/10.1.5]
2025-11-07 14:00:33.349 [main] INFO  o.a.c.core.ContainerBase.[Tomcat].[localhost].[/] - Initializing Spring embedded WebApplicationContext
2025-11-07 14:00:33.349 [main] INFO  o.s.b.w.s.c.ServletWebServerApplicationContext - Root WebApplicationContext: initialization completed in 1158 ms
2025-11-07 14:00:33.661 [main] INFO  o.s.cloud.openfeign.FeignClientFactoryBean - For 'xiaohashu-oss' URL not provided. Will try picking an instance via load-balancing.
2025-11-07 14:00:33.704 [main] INFO  c.a.d.s.b.a.DruidDataSourceAutoConfigure - Init DruidDataSource
2025-11-07 14:00:33.978 [main] INFO  com.alibaba.druid.pool.DruidDataSource - {dataSource-1} inited
2025-11-07 14:00:34.264 [main] INFO  o.s.cloud.openfeign.FeignClientFactoryBean - For 'xiaohashu-distributed-id-generator' URL not provided. Will try picking an instance via load-balancing.
2025-11-07 14:00:35.774 [main] INFO  org.springframework.cloud.commons.util.InetUtils - Cannot determine local hostname
2025-11-07 14:00:37.341 [main] INFO  org.springframework.cloud.commons.util.InetUtils - Cannot determine local hostname
2025-11-07 14:00:37.452 [main] INFO  o.s.boot.web.embedded.tomcat.TomcatWebServer - Tomcat started on port(s): 8033 (http) with context path ''
2025-11-07 14:00:37.455 [main] INFO  com.alibaba.nacos.client.naming - initializer namespace from ans.namespace attribute : null
2025-11-07 14:00:37.455 [main] INFO  com.alibaba.nacos.client.naming - initializer namespace from ALIBABA_ALIWARE_NAMESPACE attribute :null
2025-11-07 14:00:37.456 [main] INFO  com.alibaba.nacos.client.naming - initializer namespace from namespace attribute :null
2025-11-07 14:00:37.462 [main] INFO  c.a.n.p.auth.spi.client.ClientAuthPluginManager - [ClientAuthPluginManager] Load ClientAuthService com.alibaba.nacos.client.auth.impl.NacosClientAuthServiceImpl success.
2025-11-07 14:00:37.462 [main] INFO  c.a.n.p.auth.spi.client.ClientAuthPluginManager - [ClientAuthPluginManager] Load ClientAuthService com.alibaba.nacos.client.auth.ram.RamClientAuthServiceImpl success.
2025-11-07 14:00:37.464 [main] INFO  com.alibaba.nacos.common.remote.client - [RpcClientFactory] create a new rpc client of 655ca03d-8c73-4923-b145-aaf5e7a3c703
2025-11-07 14:00:37.466 [main] INFO  com.alibaba.nacos.common.remote.client - [655ca03d-8c73-4923-b145-aaf5e7a3c703] RpcClient init, ServerListFactory = com.alibaba.nacos.client.naming.core.ServerListManager
2025-11-07 14:00:37.466 [main] INFO  com.alibaba.nacos.common.remote.client - [655ca03d-8c73-4923-b145-aaf5e7a3c703] Registry connection listener to current client:com.alibaba.nacos.client.naming.remote.gprc.redo.NamingGrpcRedoService
2025-11-07 14:00:37.467 [main] INFO  com.alibaba.nacos.common.remote.client - [655ca03d-8c73-4923-b145-aaf5e7a3c703] Register server push request handler:com.alibaba.nacos.client.naming.remote.gprc.NamingPushRequestHandler
2025-11-07 14:00:37.467 [main] INFO  com.alibaba.nacos.common.remote.client - [655ca03d-8c73-4923-b145-aaf5e7a3c703] Try to connect to server on start up, server: {serverIp = '127.0.0.1', server main port = 8848}
2025-11-07 14:00:37.467 [main] INFO  c.a.nacos.common.remote.client.grpc.GrpcClient - grpc client connection server:127.0.0.1 ip,serverPort:9848,grpcTslConfig:{"sslProvider":"OPENSSL","enableTls":false,"mutualAuthEnable":false,"trustAll":false}
2025-11-07 14:00:37.591 [main] INFO  com.alibaba.nacos.common.remote.client - [655ca03d-8c73-4923-b145-aaf5e7a3c703] Success to connect to server [127.0.0.1:8848] on start up, connectionId = 1762495237472_127.0.0.1_8034
2025-11-07 14:00:37.591 [main] INFO  com.alibaba.nacos.common.remote.client - [655ca03d-8c73-4923-b145-aaf5e7a3c703] Register server push request handler:com.alibaba.nacos.common.remote.client.RpcClient$ConnectResetRequestHandler
2025-11-07 14:00:37.591 [main] INFO  com.alibaba.nacos.common.remote.client - [655ca03d-8c73-4923-b145-aaf5e7a3c703] Register server push request handler:com.alibaba.nacos.common.remote.client.RpcClient$$Lambda$606/0x0000013a01448668
2025-11-07 14:00:37.591 [com.alibaba.nacos.client.remote.worker] INFO  com.alibaba.nacos.common.remote.client - [655ca03d-8c73-4923-b145-aaf5e7a3c703] Notify connected event to listeners.
2025-11-07 14:00:37.592 [com.alibaba.nacos.client.remote.worker] INFO  com.alibaba.nacos.client.naming - Grpc connection connect
2025-11-07 14:00:37.592 [main] INFO  com.alibaba.nacos.client.naming - [REGISTER-SERVICE] xiaohashu registering service xiaohashu-user with instance Instance{instanceId='null', ip='192.168.134.1', port=8033, weight=1.0, healthy=true, enabled=true, ephemeral=true, clusterName='DEFAULT', serviceName='null', metadata={IPv6=null, preserved.register.source=SPRING_CLOUD}}
2025-11-07 14:00:37.601 [main] INFO  c.a.cloud.nacos.registry.NacosServiceRegistry - nacos registry, DEFAULT_GROUP xiaohashu-user 192.168.134.1:8033 register finished
2025-11-07 14:00:38.865 [main] INFO  org.springframework.cloud.commons.util.InetUtils - Cannot determine local hostname
2025-11-07 14:00:38.873 [main] INFO  c.q.xiaohashu.user.biz.XiaohashuUserBizApplication - Started XiaohashuUserBizApplication in 10.631 seconds (process running for 11.171)
2025-11-07 14:00:38.874 [main] INFO  c.q.x.u.biz.runner.PushRolePermissions2RedisRunner - ==> 服务启动，开始同步角色权限数据到 Redis 中...
2025-11-07 14:00:39.289 [main] WARN  c.q.x.u.biz.runner.PushRolePermissions2RedisRunner - ==> 角色权限数据已经同步至 Redis 中，不再同步...
2025-11-07 14:00:39.291 [main] INFO  com.alibaba.nacos.client.config.impl.CacheData - nacos.cache.data.init.snapshot = true 
2025-11-07 14:00:39.291 [main] INFO  com.alibaba.nacos.client.config.impl.ClientWorker - [fixed-127.0.0.1_8848] [subscribe] xiaohashu-user+DEFAULT_GROUP
2025-11-07 14:00:39.295 [main] INFO  com.alibaba.nacos.client.config.impl.CacheData - [fixed-127.0.0.1_8848] [add-listener] ok, tenant=, dataId=xiaohashu-user, group=DEFAULT_GROUP, cnt=1
2025-11-07 14:00:39.295 [main] INFO  c.a.cloud.nacos.refresh.NacosContextRefresher - [Nacos Config] Listening config: dataId=xiaohashu-user, group=DEFAULT_GROUP
2025-11-07 14:00:39.296 [main] INFO  com.alibaba.nacos.client.config.impl.ClientWorker - [fixed-127.0.0.1_8848] [subscribe] xiaohashu-user.properties+DEFAULT_GROUP
2025-11-07 14:00:39.296 [main] INFO  com.alibaba.nacos.client.config.impl.CacheData - [fixed-127.0.0.1_8848] [add-listener] ok, tenant=, dataId=xiaohashu-user.properties, group=DEFAULT_GROUP, cnt=1
2025-11-07 14:00:39.296 [main] INFO  c.a.cloud.nacos.refresh.NacosContextRefresher - [Nacos Config] Listening config: dataId=xiaohashu-user.properties, group=DEFAULT_GROUP
2025-11-07 14:00:39.296 [main] INFO  com.alibaba.nacos.client.config.impl.ClientWorker - [fixed-127.0.0.1_8848] [subscribe] xiaohashu-user-dev.properties+DEFAULT_GROUP
2025-11-07 14:00:39.296 [main] INFO  com.alibaba.nacos.client.config.impl.CacheData - [fixed-127.0.0.1_8848] [add-listener] ok, tenant=, dataId=xiaohashu-user-dev.properties, group=DEFAULT_GROUP, cnt=1
2025-11-07 14:00:39.296 [main] INFO  c.a.cloud.nacos.refresh.NacosContextRefresher - [Nacos Config] Listening config: dataId=xiaohashu-user-dev.properties, group=DEFAULT_GROUP
2025-11-07 14:05:14.703 [http-nio-auto-1-exec-1] INFO  org.springframework.web.servlet.DispatcherServlet - Initializing Servlet 'dispatcherServlet'
2025-11-07 14:05:14.709 [http-nio-auto-1-exec-1] INFO  org.springframework.web.servlet.DispatcherServlet - Completed initialization in 6 ms
2025-11-07 14:05:14.723 [http-nio-auto-1-exec-1] INFO  c.q.x.user.biz.filter.HeaderUserId2ContextFilter - ## HeaderUserId2ContextFilter, 用户 ID: null
2025-11-07 14:05:14.848 [http-nio-auto-1-exec-1] INFO  c.q.f.b.operationlog.aspect.ApiOperationLogAspect - ====== 请求开始: [查询用户信息], 入参: {"id":11}, 请求类: UserController, 请求方法: findById =================================== 
2025-11-07 14:05:14.866 [http-nio-auto-1-exec-1] INFO  c.q.f.b.operationlog.aspect.ApiOperationLogAspect - ====== 请求结束: [查询用户信息], 耗时: 19ms, 出参: {"success":true,"message":null,"errorCode":null,"data":{"id":11,"nickName":"小红薯4","avatar":null,"introduction":null}} =================================== 
2025-11-07 14:08:24.116 [http-nio-auto-1-exec-3] INFO  c.q.x.user.biz.filter.HeaderUserId2ContextFilter - ## HeaderUserId2ContextFilter, 用户 ID: null
2025-11-07 14:08:24.118 [http-nio-auto-1-exec-3] INFO  c.q.f.b.operationlog.aspect.ApiOperationLogAspect - ====== 请求开始: [查询用户信息], 入参: {"id":11}, 请求类: UserController, 请求方法: findById =================================== 
2025-11-07 14:08:24.121 [http-nio-auto-1-exec-3] INFO  c.q.x.user.biz.service.impl.UserServiceImpl - ==> 命中了本地缓存；FindUserByIdRspDTO(id=11, nickName=小红薯4, avatar=null, introduction=null)
2025-11-07 14:08:24.122 [http-nio-auto-1-exec-3] INFO  c.q.f.b.operationlog.aspect.ApiOperationLogAspect - ====== 请求结束: [查询用户信息], 耗时: 4ms, 出参: {"success":true,"message":null,"errorCode":null,"data":{"id":11,"nickName":"小红薯4","avatar":null,"introduction":null}} =================================== 
2025-11-07 15:42:05.902 [main] WARN  com.alibaba.nacos.client.logging.NacosLogging - Load Logback Configuration of Nacos fail, message: Could not initialize Logback Nacos logging from classpath:nacos-logback.xml
2025-11-07 15:42:05.956 [main] WARN  com.alibaba.nacos.client.logging.NacosLogging - Load Logback Configuration of Nacos fail, message: Could not initialize Logback Nacos logging from classpath:nacos-logback.xml
2025-11-07 15:42:06.139 [main] WARN  com.alibaba.nacos.client.logging.NacosLogging - Load Logback Configuration of Nacos fail, message: Could not initialize Logback Nacos logging from classpath:nacos-logback.xml
2025-11-07 15:42:06.140 [main] INFO  com.alibaba.nacos.client.utils.ParamUtil - [settings] [req-serv] nacos-server port:8848
2025-11-07 15:42:06.140 [main] INFO  com.alibaba.nacos.client.utils.ParamUtil - [settings] [http-client] connect timeout:1000
2025-11-07 15:42:06.141 [main] INFO  com.alibaba.nacos.client.utils.ParamUtil - PER_TASK_CONFIG_SIZE: 3000.0
2025-11-07 15:42:06.153 [main] INFO  c.a.n.p.auth.spi.client.ClientAuthPluginManager - [ClientAuthPluginManager] Load ClientAuthService com.alibaba.nacos.client.auth.impl.NacosClientAuthServiceImpl success.
2025-11-07 15:42:06.153 [main] INFO  c.a.n.p.auth.spi.client.ClientAuthPluginManager - [ClientAuthPluginManager] Load ClientAuthService com.alibaba.nacos.client.auth.ram.RamClientAuthServiceImpl success.
2025-11-07 15:42:06.154 [main] INFO  c.a.n.client.auth.ram.identify.CredentialWatcher - null No credential found
2025-11-07 15:42:07.431 [main] WARN  com.alibaba.nacos.client.logging.NacosLogging - Load Logback Configuration of Nacos fail, message: Could not initialize Logback Nacos logging from classpath:nacos-logback.xml
2025-11-07 15:42:07.441 [main] INFO  c.a.n.client.config.impl.LocalConfigInfoProcessor - LOCAL_SNAPSHOT_PATH:C:\Users\hp\nacos\config
2025-11-07 15:42:07.443 [main] INFO  com.alibaba.nacos.common.remote.client - [RpcClientFactory] create a new rpc client of 5a2ef1d0-e22e-469a-9627-105f88c48474_config-0
2025-11-07 15:42:07.449 [main] INFO  com.alibaba.nacos.common.remote.client - [5a2ef1d0-e22e-469a-9627-105f88c48474_config-0] Register server push request handler:com.alibaba.nacos.client.config.impl.ClientWorker$ConfigRpcTransportClient$$Lambda$585/0x000002aa3a33ab10
2025-11-07 15:42:07.450 [main] INFO  com.alibaba.nacos.common.remote.client - [5a2ef1d0-e22e-469a-9627-105f88c48474_config-0] Register server push request handler:com.alibaba.nacos.client.config.impl.ClientWorker$ConfigRpcTransportClient$$Lambda$586/0x000002aa3a33af30
2025-11-07 15:42:07.450 [main] INFO  com.alibaba.nacos.common.remote.client - [5a2ef1d0-e22e-469a-9627-105f88c48474_config-0] Registry connection listener to current client:com.alibaba.nacos.client.config.impl.ClientWorker$ConfigRpcTransportClient$1
2025-11-07 15:42:07.450 [main] INFO  com.alibaba.nacos.common.remote.client - [5a2ef1d0-e22e-469a-9627-105f88c48474_config-0] RpcClient init, ServerListFactory = com.alibaba.nacos.client.config.impl.ClientWorker$ConfigRpcTransportClient$2
2025-11-07 15:42:07.454 [main] INFO  com.alibaba.nacos.common.remote.client - [5a2ef1d0-e22e-469a-9627-105f88c48474_config-0] Try to connect to server on start up, server: {serverIp = '127.0.0.1', server main port = 8848}
2025-11-07 15:42:07.478 [main] INFO  c.a.nacos.common.remote.client.grpc.GrpcClient - grpc client connection server:127.0.0.1 ip,serverPort:9848,grpcTslConfig:{"sslProvider":"OPENSSL","enableTls":false,"mutualAuthEnable":false,"trustAll":false}
2025-11-07 15:42:08.098 [main] INFO  com.alibaba.nacos.common.remote.client - [5a2ef1d0-e22e-469a-9627-105f88c48474_config-0] Success to connect to server [127.0.0.1:8848] on start up, connectionId = 1762501327946_127.0.0.1_11569
2025-11-07 15:42:08.099 [com.alibaba.nacos.client.remote.worker] INFO  com.alibaba.nacos.common.remote.client - [5a2ef1d0-e22e-469a-9627-105f88c48474_config-0] Notify connected event to listeners.
2025-11-07 15:42:08.099 [com.alibaba.nacos.client.remote.worker] INFO  com.alibaba.nacos.client.config.impl.ClientWorker - [5a2ef1d0-e22e-469a-9627-105f88c48474_config-0] Connected,notify listen context...
2025-11-07 15:42:08.099 [main] INFO  com.alibaba.nacos.common.remote.client - [5a2ef1d0-e22e-469a-9627-105f88c48474_config-0] Register server push request handler:com.alibaba.nacos.common.remote.client.RpcClient$ConnectResetRequestHandler
2025-11-07 15:42:08.099 [main] INFO  com.alibaba.nacos.common.remote.client - [5a2ef1d0-e22e-469a-9627-105f88c48474_config-0] Register server push request handler:com.alibaba.nacos.common.remote.client.RpcClient$$Lambda$606/0x000002aa3a448668
2025-11-07 15:42:08.120 [main] INFO  com.alibaba.nacos.client.config.impl.Limiter - limitTime:5.0
2025-11-07 15:42:08.138 [main] WARN  c.a.cloud.nacos.client.NacosPropertySourceBuilder - Ignore the empty nacos configuration and get it based on dataId[xiaohashu-user] & group[DEFAULT_GROUP]
2025-11-07 15:42:08.143 [main] WARN  c.a.cloud.nacos.client.NacosPropertySourceBuilder - Ignore the empty nacos configuration and get it based on dataId[xiaohashu-user.properties] & group[DEFAULT_GROUP]
2025-11-07 15:42:08.147 [main] WARN  c.a.cloud.nacos.client.NacosPropertySourceBuilder - Ignore the empty nacos configuration and get it based on dataId[xiaohashu-user-dev.properties] & group[DEFAULT_GROUP]
2025-11-07 15:42:08.148 [main] INFO  o.s.c.b.c.PropertySourceBootstrapConfiguration - Located property source: [BootstrapPropertySource {name='bootstrapProperties-xiaohashu-user-dev.properties,DEFAULT_GROUP'}, BootstrapPropertySource {name='bootstrapProperties-xiaohashu-user.properties,DEFAULT_GROUP'}, BootstrapPropertySource {name='bootstrapProperties-xiaohashu-user,DEFAULT_GROUP'}]
2025-11-07 15:42:08.166 [main] WARN  com.alibaba.nacos.client.logging.NacosLogging - Load Logback Configuration of Nacos fail, message: Could not initialize Logback Nacos logging from classpath:nacos-logback.xml
2025-11-07 15:42:08.166 [main] INFO  c.q.xiaohashu.user.biz.XiaohashuUserBizApplication - The following 1 profile is active: "dev"
2025-11-07 15:42:08.587 [main] INFO  o.s.d.r.config.RepositoryConfigurationDelegate - Multiple Spring Data modules found, entering strict repository configuration mode
2025-11-07 15:42:08.589 [main] INFO  o.s.d.r.config.RepositoryConfigurationDelegate - Bootstrapping Spring Data Redis repositories in DEFAULT mode.
2025-11-07 15:42:08.606 [main] INFO  o.s.d.r.config.RepositoryConfigurationDelegate - Finished Spring Data repository scanning in 7 ms. Found 0 Redis repository interfaces.
2025-11-07 15:42:08.750 [main] INFO  o.springframework.cloud.context.scope.GenericScope - BeanFactory id=cae95a84-6a75-32ef-8d47-15a199037aaf
2025-11-07 15:42:08.776 [main] INFO  o.s.c.s.PostProcessorRegistrationDelegate$BeanPostProcessorChecker - Bean 'com.quanxiaoha.xiaohashu.distributed.id.generator.api.DistributedIdGeneratorFeignApi' of type [org.springframework.cloud.openfeign.FeignClientFactoryBean] is not eligible for getting processed by all BeanPostProcessors (for example: not eligible for auto-proxying)
2025-11-07 15:42:08.777 [main] INFO  o.s.c.s.PostProcessorRegistrationDelegate$BeanPostProcessorChecker - Bean 'com.quanxiaoha.xiaohashu.oss.api.FileFeignApi' of type [org.springframework.cloud.openfeign.FeignClientFactoryBean] is not eligible for getting processed by all BeanPostProcessors (for example: not eligible for auto-proxying)
2025-11-07 15:42:08.778 [main] INFO  o.s.c.s.PostProcessorRegistrationDelegate$BeanPostProcessorChecker - Bean 'com.quanxiaoha.xiaohashu.user.api.UserFeignApi' of type [org.springframework.cloud.openfeign.FeignClientFactoryBean] is not eligible for getting processed by all BeanPostProcessors (for example: not eligible for auto-proxying)
2025-11-07 15:42:09.039 [main] INFO  o.s.boot.web.embedded.tomcat.TomcatWebServer - Tomcat initialized with port(s): 0 (http)
2025-11-07 15:42:09.045 [main] INFO  org.apache.catalina.core.StandardService - Starting service [Tomcat]
2025-11-07 15:42:09.046 [main] INFO  org.apache.catalina.core.StandardEngine - Starting Servlet engine: [Apache Tomcat/10.1.5]
2025-11-07 15:42:09.113 [main] INFO  o.a.c.core.ContainerBase.[Tomcat].[localhost].[/] - Initializing Spring embedded WebApplicationContext
2025-11-07 15:42:09.114 [main] INFO  o.s.b.w.s.c.ServletWebServerApplicationContext - Root WebApplicationContext: initialization completed in 932 ms
2025-11-07 15:42:09.376 [main] INFO  o.s.cloud.openfeign.FeignClientFactoryBean - For 'xiaohashu-oss' URL not provided. Will try picking an instance via load-balancing.
2025-11-07 15:42:09.407 [main] INFO  c.a.d.s.b.a.DruidDataSourceAutoConfigure - Init DruidDataSource
2025-11-07 15:42:09.623 [main] INFO  com.alibaba.druid.pool.DruidDataSource - {dataSource-1} inited
2025-11-07 15:42:09.841 [main] INFO  o.s.cloud.openfeign.FeignClientFactoryBean - For 'xiaohashu-distributed-id-generator' URL not provided. Will try picking an instance via load-balancing.
2025-11-07 15:42:11.247 [main] INFO  org.springframework.cloud.commons.util.InetUtils - Cannot determine local hostname
2025-11-07 15:42:12.765 [main] INFO  org.springframework.cloud.commons.util.InetUtils - Cannot determine local hostname
2025-11-07 15:42:12.831 [main] INFO  o.s.boot.web.embedded.tomcat.TomcatWebServer - Tomcat started on port(s): 11576 (http) with context path ''
2025-11-07 15:42:12.833 [main] INFO  com.alibaba.nacos.client.naming - initializer namespace from ans.namespace attribute : null
2025-11-07 15:42:12.833 [main] INFO  com.alibaba.nacos.client.naming - initializer namespace from ALIBABA_ALIWARE_NAMESPACE attribute :null
2025-11-07 15:42:12.833 [main] INFO  com.alibaba.nacos.client.naming - initializer namespace from namespace attribute :null
2025-11-07 15:42:12.837 [main] INFO  c.a.n.p.auth.spi.client.ClientAuthPluginManager - [ClientAuthPluginManager] Load ClientAuthService com.alibaba.nacos.client.auth.impl.NacosClientAuthServiceImpl success.
2025-11-07 15:42:12.837 [main] INFO  c.a.n.p.auth.spi.client.ClientAuthPluginManager - [ClientAuthPluginManager] Load ClientAuthService com.alibaba.nacos.client.auth.ram.RamClientAuthServiceImpl success.
2025-11-07 15:42:12.839 [main] INFO  com.alibaba.nacos.common.remote.client - [RpcClientFactory] create a new rpc client of c25146bc-dba0-4a42-a1f2-7065851e3902
2025-11-07 15:42:12.840 [main] INFO  com.alibaba.nacos.common.remote.client - [c25146bc-dba0-4a42-a1f2-7065851e3902] RpcClient init, ServerListFactory = com.alibaba.nacos.client.naming.core.ServerListManager
2025-11-07 15:42:12.840 [main] INFO  com.alibaba.nacos.common.remote.client - [c25146bc-dba0-4a42-a1f2-7065851e3902] Registry connection listener to current client:com.alibaba.nacos.client.naming.remote.gprc.redo.NamingGrpcRedoService
2025-11-07 15:42:12.840 [main] INFO  com.alibaba.nacos.common.remote.client - [c25146bc-dba0-4a42-a1f2-7065851e3902] Register server push request handler:com.alibaba.nacos.client.naming.remote.gprc.NamingPushRequestHandler
2025-11-07 15:42:12.840 [main] INFO  com.alibaba.nacos.common.remote.client - [c25146bc-dba0-4a42-a1f2-7065851e3902] Try to connect to server on start up, server: {serverIp = '127.0.0.1', server main port = 8848}
2025-11-07 15:42:12.840 [main] INFO  c.a.nacos.common.remote.client.grpc.GrpcClient - grpc client connection server:127.0.0.1 ip,serverPort:9848,grpcTslConfig:{"sslProvider":"OPENSSL","enableTls":false,"mutualAuthEnable":false,"trustAll":false}
2025-11-07 15:42:12.952 [main] INFO  com.alibaba.nacos.common.remote.client - [c25146bc-dba0-4a42-a1f2-7065851e3902] Success to connect to server [127.0.0.1:8848] on start up, connectionId = 1762501332844_127.0.0.1_11577
2025-11-07 15:42:12.952 [com.alibaba.nacos.client.remote.worker] INFO  com.alibaba.nacos.common.remote.client - [c25146bc-dba0-4a42-a1f2-7065851e3902] Notify connected event to listeners.
2025-11-07 15:42:12.952 [com.alibaba.nacos.client.remote.worker] INFO  com.alibaba.nacos.client.naming - Grpc connection connect
2025-11-07 15:42:12.952 [main] INFO  com.alibaba.nacos.common.remote.client - [c25146bc-dba0-4a42-a1f2-7065851e3902] Register server push request handler:com.alibaba.nacos.common.remote.client.RpcClient$ConnectResetRequestHandler
2025-11-07 15:42:12.952 [main] INFO  com.alibaba.nacos.common.remote.client - [c25146bc-dba0-4a42-a1f2-7065851e3902] Register server push request handler:com.alibaba.nacos.common.remote.client.RpcClient$$Lambda$606/0x000002aa3a448668
2025-11-07 15:42:12.953 [main] INFO  com.alibaba.nacos.client.naming - [REGISTER-SERVICE] xiaohashu registering service xiaohashu-user with instance Instance{instanceId='null', ip='192.168.134.1', port=11576, weight=1.0, healthy=true, enabled=true, ephemeral=true, clusterName='DEFAULT', serviceName='null', metadata={IPv6=null, preserved.register.source=SPRING_CLOUD}}
2025-11-07 15:42:12.967 [main] INFO  c.a.cloud.nacos.registry.NacosServiceRegistry - nacos registry, DEFAULT_GROUP xiaohashu-user 192.168.134.1:11576 register finished
2025-11-07 15:42:14.139 [main] INFO  org.springframework.cloud.commons.util.InetUtils - Cannot determine local hostname
2025-11-07 15:42:14.144 [main] INFO  c.q.xiaohashu.user.biz.XiaohashuUserBizApplication - Started XiaohashuUserBizApplication in 9.877 seconds (process running for 10.408)
2025-11-07 15:42:14.145 [main] INFO  c.q.x.u.biz.runner.PushRolePermissions2RedisRunner - ==> 服务启动，开始同步角色权限数据到 Redis 中...
2025-11-07 15:42:14.442 [main] WARN  c.q.x.u.biz.runner.PushRolePermissions2RedisRunner - ==> 角色权限数据已经同步至 Redis 中，不再同步...
2025-11-07 15:42:14.443 [main] INFO  com.alibaba.nacos.client.config.impl.CacheData - nacos.cache.data.init.snapshot = true 
2025-11-07 15:42:14.444 [main] INFO  com.alibaba.nacos.client.config.impl.ClientWorker - [fixed-127.0.0.1_8848] [subscribe] xiaohashu-user+DEFAULT_GROUP
2025-11-07 15:42:14.447 [main] INFO  com.alibaba.nacos.client.config.impl.CacheData - [fixed-127.0.0.1_8848] [add-listener] ok, tenant=, dataId=xiaohashu-user, group=DEFAULT_GROUP, cnt=1
2025-11-07 15:42:14.447 [main] INFO  c.a.cloud.nacos.refresh.NacosContextRefresher - [Nacos Config] Listening config: dataId=xiaohashu-user, group=DEFAULT_GROUP
2025-11-07 15:42:14.447 [main] INFO  com.alibaba.nacos.client.config.impl.ClientWorker - [fixed-127.0.0.1_8848] [subscribe] xiaohashu-user.properties+DEFAULT_GROUP
2025-11-07 15:42:14.447 [main] INFO  com.alibaba.nacos.client.config.impl.CacheData - [fixed-127.0.0.1_8848] [add-listener] ok, tenant=, dataId=xiaohashu-user.properties, group=DEFAULT_GROUP, cnt=1
2025-11-07 15:42:14.447 [main] INFO  c.a.cloud.nacos.refresh.NacosContextRefresher - [Nacos Config] Listening config: dataId=xiaohashu-user.properties, group=DEFAULT_GROUP
2025-11-07 15:42:14.447 [main] INFO  com.alibaba.nacos.client.config.impl.ClientWorker - [fixed-127.0.0.1_8848] [subscribe] xiaohashu-user-dev.properties+DEFAULT_GROUP
2025-11-07 15:42:14.447 [main] INFO  com.alibaba.nacos.client.config.impl.CacheData - [fixed-127.0.0.1_8848] [add-listener] ok, tenant=, dataId=xiaohashu-user-dev.properties, group=DEFAULT_GROUP, cnt=1
2025-11-07 15:42:14.447 [main] INFO  c.a.cloud.nacos.refresh.NacosContextRefresher - [Nacos Config] Listening config: dataId=xiaohashu-user-dev.properties, group=DEFAULT_GROUP
2025-11-07 18:30:53.133 [lettuce-eventExecutorLoop-1-2] INFO  io.lettuce.core.protocol.ConnectionWatchdog - Reconnecting, last destination was /192.168.134.128:6379
2025-11-07 18:30:53.658 [lettuce-nioEventLoop-4-2] INFO  io.lettuce.core.protocol.ReconnectionHandler - Reconnected to 192.168.134.128/<unresolved>:6379
2025-11-07 18:34:36.125 [lettuce-eventExecutorLoop-1-3] INFO  io.lettuce.core.protocol.ConnectionWatchdog - Reconnecting, last destination was /192.168.134.128:6379
2025-11-07 18:34:36.645 [lettuce-nioEventLoop-4-3] INFO  io.lettuce.core.protocol.ReconnectionHandler - Reconnected to 192.168.134.128/<unresolved>:6379
2025-11-07 18:35:39.526 [lettuce-eventExecutorLoop-1-4] INFO  io.lettuce.core.protocol.ConnectionWatchdog - Reconnecting, last destination was /192.168.134.128:6379
2025-11-07 18:35:40.041 [lettuce-nioEventLoop-4-4] INFO  io.lettuce.core.protocol.ReconnectionHandler - Reconnected to 192.168.134.128/<unresolved>:6379
2025-11-07 19:01:27.825 [lettuce-eventExecutorLoop-1-5] INFO  io.lettuce.core.protocol.ConnectionWatchdog - Reconnecting, last destination was /192.168.134.128:6379
2025-11-07 19:01:28.344 [lettuce-nioEventLoop-4-5] INFO  io.lettuce.core.protocol.ReconnectionHandler - Reconnected to 192.168.134.128/<unresolved>:6379
2025-11-07 19:02:27.529 [lettuce-eventExecutorLoop-1-6] INFO  io.lettuce.core.protocol.ConnectionWatchdog - Reconnecting, last destination was /192.168.134.128:6379
2025-11-07 19:02:28.037 [lettuce-nioEventLoop-4-6] INFO  io.lettuce.core.protocol.ReconnectionHandler - Reconnected to 192.168.134.128/<unresolved>:6379
2025-11-07 19:06:06.331 [lettuce-eventExecutorLoop-1-7] INFO  io.lettuce.core.protocol.ConnectionWatchdog - Reconnecting, last destination was /192.168.134.128:6379
2025-11-07 19:06:08.380 [lettuce-nioEventLoop-4-7] WARN  io.lettuce.core.protocol.ConnectionWatchdog - Cannot reconnect to [192.168.134.128/<unresolved>:6379]: Connection refused: no further information: /192.168.134.128:6379
2025-11-07 19:06:12.629 [lettuce-eventExecutorLoop-1-11] INFO  io.lettuce.core.protocol.ConnectionWatchdog - Reconnecting, last destination was 192.168.134.128/<unresolved>:6379
2025-11-07 19:06:14.671 [lettuce-nioEventLoop-4-10] WARN  io.lettuce.core.protocol.ConnectionWatchdog - Cannot reconnect to [192.168.134.128/<unresolved>:6379]: Connection refused: no further information: /192.168.134.128:6379
2025-11-07 19:06:18.926 [lettuce-eventExecutorLoop-1-1] INFO  io.lettuce.core.protocol.ConnectionWatchdog - Reconnecting, last destination was 192.168.134.128/<unresolved>:6379
2025-11-07 19:06:20.971 [lettuce-nioEventLoop-4-13] WARN  io.lettuce.core.protocol.ConnectionWatchdog - Cannot reconnect to [192.168.134.128/<unresolved>:6379]: Connection refused: no further information: /192.168.134.128:6379
2025-11-07 19:06:26.126 [lettuce-eventExecutorLoop-1-7] INFO  io.lettuce.core.protocol.ConnectionWatchdog - Reconnecting, last destination was 192.168.134.128/<unresolved>:6379
2025-11-07 19:06:28.164 [lettuce-nioEventLoop-4-16] WARN  io.lettuce.core.protocol.ConnectionWatchdog - Cannot reconnect to [192.168.134.128/<unresolved>:6379]: Connection refused: no further information: /192.168.134.128:6379
2025-11-07 19:06:33.327 [lettuce-eventExecutorLoop-1-12] INFO  io.lettuce.core.protocol.ConnectionWatchdog - Reconnecting, last destination was 192.168.134.128/<unresolved>:6379
2025-11-07 19:06:35.374 [lettuce-nioEventLoop-4-2] WARN  io.lettuce.core.protocol.ConnectionWatchdog - Cannot reconnect to [192.168.134.128/<unresolved>:6379]: Connection refused: no further information: /192.168.134.128:6379
2025-11-07 19:06:39.527 [lettuce-eventExecutorLoop-1-15] INFO  io.lettuce.core.protocol.ConnectionWatchdog - Reconnecting, last destination was 192.168.134.128/<unresolved>:6379
2025-11-07 19:06:41.591 [lettuce-nioEventLoop-4-3] WARN  io.lettuce.core.protocol.ConnectionWatchdog - Cannot reconnect to [192.168.134.128/<unresolved>:6379]: Connection refused: no further information: /192.168.134.128:6379
2025-11-07 19:06:49.826 [lettuce-eventExecutorLoop-1-1] INFO  io.lettuce.core.protocol.ConnectionWatchdog - Reconnecting, last destination was 192.168.134.128/<unresolved>:6379
2025-11-07 19:06:51.868 [lettuce-nioEventLoop-4-4] WARN  io.lettuce.core.protocol.ConnectionWatchdog - Cannot reconnect to [192.168.134.128/<unresolved>:6379]: Connection refused: no further information: /192.168.134.128:6379
2025-11-07 19:07:08.330 [lettuce-eventExecutorLoop-1-3] INFO  io.lettuce.core.protocol.ConnectionWatchdog - Reconnecting, last destination was 192.168.134.128/<unresolved>:6379
2025-11-07 19:07:10.362 [lettuce-nioEventLoop-4-5] WARN  io.lettuce.core.protocol.ConnectionWatchdog - Cannot reconnect to [192.168.134.128/<unresolved>:6379]: Connection refused: no further information: /192.168.134.128:6379
2025-11-07 19:07:40.427 [lettuce-eventExecutorLoop-1-5] INFO  io.lettuce.core.protocol.ConnectionWatchdog - Reconnecting, last destination was 192.168.134.128/<unresolved>:6379
2025-11-07 19:07:40.430 [lettuce-nioEventLoop-4-6] INFO  io.lettuce.core.protocol.ReconnectionHandler - Reconnected to 192.168.134.128/<unresolved>:6379
2025-11-07 20:18:59.487 [main] WARN  com.alibaba.nacos.client.logging.NacosLogging - Load Logback Configuration of Nacos fail, message: Could not initialize Logback Nacos logging from classpath:nacos-logback.xml
2025-11-07 20:18:59.528 [main] WARN  com.alibaba.nacos.client.logging.NacosLogging - Load Logback Configuration of Nacos fail, message: Could not initialize Logback Nacos logging from classpath:nacos-logback.xml
2025-11-07 20:18:59.685 [main] WARN  com.alibaba.nacos.client.logging.NacosLogging - Load Logback Configuration of Nacos fail, message: Could not initialize Logback Nacos logging from classpath:nacos-logback.xml
2025-11-07 20:18:59.686 [main] INFO  com.alibaba.nacos.client.utils.ParamUtil - [settings] [req-serv] nacos-server port:8848
2025-11-07 20:18:59.687 [main] INFO  com.alibaba.nacos.client.utils.ParamUtil - [settings] [http-client] connect timeout:1000
2025-11-07 20:18:59.687 [main] INFO  com.alibaba.nacos.client.utils.ParamUtil - PER_TASK_CONFIG_SIZE: 3000.0
2025-11-07 20:18:59.699 [main] INFO  c.a.n.p.auth.spi.client.ClientAuthPluginManager - [ClientAuthPluginManager] Load ClientAuthService com.alibaba.nacos.client.auth.impl.NacosClientAuthServiceImpl success.
2025-11-07 20:18:59.699 [main] INFO  c.a.n.p.auth.spi.client.ClientAuthPluginManager - [ClientAuthPluginManager] Load ClientAuthService com.alibaba.nacos.client.auth.ram.RamClientAuthServiceImpl success.
2025-11-07 20:18:59.701 [main] INFO  c.a.n.client.auth.ram.identify.CredentialWatcher - null No credential found
2025-11-07 20:19:00.956 [main] WARN  com.alibaba.nacos.client.logging.NacosLogging - Load Logback Configuration of Nacos fail, message: Could not initialize Logback Nacos logging from classpath:nacos-logback.xml
2025-11-07 20:19:00.965 [main] INFO  c.a.n.client.config.impl.LocalConfigInfoProcessor - LOCAL_SNAPSHOT_PATH:C:\Users\hp\nacos\config
2025-11-07 20:19:00.967 [main] INFO  com.alibaba.nacos.common.remote.client - [RpcClientFactory] create a new rpc client of aa6c4917-64fc-49fa-ae54-bed0eeb90888_config-0
2025-11-07 20:19:00.973 [main] INFO  com.alibaba.nacos.common.remote.client - [aa6c4917-64fc-49fa-ae54-bed0eeb90888_config-0] Register server push request handler:com.alibaba.nacos.client.config.impl.ClientWorker$ConfigRpcTransportClient$$Lambda$585/0x000001f3c333ab10
2025-11-07 20:19:00.973 [main] INFO  com.alibaba.nacos.common.remote.client - [aa6c4917-64fc-49fa-ae54-bed0eeb90888_config-0] Register server push request handler:com.alibaba.nacos.client.config.impl.ClientWorker$ConfigRpcTransportClient$$Lambda$586/0x000001f3c333af30
2025-11-07 20:19:00.974 [main] INFO  com.alibaba.nacos.common.remote.client - [aa6c4917-64fc-49fa-ae54-bed0eeb90888_config-0] Registry connection listener to current client:com.alibaba.nacos.client.config.impl.ClientWorker$ConfigRpcTransportClient$1
2025-11-07 20:19:00.974 [main] INFO  com.alibaba.nacos.common.remote.client - [aa6c4917-64fc-49fa-ae54-bed0eeb90888_config-0] RpcClient init, ServerListFactory = com.alibaba.nacos.client.config.impl.ClientWorker$ConfigRpcTransportClient$2
2025-11-07 20:19:00.977 [main] INFO  com.alibaba.nacos.common.remote.client - [aa6c4917-64fc-49fa-ae54-bed0eeb90888_config-0] Try to connect to server on start up, server: {serverIp = '127.0.0.1', server main port = 8848}
2025-11-07 20:19:00.999 [main] INFO  c.a.nacos.common.remote.client.grpc.GrpcClient - grpc client connection server:127.0.0.1 ip,serverPort:9848,grpcTslConfig:{"sslProvider":"OPENSSL","enableTls":false,"mutualAuthEnable":false,"trustAll":false}
2025-11-07 20:19:01.661 [main] INFO  com.alibaba.nacos.common.remote.client - [aa6c4917-64fc-49fa-ae54-bed0eeb90888_config-0] Success to connect to server [127.0.0.1:8848] on start up, connectionId = 1762517941490_127.0.0.1_4801
2025-11-07 20:19:01.661 [com.alibaba.nacos.client.remote.worker] INFO  com.alibaba.nacos.common.remote.client - [aa6c4917-64fc-49fa-ae54-bed0eeb90888_config-0] Notify connected event to listeners.
2025-11-07 20:19:01.661 [main] INFO  com.alibaba.nacos.common.remote.client - [aa6c4917-64fc-49fa-ae54-bed0eeb90888_config-0] Register server push request handler:com.alibaba.nacos.common.remote.client.RpcClient$ConnectResetRequestHandler
2025-11-07 20:19:01.661 [com.alibaba.nacos.client.remote.worker] INFO  com.alibaba.nacos.client.config.impl.ClientWorker - [aa6c4917-64fc-49fa-ae54-bed0eeb90888_config-0] Connected,notify listen context...
2025-11-07 20:19:01.662 [main] INFO  com.alibaba.nacos.common.remote.client - [aa6c4917-64fc-49fa-ae54-bed0eeb90888_config-0] Register server push request handler:com.alibaba.nacos.common.remote.client.RpcClient$$Lambda$606/0x000001f3c3448440
2025-11-07 20:19:01.690 [main] INFO  com.alibaba.nacos.client.config.impl.Limiter - limitTime:5.0
2025-11-07 20:19:01.706 [main] WARN  c.a.cloud.nacos.client.NacosPropertySourceBuilder - Ignore the empty nacos configuration and get it based on dataId[xiaohashu-user] & group[DEFAULT_GROUP]
2025-11-07 20:19:01.711 [main] WARN  c.a.cloud.nacos.client.NacosPropertySourceBuilder - Ignore the empty nacos configuration and get it based on dataId[xiaohashu-user.properties] & group[DEFAULT_GROUP]
2025-11-07 20:19:01.715 [main] WARN  c.a.cloud.nacos.client.NacosPropertySourceBuilder - Ignore the empty nacos configuration and get it based on dataId[xiaohashu-user-dev.properties] & group[DEFAULT_GROUP]
2025-11-07 20:19:01.715 [main] INFO  o.s.c.b.c.PropertySourceBootstrapConfiguration - Located property source: [BootstrapPropertySource {name='bootstrapProperties-xiaohashu-user-dev.properties,DEFAULT_GROUP'}, BootstrapPropertySource {name='bootstrapProperties-xiaohashu-user.properties,DEFAULT_GROUP'}, BootstrapPropertySource {name='bootstrapProperties-xiaohashu-user,DEFAULT_GROUP'}]
2025-11-07 20:19:01.734 [main] WARN  com.alibaba.nacos.client.logging.NacosLogging - Load Logback Configuration of Nacos fail, message: Could not initialize Logback Nacos logging from classpath:nacos-logback.xml
2025-11-07 20:19:01.735 [main] INFO  c.q.xiaohashu.user.biz.XiaohashuUserBizApplication - The following 1 profile is active: "dev"
2025-11-07 20:19:02.282 [main] INFO  o.s.d.r.config.RepositoryConfigurationDelegate - Multiple Spring Data modules found, entering strict repository configuration mode
2025-11-07 20:19:02.284 [main] INFO  o.s.d.r.config.RepositoryConfigurationDelegate - Bootstrapping Spring Data Redis repositories in DEFAULT mode.
2025-11-07 20:19:02.308 [main] INFO  o.s.d.r.config.RepositoryConfigurationDelegate - Finished Spring Data repository scanning in 10 ms. Found 0 Redis repository interfaces.
2025-11-07 20:19:02.482 [main] INFO  o.springframework.cloud.context.scope.GenericScope - BeanFactory id=cae95a84-6a75-32ef-8d47-15a199037aaf
2025-11-07 20:19:02.508 [main] INFO  o.s.c.s.PostProcessorRegistrationDelegate$BeanPostProcessorChecker - Bean 'com.quanxiaoha.xiaohashu.distributed.id.generator.api.DistributedIdGeneratorFeignApi' of type [org.springframework.cloud.openfeign.FeignClientFactoryBean] is not eligible for getting processed by all BeanPostProcessors (for example: not eligible for auto-proxying)
2025-11-07 20:19:02.509 [main] INFO  o.s.c.s.PostProcessorRegistrationDelegate$BeanPostProcessorChecker - Bean 'com.quanxiaoha.xiaohashu.oss.api.FileFeignApi' of type [org.springframework.cloud.openfeign.FeignClientFactoryBean] is not eligible for getting processed by all BeanPostProcessors (for example: not eligible for auto-proxying)
2025-11-07 20:19:02.510 [main] INFO  o.s.c.s.PostProcessorRegistrationDelegate$BeanPostProcessorChecker - Bean 'com.quanxiaoha.xiaohashu.user.api.UserFeignApi' of type [org.springframework.cloud.openfeign.FeignClientFactoryBean] is not eligible for getting processed by all BeanPostProcessors (for example: not eligible for auto-proxying)
2025-11-07 20:19:02.846 [main] INFO  o.s.boot.web.embedded.tomcat.TomcatWebServer - Tomcat initialized with port(s): 0 (http)
2025-11-07 20:19:02.856 [main] INFO  org.apache.catalina.core.StandardService - Starting service [Tomcat]
2025-11-07 20:19:02.857 [main] INFO  org.apache.catalina.core.StandardEngine - Starting Servlet engine: [Apache Tomcat/10.1.5]
2025-11-07 20:19:02.952 [main] INFO  o.a.c.core.ContainerBase.[Tomcat].[localhost].[/] - Initializing Spring embedded WebApplicationContext
2025-11-07 20:19:02.953 [main] INFO  o.s.b.w.s.c.ServletWebServerApplicationContext - Root WebApplicationContext: initialization completed in 1204 ms
2025-11-07 20:19:03.273 [main] INFO  o.s.cloud.openfeign.FeignClientFactoryBean - For 'xiaohashu-oss' URL not provided. Will try picking an instance via load-balancing.
2025-11-07 20:19:03.309 [main] INFO  c.a.d.s.b.a.DruidDataSourceAutoConfigure - Init DruidDataSource
2025-11-07 20:19:03.582 [main] INFO  com.alibaba.druid.pool.DruidDataSource - {dataSource-1} inited
2025-11-07 20:19:03.887 [main] INFO  o.s.cloud.openfeign.FeignClientFactoryBean - For 'xiaohashu-distributed-id-generator' URL not provided. Will try picking an instance via load-balancing.
2025-11-07 20:19:05.394 [main] INFO  org.springframework.cloud.commons.util.InetUtils - Cannot determine local hostname
2025-11-07 20:19:07.000 [main] INFO  org.springframework.cloud.commons.util.InetUtils - Cannot determine local hostname
2025-11-07 20:19:07.103 [main] INFO  o.s.boot.web.embedded.tomcat.TomcatWebServer - Tomcat started on port(s): 4815 (http) with context path ''
2025-11-07 20:19:07.106 [main] INFO  com.alibaba.nacos.client.naming - initializer namespace from ans.namespace attribute : null
2025-11-07 20:19:07.106 [main] INFO  com.alibaba.nacos.client.naming - initializer namespace from ALIBABA_ALIWARE_NAMESPACE attribute :null
2025-11-07 20:19:07.107 [main] INFO  com.alibaba.nacos.client.naming - initializer namespace from namespace attribute :null
2025-11-07 20:19:07.113 [main] INFO  c.a.n.p.auth.spi.client.ClientAuthPluginManager - [ClientAuthPluginManager] Load ClientAuthService com.alibaba.nacos.client.auth.impl.NacosClientAuthServiceImpl success.
2025-11-07 20:19:07.113 [main] INFO  c.a.n.p.auth.spi.client.ClientAuthPluginManager - [ClientAuthPluginManager] Load ClientAuthService com.alibaba.nacos.client.auth.ram.RamClientAuthServiceImpl success.
2025-11-07 20:19:07.116 [main] INFO  com.alibaba.nacos.common.remote.client - [RpcClientFactory] create a new rpc client of 42e74f1b-322f-4bb7-8840-8fd9f9280101
2025-11-07 20:19:07.117 [main] INFO  com.alibaba.nacos.common.remote.client - [42e74f1b-322f-4bb7-8840-8fd9f9280101] RpcClient init, ServerListFactory = com.alibaba.nacos.client.naming.core.ServerListManager
2025-11-07 20:19:07.117 [main] INFO  com.alibaba.nacos.common.remote.client - [42e74f1b-322f-4bb7-8840-8fd9f9280101] Registry connection listener to current client:com.alibaba.nacos.client.naming.remote.gprc.redo.NamingGrpcRedoService
2025-11-07 20:19:07.117 [main] INFO  com.alibaba.nacos.common.remote.client - [42e74f1b-322f-4bb7-8840-8fd9f9280101] Register server push request handler:com.alibaba.nacos.client.naming.remote.gprc.NamingPushRequestHandler
2025-11-07 20:19:07.117 [main] INFO  com.alibaba.nacos.common.remote.client - [42e74f1b-322f-4bb7-8840-8fd9f9280101] Try to connect to server on start up, server: {serverIp = '127.0.0.1', server main port = 8848}
2025-11-07 20:19:07.118 [main] INFO  c.a.nacos.common.remote.client.grpc.GrpcClient - grpc client connection server:127.0.0.1 ip,serverPort:9848,grpcTslConfig:{"sslProvider":"OPENSSL","enableTls":false,"mutualAuthEnable":false,"trustAll":false}
2025-11-07 20:19:07.237 [main] INFO  com.alibaba.nacos.common.remote.client - [42e74f1b-322f-4bb7-8840-8fd9f9280101] Success to connect to server [127.0.0.1:8848] on start up, connectionId = 1762517947122_127.0.0.1_4816
2025-11-07 20:19:07.237 [com.alibaba.nacos.client.remote.worker] INFO  com.alibaba.nacos.common.remote.client - [42e74f1b-322f-4bb7-8840-8fd9f9280101] Notify connected event to listeners.
2025-11-07 20:19:07.237 [main] INFO  com.alibaba.nacos.common.remote.client - [42e74f1b-322f-4bb7-8840-8fd9f9280101] Register server push request handler:com.alibaba.nacos.common.remote.client.RpcClient$ConnectResetRequestHandler
2025-11-07 20:19:07.237 [com.alibaba.nacos.client.remote.worker] INFO  com.alibaba.nacos.client.naming - Grpc connection connect
2025-11-07 20:19:07.237 [main] INFO  com.alibaba.nacos.common.remote.client - [42e74f1b-322f-4bb7-8840-8fd9f9280101] Register server push request handler:com.alibaba.nacos.common.remote.client.RpcClient$$Lambda$606/0x000001f3c3448440
2025-11-07 20:19:07.238 [main] INFO  com.alibaba.nacos.client.naming - [REGISTER-SERVICE] xiaohashu registering service xiaohashu-user with instance Instance{instanceId='null', ip='192.168.134.1', port=4815, weight=1.0, healthy=true, enabled=true, ephemeral=true, clusterName='DEFAULT', serviceName='null', metadata={IPv6=null, preserved.register.source=SPRING_CLOUD}}
2025-11-07 20:19:07.249 [main] INFO  c.a.cloud.nacos.registry.NacosServiceRegistry - nacos registry, DEFAULT_GROUP xiaohashu-user 192.168.134.1:4815 register finished
2025-11-07 20:19:08.512 [main] INFO  org.springframework.cloud.commons.util.InetUtils - Cannot determine local hostname
2025-11-07 20:19:08.522 [main] INFO  c.q.xiaohashu.user.biz.XiaohashuUserBizApplication - Started XiaohashuUserBizApplication in 10.625 seconds (process running for 11.112)
2025-11-07 20:19:08.523 [main] INFO  c.q.x.u.biz.runner.PushRolePermissions2RedisRunner - ==> 服务启动，开始同步角色权限数据到 Redis 中...
2025-11-07 20:19:08.947 [main] DEBUG c.q.x.u.b.d.mapper.RoleDOMapper.selectEnabledList - ==>  Preparing: select id, role_key, role_name from t_role where status = 0 and is_deleted = 0
2025-11-07 20:19:09.030 [main] DEBUG c.q.x.u.b.d.mapper.RoleDOMapper.selectEnabledList - ==> Parameters: 
2025-11-07 20:19:09.045 [main] DEBUG c.q.x.u.b.d.mapper.RoleDOMapper.selectEnabledList - <==      Total: 1
2025-11-07 20:19:09.060 [main] DEBUG c.q.x.u.b.d.m.R.selectByRoleIds - ==>  Preparing: select role_id, permission_id from t_role_permission_rel where role_id in ( ? )
2025-11-07 20:19:09.062 [main] DEBUG c.q.x.u.b.d.m.R.selectByRoleIds - ==> Parameters: 1(Long)
2025-11-07 20:19:09.066 [main] DEBUG c.q.x.u.b.d.m.R.selectByRoleIds - <==      Total: 2
2025-11-07 20:19:09.068 [main] DEBUG c.q.x.u.b.d.m.P.selectAppEnabledList - ==>  Preparing: select id, name, permission_key from t_permission where status = 0 and type = 3 and is_deleted = 0
2025-11-07 20:19:09.069 [main] DEBUG c.q.x.u.b.d.m.P.selectAppEnabledList - ==> Parameters: 
2025-11-07 20:19:09.071 [main] DEBUG c.q.x.u.b.d.m.P.selectAppEnabledList - <==      Total: 2
2025-11-07 20:19:09.079 [main] INFO  c.q.x.u.biz.runner.PushRolePermissions2RedisRunner - ==> 服务启动，成功同步角色权限数据到 Redis 中...
2025-11-07 20:19:09.081 [main] INFO  com.alibaba.nacos.client.config.impl.CacheData - nacos.cache.data.init.snapshot = true 
2025-11-07 20:19:09.081 [main] INFO  com.alibaba.nacos.client.config.impl.ClientWorker - [fixed-127.0.0.1_8848] [subscribe] xiaohashu-user+DEFAULT_GROUP
2025-11-07 20:19:09.084 [main] INFO  com.alibaba.nacos.client.config.impl.CacheData - [fixed-127.0.0.1_8848] [add-listener] ok, tenant=, dataId=xiaohashu-user, group=DEFAULT_GROUP, cnt=1
2025-11-07 20:19:09.085 [main] INFO  c.a.cloud.nacos.refresh.NacosContextRefresher - [Nacos Config] Listening config: dataId=xiaohashu-user, group=DEFAULT_GROUP
2025-11-07 20:19:09.085 [main] INFO  com.alibaba.nacos.client.config.impl.ClientWorker - [fixed-127.0.0.1_8848] [subscribe] xiaohashu-user.properties+DEFAULT_GROUP
2025-11-07 20:19:09.085 [main] INFO  com.alibaba.nacos.client.config.impl.CacheData - [fixed-127.0.0.1_8848] [add-listener] ok, tenant=, dataId=xiaohashu-user.properties, group=DEFAULT_GROUP, cnt=1
2025-11-07 20:19:09.085 [main] INFO  c.a.cloud.nacos.refresh.NacosContextRefresher - [Nacos Config] Listening config: dataId=xiaohashu-user.properties, group=DEFAULT_GROUP
2025-11-07 20:19:09.085 [main] INFO  com.alibaba.nacos.client.config.impl.ClientWorker - [fixed-127.0.0.1_8848] [subscribe] xiaohashu-user-dev.properties+DEFAULT_GROUP
2025-11-07 20:19:09.085 [main] INFO  com.alibaba.nacos.client.config.impl.CacheData - [fixed-127.0.0.1_8848] [add-listener] ok, tenant=, dataId=xiaohashu-user-dev.properties, group=DEFAULT_GROUP, cnt=1
2025-11-07 20:19:09.085 [main] INFO  c.a.cloud.nacos.refresh.NacosContextRefresher - [Nacos Config] Listening config: dataId=xiaohashu-user-dev.properties, group=DEFAULT_GROUP
2025-11-07 20:24:15.599 [http-nio-auto-1-exec-1] INFO  org.springframework.web.servlet.DispatcherServlet - Initializing Servlet 'dispatcherServlet'
2025-11-07 20:24:15.608 [http-nio-auto-1-exec-1] INFO  org.springframework.web.servlet.DispatcherServlet - Completed initialization in 5 ms
2025-11-07 20:24:15.617 [http-nio-auto-1-exec-1] INFO  c.q.x.user.biz.filter.HeaderUserId2ContextFilter - ## HeaderUserId2ContextFilter, 用户 ID: null
2025-11-07 20:24:15.765 [http-nio-auto-1-exec-1] INFO  c.q.f.b.operationlog.aspect.ApiOperationLogAspect - ====== 请求开始: [手机号查询用户信息], 入参: {"phone":"18617685129"}, 请求类: UserController, 请求方法: findByPhone =================================== 
2025-11-07 20:24:15.768 [http-nio-auto-1-exec-1] DEBUG c.q.x.u.b.domain.mapper.UserDOMapper.selectByPhone - ==>  Preparing: select id, password from t_user where phone = ?
2025-11-07 20:24:15.770 [http-nio-auto-1-exec-1] DEBUG c.q.x.u.b.domain.mapper.UserDOMapper.selectByPhone - ==> Parameters: 18617685129(String)
2025-11-07 20:24:15.776 [http-nio-auto-1-exec-1] DEBUG c.q.x.u.b.domain.mapper.UserDOMapper.selectByPhone - <==      Total: 1
2025-11-07 20:24:15.780 [http-nio-auto-1-exec-1] INFO  c.q.f.b.operationlog.aspect.ApiOperationLogAspect - ====== 请求结束: [手机号查询用户信息], 耗时: 15ms, 出参: {"success":true,"message":null,"errorCode":null,"data":{"id":5,"password":"$2a$10$Egt23Gsf5d6jLyasoncqeusVCVIss2jaB3nI4.NNT9A/bj01mSVmG"}} =================================== 
2025-11-07 20:42:29.589 [http-nio-auto-1-exec-3] INFO  c.q.x.user.biz.filter.HeaderUserId2ContextFilter - ## HeaderUserId2ContextFilter, 用户 ID: 5
2025-11-07 20:42:29.589 [http-nio-auto-1-exec-3] INFO  c.q.x.user.biz.filter.HeaderUserId2ContextFilter - ===== 设置 userId 到 ThreadLocal 中， 用户 ID: 5
2025-11-07 20:42:29.601 [http-nio-auto-1-exec-3] INFO  c.q.f.b.operationlog.aspect.ApiOperationLogAspect - ====== 请求开始: [查询用户信息], 入参: {"id":11}, 请求类: UserController, 请求方法: findById =================================== 
2025-11-07 20:42:29.615 [http-nio-auto-1-exec-3] DEBUG c.q.x.u.b.d.mapper.UserDOMapper.selectByPrimaryKey - ==>  Preparing: select id, xiaohashu_id, `password`, nickname, avatar, birthday, background_img, phone, sex, `status`, introduction, create_time, update_time, is_deleted from t_user where id = ?
2025-11-07 20:42:29.617 [http-nio-auto-1-exec-3] DEBUG c.q.x.u.b.d.mapper.UserDOMapper.selectByPrimaryKey - ==> Parameters: 11(Long)
2025-11-07 20:42:29.629 [http-nio-auto-1-exec-3] DEBUG c.q.x.u.b.d.mapper.UserDOMapper.selectByPrimaryKey - <==      Total: 1
2025-11-07 20:42:29.635 [http-nio-auto-1-exec-3] INFO  c.q.f.b.operationlog.aspect.ApiOperationLogAspect - ====== 请求结束: [查询用户信息], 耗时: 33ms, 出参: {"success":true,"message":null,"errorCode":null,"data":{"id":11,"nickName":"小红薯4","avatar":null,"introduction":null}} =================================== 
2025-11-07 20:42:29.636 [http-nio-auto-1-exec-3] INFO  c.q.x.user.biz.filter.HeaderUserId2ContextFilter - ===== 删除 ThreadLocal， userId: 5
2025-11-07 20:50:01.231 [http-nio-auto-1-exec-5] INFO  c.q.x.user.biz.filter.HeaderUserId2ContextFilter - ## HeaderUserId2ContextFilter, 用户 ID: 5
2025-11-07 20:50:01.232 [http-nio-auto-1-exec-5] INFO  c.q.x.user.biz.filter.HeaderUserId2ContextFilter - ===== 设置 userId 到 ThreadLocal 中， 用户 ID: 5
2025-11-07 20:50:01.236 [http-nio-auto-1-exec-5] INFO  c.q.f.b.operationlog.aspect.ApiOperationLogAspect - ====== 请求开始: [查询用户信息], 入参: {"id":11}, 请求类: UserController, 请求方法: findById =================================== 
2025-11-07 20:50:01.261 [http-nio-auto-1-exec-5] INFO  c.q.f.b.operationlog.aspect.ApiOperationLogAspect - ====== 请求结束: [查询用户信息], 耗时: 25ms, 出参: {"success":true,"message":null,"errorCode":null,"data":{"id":11,"nickName":"小红薯4","avatar":null,"introduction":null}} =================================== 
2025-11-07 20:50:01.264 [http-nio-auto-1-exec-5] INFO  c.q.x.user.biz.filter.HeaderUserId2ContextFilter - ===== 删除 ThreadLocal， userId: 5
2025-11-07 23:03:10.745 [http-nio-auto-1-exec-7] INFO  c.q.x.user.biz.filter.HeaderUserId2ContextFilter - ## HeaderUserId2ContextFilter, 用户 ID: 5
2025-11-07 23:03:10.753 [http-nio-auto-1-exec-7] INFO  c.q.x.user.biz.filter.HeaderUserId2ContextFilter - ===== 设置 userId 到 ThreadLocal 中， 用户 ID: 5
2025-11-07 23:03:10.820 [http-nio-auto-1-exec-7] INFO  c.q.f.b.operationlog.aspect.ApiOperationLogAspect - ====== 请求开始: [查询用户信息], 入参: {"id":6}, 请求类: UserController, 请求方法: findById =================================== 
2025-11-07 23:03:10.880 [http-nio-auto-1-exec-7] DEBUG c.q.x.u.b.d.mapper.UserDOMapper.selectByPrimaryKey - ==>  Preparing: select id, xiaohashu_id, `password`, nickname, avatar, birthday, background_img, phone, sex, `status`, introduction, create_time, update_time, is_deleted from t_user where id = ?
2025-11-07 23:03:10.892 [http-nio-auto-1-exec-7] DEBUG c.q.x.u.b.d.mapper.UserDOMapper.selectByPrimaryKey - ==> Parameters: 6(Long)
2025-11-07 23:03:10.899 [http-nio-auto-1-exec-7] DEBUG c.q.x.u.b.d.mapper.UserDOMapper.selectByPrimaryKey - <==      Total: 1
2025-11-07 23:03:10.902 [http-nio-auto-1-exec-7] INFO  c.q.f.b.operationlog.aspect.ApiOperationLogAspect - ====== 请求结束: [查询用户信息], 耗时: 84ms, 出参: {"success":true,"message":null,"errorCode":null,"data":{"id":6,"nickName":"犬小哈","avatar":null,"introduction":null}} =================================== 
2025-11-07 23:03:10.924 [http-nio-auto-1-exec-7] INFO  c.q.x.user.biz.filter.HeaderUserId2ContextFilter - ===== 删除 ThreadLocal， userId: 5
2025-11-07 23:14:24.744 [http-nio-auto-1-exec-9] INFO  c.q.x.user.biz.filter.HeaderUserId2ContextFilter - ## HeaderUserId2ContextFilter, 用户 ID: 5
2025-11-07 23:14:24.744 [http-nio-auto-1-exec-9] INFO  c.q.x.user.biz.filter.HeaderUserId2ContextFilter - ===== 设置 userId 到 ThreadLocal 中， 用户 ID: 5
2025-11-07 23:14:24.746 [http-nio-auto-1-exec-9] INFO  c.q.f.b.operationlog.aspect.ApiOperationLogAspect - ====== 请求开始: [查询用户信息], 入参: {"id":12}, 请求类: UserController, 请求方法: findById =================================== 
2025-11-07 23:14:24.749 [http-nio-auto-1-exec-9] DEBUG c.q.x.u.b.d.mapper.UserDOMapper.selectByPrimaryKey - ==>  Preparing: select id, xiaohashu_id, `password`, nickname, avatar, birthday, background_img, phone, sex, `status`, introduction, create_time, update_time, is_deleted from t_user where id = ?
2025-11-07 23:14:24.750 [http-nio-auto-1-exec-9] DEBUG c.q.x.u.b.d.mapper.UserDOMapper.selectByPrimaryKey - ==> Parameters: 12(Long)
2025-11-07 23:14:24.758 [http-nio-auto-1-exec-9] DEBUG c.q.x.u.b.d.mapper.UserDOMapper.selectByPrimaryKey - <==      Total: 1
2025-11-07 23:14:24.759 [http-nio-auto-1-exec-9] INFO  c.q.f.b.operationlog.aspect.ApiOperationLogAspect - ====== 请求结束: [查询用户信息], 耗时: 13ms, 出参: {"success":true,"message":null,"errorCode":null,"data":{"id":12,"nickName":"小红薯10100","avatar":null,"introduction":null}} =================================== 
2025-11-07 23:14:24.760 [http-nio-auto-1-exec-9] INFO  c.q.x.user.biz.filter.HeaderUserId2ContextFilter - ===== 删除 ThreadLocal， userId: 5
