2025-11-05 21:10:23.199 [main] WARN  com.alibaba.nacos.client.logging.NacosLogging - Load Logback Configuration of Nacos fail, message: Could not initialize Logback Nacos logging from classpath:nacos-logback.xml
2025-11-05 21:10:23.239 [main] WARN  com.alibaba.nacos.client.logging.NacosLogging - Load Logback Configuration of Nacos fail, message: Could not initialize Logback Nacos logging from classpath:nacos-logback.xml
2025-11-05 21:10:24.586 [main] WARN  com.alibaba.nacos.client.logging.NacosLogging - Load Logback Configuration of Nacos fail, message: Could not initialize Logback Nacos logging from classpath:nacos-logback.xml
2025-11-05 21:10:24.593 [main] WARN  com.alibaba.nacos.client.logging.NacosLogging - Load Logback Configuration of Nacos fail, message: Could not initialize Logback Nacos logging from classpath:nacos-logback.xml
2025-11-05 21:10:24.594 [main] INFO  c.q.xiaohashu.user.biz.XiaohashuUserBizApplication - The following 1 profile is active: "dev"
2025-11-05 21:10:24.969 [main] INFO  o.s.d.r.config.RepositoryConfigurationDelegate - Multiple Spring Data modules found, entering strict repository configuration mode
2025-11-05 21:10:24.971 [main] INFO  o.s.d.r.config.RepositoryConfigurationDelegate - Bootstrapping Spring Data Redis repositories in DEFAULT mode.
2025-11-05 21:10:24.984 [main] INFO  o.s.d.r.config.RepositoryConfigurationDelegate - Finished Spring Data repository scanning in 5 ms. Found 0 Redis repository interfaces.
2025-11-05 21:10:25.108 [main] INFO  o.springframework.cloud.context.scope.GenericScope - BeanFactory id=908e866b-89de-3247-a7c9-1c9ea1cfbb6a
2025-11-05 21:10:25.128 [main] INFO  o.s.c.s.PostProcessorRegistrationDelegate$BeanPostProcessorChecker - Bean 'com.quanxiaoha.xiaohashu.distributed.id.generator.api.DistributedIdGeneratorFeignApi' of type [org.springframework.cloud.openfeign.FeignClientFactoryBean] is not eligible for getting processed by all BeanPostProcessors (for example: not eligible for auto-proxying)
2025-11-05 21:10:25.129 [main] INFO  o.s.c.s.PostProcessorRegistrationDelegate$BeanPostProcessorChecker - Bean 'com.quanxiaoha.xiaohashu.oss.api.FileFeignApi' of type [org.springframework.cloud.openfeign.FeignClientFactoryBean] is not eligible for getting processed by all BeanPostProcessors (for example: not eligible for auto-proxying)
2025-11-05 21:10:25.130 [main] INFO  o.s.c.s.PostProcessorRegistrationDelegate$BeanPostProcessorChecker - Bean 'com.quanxiaoha.xiaohashu.user.api.UserFeignApi' of type [org.springframework.cloud.openfeign.FeignClientFactoryBean] is not eligible for getting processed by all BeanPostProcessors (for example: not eligible for auto-proxying)
2025-11-05 21:10:25.359 [main] INFO  o.s.boot.web.embedded.tomcat.TomcatWebServer - Tomcat initialized with port(s): 0 (http)
2025-11-05 21:10:25.365 [main] INFO  org.apache.catalina.core.StandardService - Starting service [Tomcat]
2025-11-05 21:10:25.365 [main] INFO  org.apache.catalina.core.StandardEngine - Starting Servlet engine: [Apache Tomcat/10.1.5]
2025-11-05 21:10:25.441 [main] INFO  o.a.c.core.ContainerBase.[Tomcat].[localhost].[/] - Initializing Spring embedded WebApplicationContext
2025-11-05 21:10:25.441 [main] INFO  o.s.b.w.s.c.ServletWebServerApplicationContext - Root WebApplicationContext: initialization completed in 831 ms
2025-11-05 21:10:25.657 [main] INFO  o.s.cloud.openfeign.FeignClientFactoryBean - For 'xiaohashu-oss' URL not provided. Will try picking an instance via load-balancing.
2025-11-05 21:10:25.687 [main] INFO  c.a.d.s.b.a.DruidDataSourceAutoConfigure - Init DruidDataSource
2025-11-05 21:10:25.868 [main] INFO  com.alibaba.druid.pool.DruidDataSource - {dataSource-1} inited
2025-11-05 21:10:26.048 [main] INFO  o.s.cloud.openfeign.FeignClientFactoryBean - For 'xiaohashu-distributed-id-generator' URL not provided. Will try picking an instance via load-balancing.
2025-11-05 21:10:27.359 [main] INFO  org.springframework.cloud.commons.util.InetUtils - Cannot determine local hostname
2025-11-05 21:10:28.727 [main] INFO  org.springframework.cloud.commons.util.InetUtils - Cannot determine local hostname
2025-11-05 21:10:28.790 [main] INFO  o.s.boot.web.embedded.tomcat.TomcatWebServer - Tomcat started on port(s): 6933 (http) with context path ''
2025-11-05 21:10:28.794 [main] WARN  com.alibaba.nacos.client.logging.NacosLogging - Load Logback Configuration of Nacos fail, message: Could not initialize Logback Nacos logging from classpath:nacos-logback.xml
2025-11-05 21:10:28.794 [main] INFO  com.alibaba.nacos.client.naming - initializer namespace from ans.namespace attribute : null
2025-11-05 21:10:28.794 [main] INFO  com.alibaba.nacos.client.naming - initializer namespace from ALIBABA_ALIWARE_NAMESPACE attribute :null
2025-11-05 21:10:28.794 [main] INFO  com.alibaba.nacos.client.naming - initializer namespace from namespace attribute :null
2025-11-05 21:10:28.806 [main] INFO  com.alibaba.nacos.client.utils.ParamUtil - [settings] [req-serv] nacos-server port:8848
2025-11-05 21:10:28.806 [main] INFO  com.alibaba.nacos.client.utils.ParamUtil - [settings] [http-client] connect timeout:1000
2025-11-05 21:10:28.807 [main] INFO  com.alibaba.nacos.client.utils.ParamUtil - PER_TASK_CONFIG_SIZE: 3000.0
2025-11-05 21:10:28.809 [main] INFO  c.a.n.p.auth.spi.client.ClientAuthPluginManager - [ClientAuthPluginManager] Load ClientAuthService com.alibaba.nacos.client.auth.impl.NacosClientAuthServiceImpl success.
2025-11-05 21:10:28.809 [main] INFO  c.a.n.p.auth.spi.client.ClientAuthPluginManager - [ClientAuthPluginManager] Load ClientAuthService com.alibaba.nacos.client.auth.ram.RamClientAuthServiceImpl success.
2025-11-05 21:10:28.811 [main] INFO  c.a.n.client.auth.ram.identify.CredentialWatcher - null No credential found
2025-11-05 21:10:28.814 [main] INFO  com.alibaba.nacos.common.remote.client - [RpcClientFactory] create a new rpc client of 2e59d3d9-31d7-4d4b-b2bf-561e72c349d3
2025-11-05 21:10:28.825 [main] INFO  com.alibaba.nacos.common.remote.client - [2e59d3d9-31d7-4d4b-b2bf-561e72c349d3] RpcClient init, ServerListFactory = com.alibaba.nacos.client.naming.core.ServerListManager
2025-11-05 21:10:28.825 [main] INFO  com.alibaba.nacos.common.remote.client - [2e59d3d9-31d7-4d4b-b2bf-561e72c349d3] Registry connection listener to current client:com.alibaba.nacos.client.naming.remote.gprc.redo.NamingGrpcRedoService
2025-11-05 21:10:28.825 [main] INFO  com.alibaba.nacos.common.remote.client - [2e59d3d9-31d7-4d4b-b2bf-561e72c349d3] Register server push request handler:com.alibaba.nacos.client.naming.remote.gprc.NamingPushRequestHandler
2025-11-05 21:10:28.827 [main] INFO  com.alibaba.nacos.common.remote.client - [2e59d3d9-31d7-4d4b-b2bf-561e72c349d3] Try to connect to server on start up, server: {serverIp = '127.0.0.1', server main port = 8848}
2025-11-05 21:10:28.845 [main] INFO  c.a.nacos.common.remote.client.grpc.GrpcClient - grpc client connection server:127.0.0.1 ip,serverPort:9848,grpcTslConfig:{"sslProvider":"OPENSSL","enableTls":false,"mutualAuthEnable":false,"trustAll":false}
2025-11-05 21:10:29.467 [main] INFO  com.alibaba.nacos.common.remote.client - [2e59d3d9-31d7-4d4b-b2bf-561e72c349d3] Success to connect to server [127.0.0.1:8848] on start up, connectionId = 1762348229301_127.0.0.1_6934
2025-11-05 21:10:29.468 [com.alibaba.nacos.client.remote.worker] INFO  com.alibaba.nacos.common.remote.client - [2e59d3d9-31d7-4d4b-b2bf-561e72c349d3] Notify connected event to listeners.
2025-11-05 21:10:29.469 [com.alibaba.nacos.client.remote.worker] INFO  com.alibaba.nacos.client.naming - Grpc connection connect
2025-11-05 21:10:29.469 [main] INFO  com.alibaba.nacos.common.remote.client - [2e59d3d9-31d7-4d4b-b2bf-561e72c349d3] Register server push request handler:com.alibaba.nacos.common.remote.client.RpcClient$ConnectResetRequestHandler
2025-11-05 21:10:29.469 [main] INFO  com.alibaba.nacos.common.remote.client - [2e59d3d9-31d7-4d4b-b2bf-561e72c349d3] Register server push request handler:com.alibaba.nacos.common.remote.client.RpcClient$$Lambda$1262/0x00000192817bc718
2025-11-05 21:10:29.470 [main] INFO  com.alibaba.nacos.client.naming - [REGISTER-SERVICE] xiaohashu registering service xiaohashu-user with instance Instance{instanceId='null', ip='192.168.134.1', port=6933, weight=1.0, healthy=true, enabled=true, ephemeral=true, clusterName='DEFAULT', serviceName='null', metadata={IPv6=null, preserved.register.source=SPRING_CLOUD}}
2025-11-05 21:10:29.484 [main] INFO  c.a.cloud.nacos.registry.NacosServiceRegistry - nacos registry, DEFAULT_GROUP xiaohashu-user 192.168.134.1:6933 register finished
2025-11-05 21:10:30.636 [main] INFO  org.springframework.cloud.commons.util.InetUtils - Cannot determine local hostname
2025-11-05 21:10:30.642 [main] INFO  c.q.xiaohashu.user.biz.XiaohashuUserBizApplication - Started XiaohashuUserBizApplication in 8.969 seconds (process running for 9.412)
2025-11-05 21:10:30.642 [main] INFO  c.q.x.u.biz.runner.PushRolePermissions2RedisRunner - ==> 服务启动，开始同步角色权限数据到 Redis 中...
2025-11-05 21:10:30.948 [main] DEBUG c.q.x.u.b.d.mapper.RoleDOMapper.selectEnabledList - ==>  Preparing: select id, role_key, role_name from t_role where status = 0 and is_deleted = 0
2025-11-05 21:10:31.018 [main] DEBUG c.q.x.u.b.d.mapper.RoleDOMapper.selectEnabledList - ==> Parameters: 
2025-11-05 21:10:31.029 [main] DEBUG c.q.x.u.b.d.mapper.RoleDOMapper.selectEnabledList - <==      Total: 1
2025-11-05 21:10:31.041 [main] DEBUG c.q.x.u.b.d.m.R.selectByRoleIds - ==>  Preparing: select role_id, permission_id from t_role_permission_rel where role_id in ( ? )
2025-11-05 21:10:31.042 [main] DEBUG c.q.x.u.b.d.m.R.selectByRoleIds - ==> Parameters: 1(Long)
2025-11-05 21:10:31.045 [main] DEBUG c.q.x.u.b.d.m.R.selectByRoleIds - <==      Total: 2
2025-11-05 21:10:31.046 [main] DEBUG c.q.x.u.b.d.m.P.selectAppEnabledList - ==>  Preparing: select id, name, permission_key from t_permission where status = 0 and type = 3 and is_deleted = 0
2025-11-05 21:10:31.047 [main] DEBUG c.q.x.u.b.d.m.P.selectAppEnabledList - ==> Parameters: 
2025-11-05 21:10:31.049 [main] DEBUG c.q.x.u.b.d.m.P.selectAppEnabledList - <==      Total: 2
2025-11-05 21:10:31.055 [main] INFO  c.q.x.u.biz.runner.PushRolePermissions2RedisRunner - ==> 服务启动，成功同步角色权限数据到 Redis 中...
2025-11-05 21:14:38.622 [http-nio-auto-1-exec-1] INFO  org.springframework.web.servlet.DispatcherServlet - Initializing Servlet 'dispatcherServlet'
2025-11-05 21:14:38.628 [http-nio-auto-1-exec-1] INFO  org.springframework.web.servlet.DispatcherServlet - Completed initialization in 5 ms
2025-11-05 21:14:38.638 [http-nio-auto-1-exec-1] INFO  c.q.x.user.biz.filter.HeaderUserId2ContextFilter - ## HeaderUserId2ContextFilter, 用户 ID: null
2025-11-05 21:14:38.780 [http-nio-auto-1-exec-1] INFO  c.q.f.b.operationlog.aspect.ApiOperationLogAspect - ====== 请求开始: [查询用户信息], 入参: {"id":11}, 请求类: UserController, 请求方法: findById =================================== 
2025-11-05 21:14:38.789 [http-nio-auto-1-exec-1] DEBUG c.q.x.u.b.d.mapper.UserDOMapper.selectByPrimaryKey - ==>  Preparing: select id, xiaohashu_id, `password`, nickname, avatar, birthday, background_img, phone, sex, `status`, introduction, create_time, update_time, is_deleted from t_user where id = ?
2025-11-05 21:14:38.791 [http-nio-auto-1-exec-1] DEBUG c.q.x.u.b.d.mapper.UserDOMapper.selectByPrimaryKey - ==> Parameters: 11(Long)
2025-11-05 21:14:38.801 [http-nio-auto-1-exec-1] DEBUG c.q.x.u.b.d.mapper.UserDOMapper.selectByPrimaryKey - <==      Total: 1
2025-11-05 21:14:38.808 [http-nio-auto-1-exec-1] INFO  c.q.f.b.operationlog.aspect.ApiOperationLogAspect - ====== 请求结束: [查询用户信息], 耗时: 28ms, 出参: {"success":true,"message":null,"errorCode":null,"data":{"id":11,"nickName":"小红薯4","avatar":null}} =================================== 
