2025-11-05 12:04:18.002 [main] WARN  com.alibaba.nacos.client.logging.NacosLogging - Load Logback Configuration of Nacos fail, message: Could not initialize Logback Nacos logging from classpath:nacos-logback.xml
2025-11-05 12:04:18.049 [main] WARN  com.alibaba.nacos.client.logging.NacosLogging - Load Logback Configuration of Nacos fail, message: Could not initialize Logback Nacos logging from classpath:nacos-logback.xml
2025-11-05 12:04:19.408 [main] WARN  com.alibaba.nacos.client.logging.NacosLogging - Load Logback Configuration of Nacos fail, message: Could not initialize Logback Nacos logging from classpath:nacos-logback.xml
2025-11-05 12:04:19.417 [main] WARN  com.alibaba.nacos.client.logging.NacosLogging - Load Logback Configuration of Nacos fail, message: Could not initialize Logback Nacos logging from classpath:nacos-logback.xml
2025-11-05 12:04:19.418 [main] INFO  c.q.x.u.r.biz.XiaohashuUserRelationBizApplication - The following 1 profile is active: "dev"
2025-11-05 12:04:19.761 [main] WARN  org.mybatis.spring.mapper.ClassPathMapperScanner - No MyBatis mapper was found in '[com.quanxiaoha.xiaohashu.user.relation.biz.domain.mapper]' package. Please check your configuration.
2025-11-05 12:04:19.804 [main] INFO  o.springframework.cloud.context.scope.GenericScope - BeanFactory id=e256c4e2-7d5f-366b-9ce7-c3f49d778935
2025-11-05 12:04:20.052 [main] INFO  o.s.boot.web.embedded.tomcat.TomcatWebServer - Tomcat initialized with port(s): 0 (http)
2025-11-05 12:04:20.058 [main] INFO  org.apache.catalina.core.StandardService - Starting service [Tomcat]
2025-11-05 12:04:20.059 [main] INFO  org.apache.catalina.core.StandardEngine - Starting Servlet engine: [Apache Tomcat/10.1.5]
2025-11-05 12:04:20.124 [main] INFO  o.a.c.core.ContainerBase.[Tomcat].[localhost].[/] - Initializing Spring embedded WebApplicationContext
2025-11-05 12:04:20.124 [main] INFO  o.s.b.w.s.c.ServletWebServerApplicationContext - Root WebApplicationContext: initialization completed in 692 ms
2025-11-05 12:04:21.479 [main] INFO  org.springframework.cloud.commons.util.InetUtils - Cannot determine local hostname
2025-11-05 12:04:21.683 [main] INFO  c.a.d.s.b.a.DruidDataSourceAutoConfigure - Init DruidDataSource
2025-11-05 12:04:21.845 [main] INFO  com.alibaba.druid.pool.DruidDataSource - {dataSource-1} inited
2025-11-05 12:04:23.108 [main] INFO  org.springframework.cloud.commons.util.InetUtils - Cannot determine local hostname
2025-11-05 12:04:23.165 [main] INFO  o.s.boot.web.embedded.tomcat.TomcatWebServer - Tomcat started on port(s): 1165 (http) with context path ''
2025-11-05 12:04:23.169 [main] WARN  com.alibaba.nacos.client.logging.NacosLogging - Load Logback Configuration of Nacos fail, message: Could not initialize Logback Nacos logging from classpath:nacos-logback.xml
2025-11-05 12:04:23.169 [main] INFO  com.alibaba.nacos.client.naming - initializer namespace from ans.namespace attribute : null
2025-11-05 12:04:23.169 [main] INFO  com.alibaba.nacos.client.naming - initializer namespace from ALIBABA_ALIWARE_NAMESPACE attribute :null
2025-11-05 12:04:23.170 [main] INFO  com.alibaba.nacos.client.naming - initializer namespace from namespace attribute :null
2025-11-05 12:04:23.183 [main] INFO  com.alibaba.nacos.client.utils.ParamUtil - [settings] [req-serv] nacos-server port:8848
2025-11-05 12:04:23.183 [main] INFO  com.alibaba.nacos.client.utils.ParamUtil - [settings] [http-client] connect timeout:1000
2025-11-05 12:04:23.184 [main] INFO  com.alibaba.nacos.client.utils.ParamUtil - PER_TASK_CONFIG_SIZE: 3000.0
2025-11-05 12:04:23.186 [main] INFO  c.a.n.p.auth.spi.client.ClientAuthPluginManager - [ClientAuthPluginManager] Load ClientAuthService com.alibaba.nacos.client.auth.impl.NacosClientAuthServiceImpl success.
2025-11-05 12:04:23.187 [main] INFO  c.a.n.p.auth.spi.client.ClientAuthPluginManager - [ClientAuthPluginManager] Load ClientAuthService com.alibaba.nacos.client.auth.ram.RamClientAuthServiceImpl success.
2025-11-05 12:04:23.189 [main] INFO  c.a.n.client.auth.ram.identify.CredentialWatcher - null No credential found
2025-11-05 12:04:23.193 [main] INFO  com.alibaba.nacos.common.remote.client - [RpcClientFactory] create a new rpc client of d691bf76-e38a-42a0-8fae-7ee78b506dc4
2025-11-05 12:04:23.203 [main] INFO  com.alibaba.nacos.common.remote.client - [d691bf76-e38a-42a0-8fae-7ee78b506dc4] RpcClient init, ServerListFactory = com.alibaba.nacos.client.naming.core.ServerListManager
2025-11-05 12:04:23.203 [main] INFO  com.alibaba.nacos.common.remote.client - [d691bf76-e38a-42a0-8fae-7ee78b506dc4] Registry connection listener to current client:com.alibaba.nacos.client.naming.remote.gprc.redo.NamingGrpcRedoService
2025-11-05 12:04:23.204 [main] INFO  com.alibaba.nacos.common.remote.client - [d691bf76-e38a-42a0-8fae-7ee78b506dc4] Register server push request handler:com.alibaba.nacos.client.naming.remote.gprc.NamingPushRequestHandler
2025-11-05 12:04:23.205 [main] INFO  com.alibaba.nacos.common.remote.client - [d691bf76-e38a-42a0-8fae-7ee78b506dc4] Try to connect to server on start up, server: {serverIp = '127.0.0.1', server main port = 8848}
2025-11-05 12:04:23.225 [main] INFO  c.a.nacos.common.remote.client.grpc.GrpcClient - grpc client connection server:127.0.0.1 ip,serverPort:9848,grpcTslConfig:{"sslProvider":"OPENSSL","enableTls":false,"mutualAuthEnable":false,"trustAll":false}
2025-11-05 12:04:23.938 [main] INFO  com.alibaba.nacos.common.remote.client - [d691bf76-e38a-42a0-8fae-7ee78b506dc4] Success to connect to server [127.0.0.1:8848] on start up, connectionId = 1762315463742_127.0.0.1_1166
2025-11-05 12:04:23.939 [com.alibaba.nacos.client.remote.worker] INFO  com.alibaba.nacos.common.remote.client - [d691bf76-e38a-42a0-8fae-7ee78b506dc4] Notify connected event to listeners.
2025-11-05 12:04:23.940 [com.alibaba.nacos.client.remote.worker] INFO  com.alibaba.nacos.client.naming - Grpc connection connect
2025-11-05 12:04:23.941 [main] INFO  com.alibaba.nacos.common.remote.client - [d691bf76-e38a-42a0-8fae-7ee78b506dc4] Register server push request handler:com.alibaba.nacos.common.remote.client.RpcClient$ConnectResetRequestHandler
2025-11-05 12:04:23.943 [main] INFO  com.alibaba.nacos.common.remote.client - [d691bf76-e38a-42a0-8fae-7ee78b506dc4] Register server push request handler:com.alibaba.nacos.common.remote.client.RpcClient$$Lambda$1015/0x000001dd0169a870
2025-11-05 12:04:23.943 [main] INFO  com.alibaba.nacos.client.naming - [REGISTER-SERVICE] xiaohashu registering service xiaohashu-user-relation with instance Instance{instanceId='null', ip='192.168.134.1', port=1165, weight=1.0, healthy=true, enabled=true, ephemeral=true, clusterName='DEFAULT', serviceName='null', metadata={IPv6=null, preserved.register.source=SPRING_CLOUD}}
2025-11-05 12:04:23.965 [main] INFO  c.a.cloud.nacos.registry.NacosServiceRegistry - nacos registry, DEFAULT_GROUP xiaohashu-user-relation 192.168.134.1:1165 register finished
2025-11-05 12:04:25.123 [main] INFO  org.springframework.cloud.commons.util.InetUtils - Cannot determine local hostname
2025-11-05 12:04:25.129 [main] INFO  c.q.x.u.r.biz.XiaohashuUserRelationBizApplication - Started XiaohashuUserRelationBizApplication in 8.826 seconds (process running for 9.62)
2025-11-05 12:12:17.615 [main] WARN  com.alibaba.nacos.client.logging.NacosLogging - Load Logback Configuration of Nacos fail, message: Could not initialize Logback Nacos logging from classpath:nacos-logback.xml
2025-11-05 12:12:17.651 [main] WARN  com.alibaba.nacos.client.logging.NacosLogging - Load Logback Configuration of Nacos fail, message: Could not initialize Logback Nacos logging from classpath:nacos-logback.xml
2025-11-05 12:12:19.004 [main] WARN  com.alibaba.nacos.client.logging.NacosLogging - Load Logback Configuration of Nacos fail, message: Could not initialize Logback Nacos logging from classpath:nacos-logback.xml
2025-11-05 12:12:19.012 [main] WARN  com.alibaba.nacos.client.logging.NacosLogging - Load Logback Configuration of Nacos fail, message: Could not initialize Logback Nacos logging from classpath:nacos-logback.xml
2025-11-05 12:12:19.013 [main] INFO  c.q.x.u.r.biz.XiaohashuUserRelationBizApplication - The following 1 profile is active: "dev"
2025-11-05 12:12:19.339 [main] INFO  o.s.d.r.config.RepositoryConfigurationDelegate - Multiple Spring Data modules found, entering strict repository configuration mode
2025-11-05 12:12:19.341 [main] INFO  o.s.d.r.config.RepositoryConfigurationDelegate - Bootstrapping Spring Data Redis repositories in DEFAULT mode.
2025-11-05 12:12:19.358 [main] INFO  o.s.d.r.config.RepositoryConfigurationDelegate - Finished Spring Data repository scanning in 5 ms. Found 0 Redis repository interfaces.
2025-11-05 12:12:19.457 [main] INFO  o.springframework.cloud.context.scope.GenericScope - BeanFactory id=54213409-525a-3bfd-a115-2477bdb143b1
2025-11-05 12:12:19.702 [main] INFO  o.s.boot.web.embedded.tomcat.TomcatWebServer - Tomcat initialized with port(s): 0 (http)
2025-11-05 12:12:19.709 [main] INFO  org.apache.catalina.core.StandardService - Starting service [Tomcat]
2025-11-05 12:12:19.709 [main] INFO  org.apache.catalina.core.StandardEngine - Starting Servlet engine: [Apache Tomcat/10.1.5]
2025-11-05 12:12:19.783 [main] INFO  o.a.c.core.ContainerBase.[Tomcat].[localhost].[/] - Initializing Spring embedded WebApplicationContext
2025-11-05 12:12:19.783 [main] INFO  o.s.b.w.s.c.ServletWebServerApplicationContext - Root WebApplicationContext: initialization completed in 756 ms
2025-11-05 12:12:21.287 [main] INFO  org.springframework.cloud.commons.util.InetUtils - Cannot determine local hostname
2025-11-05 12:12:21.481 [main] INFO  c.a.d.s.b.a.DruidDataSourceAutoConfigure - Init DruidDataSource
2025-11-05 12:12:21.628 [main] INFO  com.alibaba.druid.pool.DruidDataSource - {dataSource-1} inited
2025-11-05 12:12:22.984 [main] INFO  org.springframework.cloud.commons.util.InetUtils - Cannot determine local hostname
2025-11-05 12:12:23.038 [main] INFO  o.s.boot.web.embedded.tomcat.TomcatWebServer - Tomcat started on port(s): 2283 (http) with context path ''
2025-11-05 12:12:23.042 [main] WARN  com.alibaba.nacos.client.logging.NacosLogging - Load Logback Configuration of Nacos fail, message: Could not initialize Logback Nacos logging from classpath:nacos-logback.xml
2025-11-05 12:12:23.042 [main] INFO  com.alibaba.nacos.client.naming - initializer namespace from ans.namespace attribute : null
2025-11-05 12:12:23.042 [main] INFO  com.alibaba.nacos.client.naming - initializer namespace from ALIBABA_ALIWARE_NAMESPACE attribute :null
2025-11-05 12:12:23.043 [main] INFO  com.alibaba.nacos.client.naming - initializer namespace from namespace attribute :null
2025-11-05 12:12:23.056 [main] INFO  com.alibaba.nacos.client.utils.ParamUtil - [settings] [req-serv] nacos-server port:8848
2025-11-05 12:12:23.057 [main] INFO  com.alibaba.nacos.client.utils.ParamUtil - [settings] [http-client] connect timeout:1000
2025-11-05 12:12:23.057 [main] INFO  com.alibaba.nacos.client.utils.ParamUtil - PER_TASK_CONFIG_SIZE: 3000.0
2025-11-05 12:12:23.060 [main] INFO  c.a.n.p.auth.spi.client.ClientAuthPluginManager - [ClientAuthPluginManager] Load ClientAuthService com.alibaba.nacos.client.auth.impl.NacosClientAuthServiceImpl success.
2025-11-05 12:12:23.060 [main] INFO  c.a.n.p.auth.spi.client.ClientAuthPluginManager - [ClientAuthPluginManager] Load ClientAuthService com.alibaba.nacos.client.auth.ram.RamClientAuthServiceImpl success.
2025-11-05 12:12:23.062 [main] INFO  c.a.n.client.auth.ram.identify.CredentialWatcher - null No credential found
2025-11-05 12:12:23.066 [main] INFO  com.alibaba.nacos.common.remote.client - [RpcClientFactory] create a new rpc client of daca59d8-ea64-4225-a1ca-3c12034b360c
2025-11-05 12:12:23.077 [main] INFO  com.alibaba.nacos.common.remote.client - [daca59d8-ea64-4225-a1ca-3c12034b360c] RpcClient init, ServerListFactory = com.alibaba.nacos.client.naming.core.ServerListManager
2025-11-05 12:12:23.077 [main] INFO  com.alibaba.nacos.common.remote.client - [daca59d8-ea64-4225-a1ca-3c12034b360c] Registry connection listener to current client:com.alibaba.nacos.client.naming.remote.gprc.redo.NamingGrpcRedoService
2025-11-05 12:12:23.077 [main] INFO  com.alibaba.nacos.common.remote.client - [daca59d8-ea64-4225-a1ca-3c12034b360c] Register server push request handler:com.alibaba.nacos.client.naming.remote.gprc.NamingPushRequestHandler
2025-11-05 12:12:23.079 [main] INFO  com.alibaba.nacos.common.remote.client - [daca59d8-ea64-4225-a1ca-3c12034b360c] Try to connect to server on start up, server: {serverIp = '127.0.0.1', server main port = 8848}
2025-11-05 12:12:23.102 [main] INFO  c.a.nacos.common.remote.client.grpc.GrpcClient - grpc client connection server:127.0.0.1 ip,serverPort:9848,grpcTslConfig:{"sslProvider":"OPENSSL","enableTls":false,"mutualAuthEnable":false,"trustAll":false}
2025-11-05 12:12:23.798 [main] INFO  com.alibaba.nacos.common.remote.client - [daca59d8-ea64-4225-a1ca-3c12034b360c] Success to connect to server [127.0.0.1:8848] on start up, connectionId = 1762315943631_127.0.0.1_2290
2025-11-05 12:12:23.799 [main] INFO  com.alibaba.nacos.common.remote.client - [daca59d8-ea64-4225-a1ca-3c12034b360c] Register server push request handler:com.alibaba.nacos.common.remote.client.RpcClient$ConnectResetRequestHandler
2025-11-05 12:12:23.799 [com.alibaba.nacos.client.remote.worker] INFO  com.alibaba.nacos.common.remote.client - [daca59d8-ea64-4225-a1ca-3c12034b360c] Notify connected event to listeners.
2025-11-05 12:12:23.800 [com.alibaba.nacos.client.remote.worker] INFO  com.alibaba.nacos.client.naming - Grpc connection connect
2025-11-05 12:12:23.800 [main] INFO  com.alibaba.nacos.common.remote.client - [daca59d8-ea64-4225-a1ca-3c12034b360c] Register server push request handler:com.alibaba.nacos.common.remote.client.RpcClient$$Lambda$1222/0x000001234d7693e8
2025-11-05 12:12:23.800 [main] INFO  com.alibaba.nacos.client.naming - [REGISTER-SERVICE] xiaohashu registering service xiaohashu-user-relation with instance Instance{instanceId='null', ip='192.168.134.1', port=2283, weight=1.0, healthy=true, enabled=true, ephemeral=true, clusterName='DEFAULT', serviceName='null', metadata={IPv6=null, preserved.register.source=SPRING_CLOUD}}
2025-11-05 12:12:23.811 [main] INFO  c.a.cloud.nacos.registry.NacosServiceRegistry - nacos registry, DEFAULT_GROUP xiaohashu-user-relation 192.168.134.1:2283 register finished
2025-11-05 12:12:24.962 [main] INFO  org.springframework.cloud.commons.util.InetUtils - Cannot determine local hostname
2025-11-05 12:12:24.971 [main] INFO  c.q.x.u.r.biz.XiaohashuUserRelationBizApplication - Started XiaohashuUserRelationBizApplication in 8.9 seconds (process running for 9.405)
2025-11-05 21:09:52.792 [main] WARN  com.alibaba.nacos.client.logging.NacosLogging - Load Logback Configuration of Nacos fail, message: Could not initialize Logback Nacos logging from classpath:nacos-logback.xml
2025-11-05 21:09:52.829 [main] WARN  com.alibaba.nacos.client.logging.NacosLogging - Load Logback Configuration of Nacos fail, message: Could not initialize Logback Nacos logging from classpath:nacos-logback.xml
2025-11-05 21:09:54.169 [main] WARN  com.alibaba.nacos.client.logging.NacosLogging - Load Logback Configuration of Nacos fail, message: Could not initialize Logback Nacos logging from classpath:nacos-logback.xml
2025-11-05 21:09:54.176 [main] WARN  com.alibaba.nacos.client.logging.NacosLogging - Load Logback Configuration of Nacos fail, message: Could not initialize Logback Nacos logging from classpath:nacos-logback.xml
2025-11-05 21:09:54.177 [main] INFO  c.q.x.u.r.biz.XiaohashuUserRelationBizApplication - The following 1 profile is active: "dev"
2025-11-05 21:09:54.521 [main] INFO  o.s.d.r.config.RepositoryConfigurationDelegate - Multiple Spring Data modules found, entering strict repository configuration mode
2025-11-05 21:09:54.522 [main] INFO  o.s.d.r.config.RepositoryConfigurationDelegate - Bootstrapping Spring Data Redis repositories in DEFAULT mode.
2025-11-05 21:09:54.533 [main] INFO  o.s.d.r.config.RepositoryConfigurationDelegate - Finished Spring Data repository scanning in 4 ms. Found 0 Redis repository interfaces.
2025-11-05 21:09:54.645 [main] INFO  o.springframework.cloud.context.scope.GenericScope - BeanFactory id=1c34131e-78ae-3505-8918-14114ff7f92f
2025-11-05 21:09:54.664 [main] INFO  o.s.c.s.PostProcessorRegistrationDelegate$BeanPostProcessorChecker - Bean 'com.quanxiaoha.xiaohashu.user.api.UserFeignApi' of type [org.springframework.cloud.openfeign.FeignClientFactoryBean] is not eligible for getting processed by all BeanPostProcessors (for example: not eligible for auto-proxying)
2025-11-05 21:09:54.917 [main] INFO  o.s.boot.web.embedded.tomcat.TomcatWebServer - Tomcat initialized with port(s): 0 (http)
2025-11-05 21:09:54.923 [main] INFO  org.apache.catalina.core.StandardService - Starting service [Tomcat]
2025-11-05 21:09:54.923 [main] INFO  org.apache.catalina.core.StandardEngine - Starting Servlet engine: [Apache Tomcat/10.1.5]
2025-11-05 21:09:54.997 [main] INFO  o.a.c.core.ContainerBase.[Tomcat].[localhost].[/] - Initializing Spring embedded WebApplicationContext
2025-11-05 21:09:54.997 [main] INFO  o.s.b.w.s.c.ServletWebServerApplicationContext - Root WebApplicationContext: initialization completed in 806 ms
2025-11-05 21:09:55.182 [main] INFO  o.s.cloud.openfeign.FeignClientFactoryBean - For 'xiaohashu-user' URL not provided. Will try picking an instance via load-balancing.
2025-11-05 21:09:56.559 [main] INFO  org.springframework.cloud.commons.util.InetUtils - Cannot determine local hostname
2025-11-05 21:09:56.762 [main] INFO  c.a.d.s.b.a.DruidDataSourceAutoConfigure - Init DruidDataSource
2025-11-05 21:09:56.908 [main] INFO  com.alibaba.druid.pool.DruidDataSource - {dataSource-1} inited
2025-11-05 21:09:58.243 [main] INFO  org.springframework.cloud.commons.util.InetUtils - Cannot determine local hostname
2025-11-05 21:09:58.255 [main] WARN  o.s.c.l.c.LoadBalancerCacheAutoConfiguration$LoadBalancerCaffeineWarnLogger - Spring Cloud LoadBalancer is currently working with the default cache. While this cache implementation is useful for development and tests, it's recommended to use Caffeine cache in production.You can switch to using Caffeine cache, by adding it and org.springframework.cache.caffeine.CaffeineCacheManager to the classpath.
2025-11-05 21:09:58.306 [main] INFO  o.s.boot.web.embedded.tomcat.TomcatWebServer - Tomcat started on port(s): 6868 (http) with context path ''
2025-11-05 21:09:58.309 [main] WARN  com.alibaba.nacos.client.logging.NacosLogging - Load Logback Configuration of Nacos fail, message: Could not initialize Logback Nacos logging from classpath:nacos-logback.xml
2025-11-05 21:09:58.309 [main] INFO  com.alibaba.nacos.client.naming - initializer namespace from ans.namespace attribute : null
2025-11-05 21:09:58.313 [main] INFO  com.alibaba.nacos.client.naming - initializer namespace from ALIBABA_ALIWARE_NAMESPACE attribute :null
2025-11-05 21:09:58.314 [main] INFO  com.alibaba.nacos.client.naming - initializer namespace from namespace attribute :null
2025-11-05 21:09:58.326 [main] INFO  com.alibaba.nacos.client.utils.ParamUtil - [settings] [req-serv] nacos-server port:8848
2025-11-05 21:09:58.326 [main] INFO  com.alibaba.nacos.client.utils.ParamUtil - [settings] [http-client] connect timeout:1000
2025-11-05 21:09:58.327 [main] INFO  com.alibaba.nacos.client.utils.ParamUtil - PER_TASK_CONFIG_SIZE: 3000.0
2025-11-05 21:09:58.329 [main] INFO  c.a.n.p.auth.spi.client.ClientAuthPluginManager - [ClientAuthPluginManager] Load ClientAuthService com.alibaba.nacos.client.auth.impl.NacosClientAuthServiceImpl success.
2025-11-05 21:09:58.329 [main] INFO  c.a.n.p.auth.spi.client.ClientAuthPluginManager - [ClientAuthPluginManager] Load ClientAuthService com.alibaba.nacos.client.auth.ram.RamClientAuthServiceImpl success.
2025-11-05 21:09:58.331 [main] INFO  c.a.n.client.auth.ram.identify.CredentialWatcher - null No credential found
2025-11-05 21:09:58.334 [main] INFO  com.alibaba.nacos.common.remote.client - [RpcClientFactory] create a new rpc client of 626d2aec-5556-4204-b5c0-75b963df299c
2025-11-05 21:09:58.345 [main] INFO  com.alibaba.nacos.common.remote.client - [626d2aec-5556-4204-b5c0-75b963df299c] RpcClient init, ServerListFactory = com.alibaba.nacos.client.naming.core.ServerListManager
2025-11-05 21:09:58.345 [main] INFO  com.alibaba.nacos.common.remote.client - [626d2aec-5556-4204-b5c0-75b963df299c] Registry connection listener to current client:com.alibaba.nacos.client.naming.remote.gprc.redo.NamingGrpcRedoService
2025-11-05 21:09:58.345 [main] INFO  com.alibaba.nacos.common.remote.client - [626d2aec-5556-4204-b5c0-75b963df299c] Register server push request handler:com.alibaba.nacos.client.naming.remote.gprc.NamingPushRequestHandler
2025-11-05 21:09:58.347 [main] INFO  com.alibaba.nacos.common.remote.client - [626d2aec-5556-4204-b5c0-75b963df299c] Try to connect to server on start up, server: {serverIp = '127.0.0.1', server main port = 8848}
2025-11-05 21:09:58.366 [main] INFO  c.a.nacos.common.remote.client.grpc.GrpcClient - grpc client connection server:127.0.0.1 ip,serverPort:9848,grpcTslConfig:{"sslProvider":"OPENSSL","enableTls":false,"mutualAuthEnable":false,"trustAll":false}
2025-11-05 21:09:59.033 [main] INFO  com.alibaba.nacos.common.remote.client - [626d2aec-5556-4204-b5c0-75b963df299c] Success to connect to server [127.0.0.1:8848] on start up, connectionId = 1762348198878_127.0.0.1_6870
2025-11-05 21:09:59.033 [main] INFO  com.alibaba.nacos.common.remote.client - [626d2aec-5556-4204-b5c0-75b963df299c] Register server push request handler:com.alibaba.nacos.common.remote.client.RpcClient$ConnectResetRequestHandler
2025-11-05 21:09:59.033 [com.alibaba.nacos.client.remote.worker] INFO  com.alibaba.nacos.common.remote.client - [626d2aec-5556-4204-b5c0-75b963df299c] Notify connected event to listeners.
2025-11-05 21:09:59.033 [com.alibaba.nacos.client.remote.worker] INFO  com.alibaba.nacos.client.naming - Grpc connection connect
2025-11-05 21:09:59.033 [main] INFO  com.alibaba.nacos.common.remote.client - [626d2aec-5556-4204-b5c0-75b963df299c] Register server push request handler:com.alibaba.nacos.common.remote.client.RpcClient$$Lambda$1264/0x00000211bd7b4f88
2025-11-05 21:09:59.034 [main] INFO  com.alibaba.nacos.client.naming - [REGISTER-SERVICE] xiaohashu registering service xiaohashu-user-relation with instance Instance{instanceId='null', ip='192.168.134.1', port=6868, weight=1.0, healthy=true, enabled=true, ephemeral=true, clusterName='DEFAULT', serviceName='null', metadata={IPv6=null, preserved.register.source=SPRING_CLOUD}}
2025-11-05 21:09:59.046 [main] INFO  c.a.cloud.nacos.registry.NacosServiceRegistry - nacos registry, DEFAULT_GROUP xiaohashu-user-relation 192.168.134.1:6868 register finished
2025-11-05 21:10:00.187 [main] INFO  org.springframework.cloud.commons.util.InetUtils - Cannot determine local hostname
2025-11-05 21:10:00.193 [main] INFO  c.q.x.u.r.biz.XiaohashuUserRelationBizApplication - Started XiaohashuUserRelationBizApplication in 8.932 seconds (process running for 9.532)
2025-11-05 21:14:24.488 [http-nio-auto-1-exec-1] INFO  org.springframework.web.servlet.DispatcherServlet - Initializing Servlet 'dispatcherServlet'
2025-11-05 21:14:24.492 [http-nio-auto-1-exec-1] INFO  org.springframework.web.servlet.DispatcherServlet - Completed initialization in 4 ms
2025-11-05 21:14:38.297 [http-nio-auto-1-exec-2] INFO  c.q.f.b.operationlog.aspect.ApiOperationLogAspect - ====== 请求开始: [关注用户], 入参: {"followUserId":11}, 请求类: RelationController, 请求方法: follow =================================== 
2025-11-05 21:14:38.444 [http-nio-auto-1-exec-2] INFO  com.alibaba.nacos.client.naming - [SUBSCRIBE-SERVICE] service:xiaohashu-user, group:DEFAULT_GROUP, clusters: 
2025-11-05 21:14:38.466 [http-nio-auto-1-exec-2] INFO  com.alibaba.nacos.client.naming - init new ips(1) service: DEFAULT_GROUP@@xiaohashu-user -> [{"ip":"192.168.134.1","port":6933,"weight":1.0,"healthy":true,"enabled":true,"ephemeral":true,"clusterName":"DEFAULT","serviceName":"DEFAULT_GROUP@@xiaohashu-user","metadata":{"preserved.register.source":"SPRING_CLOUD"},"ipDeleteTimeout":30000,"instanceHeartBeatTimeOut":15000,"instanceHeartBeatInterval":5000}]
2025-11-05 21:14:38.476 [http-nio-auto-1-exec-2] INFO  com.alibaba.nacos.client.naming - current ips:(1) service: DEFAULT_GROUP@@xiaohashu-user -> [{"ip":"192.168.134.1","port":6933,"weight":1.0,"healthy":true,"enabled":true,"ephemeral":true,"clusterName":"DEFAULT","serviceName":"DEFAULT_GROUP@@xiaohashu-user","metadata":{"preserved.register.source":"SPRING_CLOUD"},"ipDeleteTimeout":30000,"instanceHeartBeatTimeOut":15000,"instanceHeartBeatInterval":5000}]
2025-11-05 21:14:38.840 [http-nio-auto-1-exec-2] INFO  c.q.f.b.operationlog.aspect.ApiOperationLogAspect - ====== 请求结束: [关注用户], 耗时: 544ms, 出参: {"success":true,"message":null,"errorCode":null,"data":null} =================================== 
2025-11-05 21:14:39.073 [nacos-grpc-client-executor-127.0.0.1-76] INFO  com.alibaba.nacos.common.remote.client - [626d2aec-5556-4204-b5c0-75b963df299c] Receive server push request, request = NotifySubscriberRequest, requestId = 2
2025-11-05 21:14:39.075 [nacos-grpc-client-executor-127.0.0.1-76] INFO  com.alibaba.nacos.common.remote.client - [626d2aec-5556-4204-b5c0-75b963df299c] Ack server push request, request = NotifySubscriberRequest, requestId = 2
